
Merging object attributes


Discarded input sections

 .comment       0x00000000      0xbb7 obj/CNTAGION.o
 .note.GNU-stack
                0x00000000        0x0 obj/CNTAGION.o
 .init.weak_crt
                0x00000000       0x10 obj/CNTAGION.o
 .text          0x00000000        0x0 obj/crt0.o
 .data          0x00000000        0x0 obj/crt0.o
 .bss           0x00000000        0x0 obj/crt0.o

Memory Configuration

Name             Origin             Length             Attributes
prgm             0x00d1a87f         0x00400000
bss              0x00d052c6         0x0000ed12
*default*        0x00000000         0xffffffff

Linker script and memory map

                0x00d1a87f                        LOAD_ADDR = 0xd1a87f
                0x00d052c6                        BSSHEAP_LOW = 0xd052c6
                0x00d13fd8                        BSSHEAP_HIGH = 0xd13fd8
                0x00d1a87e                        STACK_HIGH = 0xd1a87e
                0x00000001                        __TICE__ = 0x1
                0x00d1a87f                        . = LOAD_ADDR

.header         0x00d1a87f      0x11d
 *(.header)
 .header        0x00d1a87f        0x3 obj/crt0.o
 *(.header.icon)
 .header.icon   0x00d1a882      0x11a obj/CNTAGION.o
                0x00d1a887                ___icon
                0x00d1a989                ___description

.init           0x00d1a99c      0x167
 *(.init)
 .init          0x00d1a99c      0x167 obj/crt0.o
                0x00d1a99c                __start
                0x00d1a9f9                __libload_library_FILEIOC
                0x00d1aa03                _ti_Open
                0x00d1aa07                _ti_Close
                0x00d1aa0b                _ti_Write
                0x00d1aa0f                _ti_Read
                0x00d1aa13                _ti_Delete
                0x00d1aa17                _ti_Seek
                0x00d1aa1b                _ti_GetSize
                0x00d1aa1f                __libload_library_GRAPHX
                0x00d1aa28                _gfx_Begin
                0x00d1aa2c                _gfx_End
                0x00d1aa30                _gfx_SetColor
                0x00d1aa34                _gfx_FillScreen
                0x00d1aa38                _gfx_SetDraw
                0x00d1aa3c                _gfx_SwapDraw
                0x00d1aa40                _gfx_PrintStringXY
                0x00d1aa44                _gfx_SetTextBGColor
                0x00d1aa48                _gfx_SetTextFGColor
                0x00d1aa4c                _gfx_SetTextTransparentColor
                0x00d1aa50                _gfx_GetStringWidth
                0x00d1aa54                _gfx_Line
                0x00d1aa58                _gfx_Circle
                0x00d1aa5c                _gfx_FillCircle
                0x00d1aa60                _gfx_Rectangle
                0x00d1aa64                _gfx_FillRectangle
                0x00d1aa68                _gfx_SetClipRegion
                0x00d1aa6c                _gfx_ScaledTransparentSprite_NoClip
                0x00d1aa70                _gfx_FillTriangle
                0x00d1aa74                _gfx_SetTextScale
                0x00d1aa78                _gfx_SetTransparentColor
                0x00d1aa7c                _gfx_SetTextConfig
                0x00d1aa80                __libload_library_KEYPADC
                0x00d1aa8a                _kb_Scan
                0x00d1aac7                ___exithl
                0x00d1aac8                _exit.sp

.text           0x00d1ab03     0xa005
 *(.text.unlikely .text.*_unlikely .text.unlikely.*)
 *(.text.exit .text.exit.*)
 *(.text.startup .text.startup.*)
 *(.text.hot .text.hot.*)
 *(SORT_BY_NAME(.text.sorted.*))
 *(.text .stub .text.* .gnu.linkonce.t.*)
 .text          0x00d1ab03      0x664 obj/CNTAGION.o
                0x00d1ab03                __land
                0x00d1ab07                __iand
                0x00d1ab1e                __bdivu
                0x00d1ab28                __bdvrmu
                0x00d1ab29                __bdvrmu.hijack_l_dividend
                0x00d1ab37                __bremu
                0x00d1ab42                __bshl
                0x00d1ab4b                __dcmp
                0x00d1aba9                __frameset
                0x00d1abb7                __frameset0
                0x00d1abc2                __ftod
                0x00d1ac0a                __idivs
                0x00d1ac11                __idivu
                0x00d1ac19                __idvrms
                0x00d1ac47                __idvrmu
                0x00d1ac4b                __idvrmu.hijack_a_iters_ude_dividend
                0x00d1ac61                __imulu
                0x00d1ac61                __imuls
                0x00d1ac91                __indcallhl
                0x00d1ac92                __ineg
                0x00d1ac92                __sneg
                0x00d1ac9b                __inot
                0x00d1ac9b                __snot
                0x00d1aca5                __iremu
                0x00d1acac                __ishl
                0x00d1acac                __sshl
                0x00d1acd2                __ishru
                0x00d1acd7                __ishrs
                0x00d1ad13                __ishru_1
                0x00d1ad21                __ladd
                0x00d1ad27                __lcmps
                0x00d1ad34                __lcmpu
                0x00d1ad3c                __lcmpzero
                0x00d1ad3c                __lequzero
                0x00d1ad47                __ldivu
                0x00d1ad51                __ldivu_lremu_common
                0x00d1ad79                __lladd
                0x00d1ad9d                __lland
                0x00d1add9                __llcmps
                0x00d1ae06                __llcmpu
                0x00d1ae30                __llequzero
                0x00d1ae30                __llcmpzero
                0x00d1ae45                __lldivu
                0x00d1ae59                __lldvrmu
                0x00d1ae60                __lldvrmu.hijack
                0x00d1aeb7                __llmulu
                0x00d1af0c                __llshl
                0x00d1af26                __llshru
                0x00d1af56                __llshrs
                0x00d1af92                __llxor
                0x00d1afce                __lmuls
                0x00d1afce                __lmulu
                0x00d1b02a                __lnot
                0x00d1b037                __lremu
                0x00d1b043                __lshl
                0x00d1b050                __lshrs
                0x00d1b06a                __lshru
                0x00d1b078                __lsub
                0x00d1b082                __lor
                0x00d1b086                __ior
                0x00d1b09d                __sand
                0x00d1b0a6                __sdivu
                0x00d1b0ae                __sdvrms_abs
                0x00d1b0ce                __sdvrmu
                0x00d1b0de                __setflag
                0x00d1b0e8                __smulu
                0x00d1b0e8                __smuls
                0x00d1b0fb                __sor
                0x00d1b104                __srems
                0x00d1b10f                __sremu
                0x00d1b116                __sshru
                0x00d1b123                __lxor
                0x00d1b127                __ixor
                0x00d1b13e                _memcpy
                0x00d1b15f                _srand
 .text._Owns    0x00d1b167       0x52 obj/CNTAGION.o
                0x00d1b167                _Owns
 .text._Eligible
                0x00d1b1b9       0xa2 obj/CNTAGION.o
                0x00d1b1b9                _Eligible
 .text._Purchase
                0x00d1b25b       0xe3 obj/CNTAGION.o
                0x00d1b25b                _Purchase
 .text._SetOwned
                0x00d1b33e       0x51 obj/CNTAGION.o
 .text._CanDevolve
                0x00d1b38f       0x96 obj/CNTAGION.o
                0x00d1b38f                _CanDevolve
 .text._Devolve
                0x00d1b425       0xb2 obj/CNTAGION.o
                0x00d1b425                _Devolve
 .text._CalculateEffects
                0x00d1b4d7      0x712 obj/CNTAGION.o
                0x00d1b4d7                _CalculateEffects
 .text._Level   0x00d1bbe9       0x3b obj/CNTAGION.o
 .text._Mutate  0x00d1bc24       0xda obj/CNTAGION.o
                0x00d1bc24                _Mutate
 .text._AwardDNA
                0x00d1bcfe      0x28f obj/CNTAGION.o
                0x00d1bcfe                _AwardDNA
 .text._EvaluateOutcome
                0x00d1bf8d       0x84 obj/CNTAGION.o
                0x00d1bf8d                _EvaluateOutcome
 .text._AdvanceDisease
                0x00d1c011      0x55e obj/CNTAGION.o
                0x00d1c011                _AdvanceDisease
 .text._ValidateDisease
                0x00d1c56f      0x443 obj/CNTAGION.o
                0x00d1c56f                _ValidateDisease
 .text._EvolutionMenu
                0x00d1c9b2     0x15f0 obj/CNTAGION.o
                0x00d1c9b2                _EvolutionMenu
 .text._StateSymbol
                0x00d1dfa2       0x65 obj/CNTAGION.o
 .text._RegionInfo
                0x00d1e007      0x315 obj/CNTAGION.o
                0x00d1e007                _RegionInfo
 .text._SporeMenu
                0x00d1e31c      0x25c obj/CNTAGION.o
                0x00d1e31c                _SporeMenu
 .text._ResultScreen
                0x00d1e578      0x2b7 obj/CNTAGION.o
                0x00d1e578                _ResultScreen
 .text._GameRandom
                0x00d1e82f       0x31 obj/CNTAGION.o
                0x00d1e82f                _GameRandom
 .text._ReadKey
                0x00d1e860       0xda obj/CNTAGION.o
                0x00d1e860                _ReadKey
 .text._ScannedKeyDown
                0x00d1e93a       0x2e obj/CNTAGION.o
 .text._ReleaseKeys
                0x00d1e968       0x13 obj/CNTAGION.o
                0x00d1e968                _ReleaseKeys
 .text._WaitKey
                0x00d1e97b        0xe obj/CNTAGION.o
                0x00d1e97b                _WaitKey
 .text._EndModal
                0x00d1e989       0x11 obj/CNTAGION.o
                0x00d1e989                _EndModal
 .text._MenuMove
                0x00d1e99a       0x52 obj/CNTAGION.o
                0x00d1e99a                _MenuMove
 .text._MenuItem
                0x00d1e9ec       0x7e obj/CNTAGION.o
                0x00d1e9ec                _MenuItem
 .text._Text    0x00d1ea6a       0x3e obj/CNTAGION.o
                0x00d1ea6a                _Text
 .text._ChooseMenu
                0x00d1eaa8      0x107 obj/CNTAGION.o
                0x00d1eaa8                _ChooseMenu
 .text._BeginScreen
                0x00d1ebaf       0x6d obj/CNTAGION.o
                0x00d1ebaf                _BeginScreen
 .text._WrapText
                0x00d1ec1c      0x127 obj/CNTAGION.o
                0x00d1ec1c                _WrapText
 .text._Message
                0x00d1ed43       0x67 obj/CNTAGION.o
                0x00d1ed43                _Message
 .text._ResetGameState
                0x00d1edaa       0xe3 obj/CNTAGION.o
                0x00d1edaa                _ResetGameState
 .text._UpdateSelectedRegion
                0x00d1ee8d      0x2a6 obj/CNTAGION.o
                0x00d1ee8d                _UpdateSelectedRegion
 .text._ActionsMenu
                0x00d1f133      0x257 obj/CNTAGION.o
                0x00d1f133                _ActionsMenu
 .text._SaveExit
                0x00d1f38a       0xa2 obj/CNTAGION.o
 .text._main    0x00d1f42c      0x853 obj/CNTAGION.o
                0x00d1f42c                _main
 .text._DrawMap
                0x00d1fc7f       0x74 obj/CNTAGION.o
 .text._Play    0x00d1fcf3      0x875 obj/CNTAGION.o
 .text._LoadData
                0x00d20568       0x56 obj/CNTAGION.o
                0x00d20568                _LoadData
 .text._ReadNamed
                0x00d205be       0xb0 obj/CNTAGION.o
 .text._FileRead
                0x00d2066e       0x31 obj/CNTAGION.o
 .text._FileWrite
                0x00d2069f       0x31 obj/CNTAGION.o
 .text._FileSeek
                0x00d206d0       0x2c obj/CNTAGION.o
 .text._SaveData
                0x00d206fc       0xfd obj/CNTAGION.o
                0x00d206fc                _SaveData
 .text._CopyNamed
                0x00d207f9      0x105 obj/CNTAGION.o
 .text._SaveSize
                0x00d208fe       0x77 obj/CNTAGION.o
                0x00d208fe                _SaveSize
 .text._EncodeSave
                0x00d20975      0x13a obj/CNTAGION.o
                0x00d20975                _EncodeSave
 .text._Header  0x00d20aaf       0xac obj/CNTAGION.o
 .text._State   0x00d20b5b      0x20f obj/CNTAGION.o
 .text._Geometry
                0x00d20d6a       0x69 obj/CNTAGION.o
 .text._Bytes   0x00d20dd3       0xbd obj/CNTAGION.o
 .text._Checksum
                0x00d20e90       0x4e obj/CNTAGION.o
 .text._U32     0x00d20ede       0xd2 obj/CNTAGION.o
 .text._U16     0x00d20fb0       0x55 obj/CNTAGION.o
 .text._U8      0x00d21005       0x1a obj/CNTAGION.o
 .text._ValidateSave
                0x00d2101f       0x1d obj/CNTAGION.o
                0x00d2101f                _ValidateSave
 .text._ReadSave
                0x00d2103c      0x761 obj/CNTAGION.o
 .text._DecodeSave
                0x00d2179d       0x40 obj/CNTAGION.o
                0x00d2179d                _DecodeSave
 .text._TickerInit
                0x00d217dd       0x44 obj/CNTAGION.o
                0x00d217dd                _TickerInit
 .text._TickerPost
                0x00d21821      0x210 obj/CNTAGION.o
                0x00d21821                _TickerPost
 .text._Remove  0x00d21a31       0x43 obj/CNTAGION.o
 .text._TickerText
                0x00d21a74      0x1d1 obj/CNTAGION.o
                0x00d21a74                _TickerText
 .text._TickerPrepare
                0x00d21c45       0x96 obj/CNTAGION.o
                0x00d21c45                _TickerPrepare
 .text._TickerUpdate
                0x00d21cdb      0x16a obj/CNTAGION.o
                0x00d21cdb                _TickerUpdate
 .text._TickerOffset
                0x00d21e45       0x88 obj/CNTAGION.o
                0x00d21e45                _TickerOffset
 .text._TickerObserve
                0x00d21ecd      0x392 obj/CNTAGION.o
                0x00d21ecd                _TickerObserve
 .text._TickerRender
                0x00d2225f       0xd3 obj/CNTAGION.o
                0x00d2225f                _TickerRender
 .text._RecountRegion
                0x00d22332       0xb9 obj/CNTAGION.o
                0x00d22332                _RecountRegion
 .text._CountWorld
                0x00d223eb       0xb8 obj/CNTAGION.o
                0x00d223eb                _CountWorld
 .text._SetCell
                0x00d224a3       0x97 obj/CNTAGION.o
                0x00d224a3                _SetCell
 .text._InfectCoordinate
                0x00d2253a       0xe5 obj/CNTAGION.o
                0x00d2253a                _InfectCoordinate
 .text._SeedRegion
                0x00d2261f       0xbc obj/CNTAGION.o
                0x00d2261f                _SeedRegion
 .text._StepRegion
                0x00d226db      0x192 obj/CNTAGION.o
                0x00d226db                _StepRegion
 .text._StepWorldRegion
                0x00d2286d       0xa4 obj/CNTAGION.o
                0x00d2286d                _StepWorldRegion
 .text._ValidPort
                0x00d22911       0xd8 obj/CNTAGION.o
                0x00d22911                _ValidPort
 .text._Transport
                0x00d229e9      0x2e2 obj/CNTAGION.o
                0x00d229e9                _Transport
 .text._Migrate
                0x00d22ccb      0x21d obj/CNTAGION.o
                0x00d22ccb                _Migrate
 .text._SporeBurst
                0x00d22ee8       0x9e obj/CNTAGION.o
                0x00d22ee8                _SporeBurst
 .text._ClosePorts
                0x00d22f86      0x14f obj/CNTAGION.o
                0x00d22f86                _ClosePorts
 .text._npf_vpprintf
                0x00d230d5     0x1775 obj/CNTAGION.o
                0x00d230d5                _npf_vpprintf
 .text._NPF_PUTC_IMPL
                0x00d2484a       0x2d obj/CNTAGION.o
 .text._npf_utoa_rev
                0x00d24877       0xe6 obj/CNTAGION.o
 .text._vsnprintf
                0x00d2495d       0x88 obj/CNTAGION.o
                0x00d2495d                _vsnprintf
 .text._npf_bufputc
                0x00d249e5       0x25 obj/CNTAGION.o
 .text._npf_bufputc_nop
                0x00d24a0a        0x7 obj/CNTAGION.o
 .text._snprintf
                0x00d24a11       0x28 obj/CNTAGION.o
                0x00d24a11                _snprintf
 .text.__bctlz  0x00d24a39       0x22 obj/CNTAGION.o
                0x00d24a39                __bctlz
 .text.__sctlz  0x00d24a5b        0xc obj/CNTAGION.o
                0x00d24a5b                __sctlz
 .text.__ictlz  0x00d24a67       0x12 obj/CNTAGION.o
                0x00d24a67                __ictlz
 .text.__llctlz
                0x00d24a79        0xe obj/CNTAGION.o
                0x00d24a79                __llctlz
 .text.__i48ctlz
                0x00d24a87       0x15 obj/CNTAGION.o
                0x00d24a87                __i48ctlz
 .text._random  0x00d24a9c       0x55 obj/CNTAGION.o
                0x00d24a9c                _random
 .text._srandom
                0x00d24af1       0x17 obj/CNTAGION.o
                0x00d24af1                _srandom
                0x00d24af8                __setstate
 *(.gnu.warning)

.rodata         0x00d24b08     0x1a50
 *(.rodata .rodata.* .gnu.linkonce.r.*)
 .rodata._SporeMenu
                0x00d24b08        0xc obj/CNTAGION.o
 .rodata._TickerText
                0x00d24b14       0x2a obj/CNTAGION.o
 .rodata._.str  0x00d24b3e        0xd obj/CNTAGION.o
 .rodata._.str.1
                0x00d24b4b        0xa obj/CNTAGION.o
 .rodata._.str.2
                0x00d24b55        0xb obj/CNTAGION.o
 .rodata._cure_thresholds
                0x00d24b60        0x4 obj/CNTAGION.o
 .rodata._.str.4
                0x00d24b64       0x1b obj/CNTAGION.o
 .rodata._categories
                0x00d24b7f        0x9 obj/CNTAGION.o
 .rodata._.str.1.5
                0x00d24b88        0x7 obj/CNTAGION.o
 .rodata._branch_labels
                0x00d24b8f       0x3f obj/CNTAGION.o
 .rodata._.str.2.6
                0x00d24bce        0x8 obj/CNTAGION.o
 .rodata._.str.3.7
                0x00d24bd6        0xb obj/CNTAGION.o
 .rodata._.str.4.8
                0x00d24be1        0x7 obj/CNTAGION.o
 .rodata._.str.5
                0x00d24be8       0x29 obj/CNTAGION.o
 .rodata._.str.6
                0x00d24c11       0x1e obj/CNTAGION.o
 .rodata._.str.7
                0x00d24c2f       0x12 obj/CNTAGION.o
 .rodata._first_node
                0x00d24c41        0x3 obj/CNTAGION.o
 .rodata._environments
                0x00d24c44       0x31 obj/CNTAGION.o
                0x00d24c44                _environments
 .rodata._.str.8
                0x00d24c75       0x21 obj/CNTAGION.o
 .rodata._.str.9
                0x00d24c96       0x11 obj/CNTAGION.o
 .rodata._.str.10
                0x00d24ca7       0x1d obj/CNTAGION.o
 .rodata._.str.11
                0x00d24cc4       0x12 obj/CNTAGION.o
 .rodata._.str.12
                0x00d24cd6       0x19 obj/CNTAGION.o
 .rodata._.str.13
                0x00d24cef       0x14 obj/CNTAGION.o
 .rodata._.str.14
                0x00d24d03        0xe obj/CNTAGION.o
 .rodata._.str.15
                0x00d24d11       0x1c obj/CNTAGION.o
 .rodata._.str.16
                0x00d24d2d       0x1f obj/CNTAGION.o
 .rodata._.str.19
                0x00d24d4c       0x14 obj/CNTAGION.o
 .rodata._.str.20
                0x00d24d60       0x19 obj/CNTAGION.o
 .rodata._.str.21
                0x00d24d79       0x1e obj/CNTAGION.o
 .rodata._.str.22
                0x00d24d97       0x26 obj/CNTAGION.o
 .rodata._.str.23
                0x00d24dbd       0x12 obj/CNTAGION.o
 .rodata._.str.24
                0x00d24dcf       0x21 obj/CNTAGION.o
 .rodata._.str.25
                0x00d24df0       0x17 obj/CNTAGION.o
 .rodata._.str.26
                0x00d24e07       0x19 obj/CNTAGION.o
 .rodata._.str.27
                0x00d24e20       0x20 obj/CNTAGION.o
 .rodata._.str.28
                0x00d24e40       0x20 obj/CNTAGION.o
 .rodata._.str.29
                0x00d24e60       0x19 obj/CNTAGION.o
 .rodata._.str.30
                0x00d24e79       0x25 obj/CNTAGION.o
 .rodata._.str.31
                0x00d24e9e       0x14 obj/CNTAGION.o
 .rodata._.str.32
                0x00d24eb2        0xf obj/CNTAGION.o
 .rodata._.str.33
                0x00d24ec1        0x8 obj/CNTAGION.o
 .rodata._.str.34
                0x00d24ec9       0x1c obj/CNTAGION.o
 .rodata._.str.35
                0x00d24ee5       0x25 obj/CNTAGION.o
 .rodata._.str.36
                0x00d24f0a       0x24 obj/CNTAGION.o
 .rodata._.str.37
                0x00d24f2e       0x1d obj/CNTAGION.o
 .rodata._.str.38
                0x00d24f4b       0x1d obj/CNTAGION.o
 .rodata._.str.39
                0x00d24f68       0x3c obj/CNTAGION.o
 .rodata._.str.40
                0x00d24fa4       0x1a obj/CNTAGION.o
 .rodata._.str.41
                0x00d24fbe        0xd obj/CNTAGION.o
 .rodata._.str.42
                0x00d24fcb        0x9 obj/CNTAGION.o
 .rodata._.str.43
                0x00d24fd4        0xa obj/CNTAGION.o
 .rodata._.str.44
                0x00d24fde        0x4 obj/CNTAGION.o
 .rodata._.str.45
                0x00d24fe2        0x6 obj/CNTAGION.o
 .rodata._.str.46
                0x00d24fe8        0x5 obj/CNTAGION.o
 .rodata._.str.47
                0x00d24fed        0x4 obj/CNTAGION.o
 .rodata._.str.48
                0x00d24ff1        0x7 obj/CNTAGION.o
 .rodata._.str.49
                0x00d24ff8        0x5 obj/CNTAGION.o
 .rodata._.str.50
                0x00d24ffd        0x6 obj/CNTAGION.o
 .rodata._.str.51
                0x00d25003        0xc obj/CNTAGION.o
 .rodata._.str.52
                0x00d2500f        0xa obj/CNTAGION.o
 .rodata._.str.53
                0x00d25019        0x9 obj/CNTAGION.o
 .rodata._.str.54
                0x00d25022        0x5 obj/CNTAGION.o
 .rodata._.str.55
                0x00d25027        0x5 obj/CNTAGION.o
 .rodata._.str.56
                0x00d2502c        0x8 obj/CNTAGION.o
 .rodata._.str.57
                0x00d25034        0x7 obj/CNTAGION.o
 .rodata._.str.58
                0x00d2503b        0x8 obj/CNTAGION.o
 .rodata._.str.59
                0x00d25043       0x12 obj/CNTAGION.o
 .rodata._.str.60
                0x00d25055       0x1c obj/CNTAGION.o
 .rodata._.str.61
                0x00d25071        0xa obj/CNTAGION.o
 .rodata._.str.62
                0x00d2507b        0x5 obj/CNTAGION.o
 .rodata._.str.63
                0x00d25080       0x24 obj/CNTAGION.o
 .rodata._.str.64
                0x00d250a4       0x11 obj/CNTAGION.o
 .rodata._.str.65
                0x00d250b5       0x12 obj/CNTAGION.o
 .rodata._.str.66
                0x00d250c7       0x15 obj/CNTAGION.o
 .rodata._.str.67
                0x00d250dc       0x1a obj/CNTAGION.o
 .rodata._reshuffle_reductions
                0x00d250f6        0x4 obj/CNTAGION.o
                0x00d250f6                _reshuffle_reductions
 .rodata._.str.68
                0x00d250fa       0x21 obj/CNTAGION.o
 .rodata._.str.69
                0x00d2511b       0x19 obj/CNTAGION.o
 .rodata._.str.70
                0x00d25134       0x1e obj/CNTAGION.o
 .rodata._.str.71
                0x00d25152       0x20 obj/CNTAGION.o
 .rodata._.str.72
                0x00d25172       0x21 obj/CNTAGION.o
 .rodata._.str.73
                0x00d25193       0x13 obj/CNTAGION.o
 .rodata._.str.74
                0x00d251a6        0x9 obj/CNTAGION.o
 .rodata._.str.75
                0x00d251af        0xa obj/CNTAGION.o
 .rodata._.str.76
                0x00d251b9        0xc obj/CNTAGION.o
 .rodata._.str.77
                0x00d251c5       0x12 obj/CNTAGION.o
 .rodata._.str.78
                0x00d251d7       0x13 obj/CNTAGION.o
 .rodata._.str.79
                0x00d251ea        0x5 obj/CNTAGION.o
 .rodata._.str.80
                0x00d251ef        0xf obj/CNTAGION.o
 .rodata._.str.81
                0x00d251fe       0x16 obj/CNTAGION.o
 .rodata._.str.82
                0x00d25214       0x10 obj/CNTAGION.o
 .rodata._.str.83
                0x00d25224        0xb obj/CNTAGION.o
 .rodata._.str.84
                0x00d2522f       0x1e obj/CNTAGION.o
 .rodata._.str.85
                0x00d2524d       0x15 obj/CNTAGION.o
 .rodata._.str.86
                0x00d25262        0x2 obj/CNTAGION.o
 .rodata._.str.1.87
                0x00d25264        0x2 obj/CNTAGION.o
 .rodata._.str.2.94
                0x00d25266       0x21 obj/CNTAGION.o
 .rodata._.str.3.95
                0x00d25287        0xc obj/CNTAGION.o
 .rodata._.str.4.98
                0x00d25293       0x15 obj/CNTAGION.o
 .rodata._.str.5.99
                0x00d252a8        0x7 obj/CNTAGION.o
 .rodata._.str.6.100
                0x00d252af        0xa obj/CNTAGION.o
 .rodata._.str.7.101
                0x00d252b9        0xf obj/CNTAGION.o
 .rodata._.str.8.103
                0x00d252c8       0x19 obj/CNTAGION.o
 .rodata._.str.9.102
                0x00d252e1       0x1a obj/CNTAGION.o
 .rodata._.str.10.104
                0x00d252fb       0x1d obj/CNTAGION.o
 .rodata._.str.11.105
                0x00d25318       0x1d obj/CNTAGION.o
 .rodata._.str.12.106
                0x00d25335       0x11 obj/CNTAGION.o
 .rodata._.str.13.107
                0x00d25346        0xc obj/CNTAGION.o
 .rodata._.str.14.108
                0x00d25352       0x10 obj/CNTAGION.o
 .rodata._.str.15.109
                0x00d25362        0xe obj/CNTAGION.o
 .rodata._.str.16.116
                0x00d25370       0x11 obj/CNTAGION.o
 .rodata._.str.17.117
                0x00d25381       0x29 obj/CNTAGION.o
 .rodata._.str.18.118
                0x00d253aa       0x5a obj/CNTAGION.o
 .rodata._.str.19.119
                0x00d25404        0x9 obj/CNTAGION.o
 .rodata._.str.20.120
                0x00d2540d        0x9 obj/CNTAGION.o
 .rodata._.str.21.121
                0x00d25416        0x8 obj/CNTAGION.o
 .rodata._.str.22.122
                0x00d2541e       0x1a obj/CNTAGION.o
 .rodata._SaveExit.choices
                0x00d25438        0x9 obj/CNTAGION.o
 .rodata._.str.23.114
                0x00d25441       0x14 obj/CNTAGION.o
 .rodata._.str.24.115
                0x00d25455        0xb obj/CNTAGION.o
 .rodata._.str.25.113
                0x00d25460       0x14 obj/CNTAGION.o
 .rodata._.str.26.110
                0x00d25474       0x21 obj/CNTAGION.o
 .rodata._SaveExit.confirm
                0x00d25495        0x6 obj/CNTAGION.o
 .rodata._.str.27.112
                0x00d2549b        0x8 obj/CNTAGION.o
 .rodata._.str.28.111
                0x00d254a3       0x1a obj/CNTAGION.o
 .rodata._InitializeMap.x
                0x00d254bd        0x7 obj/CNTAGION.o
 .rodata._InitializeMap.y
                0x00d254c4        0x7 obj/CNTAGION.o
 .rodata._map_sprites
                0x00d254cb       0x15 obj/CNTAGION.o
 .rodata._.str.36.143
                0x00d254e0       0x47 obj/CNTAGION.o
 .rodata._.str.37.144
                0x00d25527       0x59 obj/CNTAGION.o
 .rodata._.str.38.145
                0x00d25580       0x54 obj/CNTAGION.o
 .rodata.___const.StartGame.descriptions
                0x00d255d4        0x9 obj/CNTAGION.o
 .rodata._.str.39.123
                0x00d255dd       0x17 obj/CNTAGION.o
 .rodata._disease_names
                0x00d255f4        0x9 obj/CNTAGION.o
                0x00d255f4                _disease_names
 .rodata._.str.40.124
                0x00d255fd       0x1e obj/CNTAGION.o
 .rodata._.str.41.125
                0x00d2561b        0xe obj/CNTAGION.o
 .rodata._.str.42.131
                0x00d25629       0x29 obj/CNTAGION.o
 .rodata._.str.43.132
                0x00d25652       0x29 obj/CNTAGION.o
 .rodata._NameDisease.alphabet
                0x00d2567b       0x27 obj/CNTAGION.o
 .rodata._.str.44.126
                0x00d256a2       0x12 obj/CNTAGION.o
 .rodata._.str.45.127
                0x00d256b4        0x5 obj/CNTAGION.o
 .rodata._.str.46.128
                0x00d256b9       0x1e obj/CNTAGION.o
 .rodata._.str.47.129
                0x00d256d7       0x23 obj/CNTAGION.o
 .rodata._.str.48.130
                0x00d256fa        0x9 obj/CNTAGION.o
 .rodata._.str.49.137
                0x00d25703        0xc obj/CNTAGION.o
 .rodata._.str.50.138
                0x00d2570f       0x5d obj/CNTAGION.o
 .rodata._.str.51.133
                0x00d2576c       0x1f obj/CNTAGION.o
 .rodata._responses
                0x00d2578b        0xc obj/CNTAGION.o
 .rodata._.str.52.134
                0x00d25797       0x1b obj/CNTAGION.o
 .rodata._.str.53.135
                0x00d257b2       0x20 obj/CNTAGION.o
 .rodata._.str.54.136
                0x00d257d2       0x26 obj/CNTAGION.o
 .rodata._.str.55.139
                0x00d257f8        0xb obj/CNTAGION.o
 .rodata._.str.56.140
                0x00d25803        0xb obj/CNTAGION.o
 .rodata._.str.57.141
                0x00d2580e       0x12 obj/CNTAGION.o
 .rodata._.str.58.142
                0x00d25820       0x14 obj/CNTAGION.o
 .rodata._.str.155
                0x00d25834        0x7 obj/CNTAGION.o
 .rodata._.str.1.156
                0x00d2583b        0x8 obj/CNTAGION.o
 .rodata._.str.2.160
                0x00d25843        0x8 obj/CNTAGION.o
 .rodata._.str.3.161
                0x00d2584b        0x2 obj/CNTAGION.o
 .rodata._.str.4.157
                0x00d2584d        0x2 obj/CNTAGION.o
 .rodata._.str.164
                0x00d2584f        0x5 obj/CNTAGION.o
 .rodata._.str.215
                0x00d25854        0x1 obj/CNTAGION.o
 .rodata._.str.1.199
                0x00d25855       0x1c obj/CNTAGION.o
 .rodata._.str.2.200
                0x00d25871       0x20 obj/CNTAGION.o
 .rodata._.str.3.201
                0x00d25891       0x26 obj/CNTAGION.o
 .rodata._.str.4.202
                0x00d258b7       0x1a obj/CNTAGION.o
 .rodata._.str.5.203
                0x00d258d1       0x1c obj/CNTAGION.o
 .rodata._regions
                0x00d258ed       0x15 obj/CNTAGION.o
 .rodata._.str.6.204
                0x00d25902       0x23 obj/CNTAGION.o
 .rodata._.str.7.205
                0x00d25925       0x15 obj/CNTAGION.o
 .rodata._.str.8.206
                0x00d2593a       0x1d obj/CNTAGION.o
 .rodata._.str.9.207
                0x00d25957       0x23 obj/CNTAGION.o
 .rodata._.str.10.208
                0x00d2597a       0x22 obj/CNTAGION.o
 .rodata._.str.11.209
                0x00d2599c       0x22 obj/CNTAGION.o
 .rodata._.str.12.210
                0x00d259be       0x24 obj/CNTAGION.o
 .rodata._.str.13.211
                0x00d259e2       0x2e obj/CNTAGION.o
 .rodata._.str.14.212
                0x00d25a10       0x28 obj/CNTAGION.o
 .rodata._.str.15.213
                0x00d25a38       0x2a obj/CNTAGION.o
 .rodata._.str.16.214
                0x00d25a62       0x2e obj/CNTAGION.o
 .rodata._TickerObserve.affected
                0x00d25a90        0x9 obj/CNTAGION.o
 .rodata._TickerObserve.deaths
                0x00d25a99        0x6 obj/CNTAGION.o
 .rodata._.str.17.216
                0x00d25a9f        0x7 obj/CNTAGION.o
 .rodata._.str.18.217
                0x00d25aa6        0x5 obj/CNTAGION.o
 .rodata._.str.19.218
                0x00d25aab        0x7 obj/CNTAGION.o
 .rodata._.str.20.219
                0x00d25ab2        0xa obj/CNTAGION.o
 .rodata._.str.21.220
                0x00d25abc        0xe obj/CNTAGION.o
 .rodata._.str.22.221
                0x00d25aca        0xe obj/CNTAGION.o
 .rodata._.str.23.222
                0x00d25ad8        0x8 obj/CNTAGION.o
 .rodata._.str.231
                0x00d25ae0        0x6 obj/CNTAGION.o
 .rodata._.str.1.232
                0x00d25ae6       0x2f obj/CNTAGION.o
 .rodata._.str.2.233
                0x00d25b15        0x7 obj/CNTAGION.o
 .rodata._.str.3.234
                0x00d25b1c        0x8 obj/CNTAGION.o
 .rodata._.str.4.235
                0x00d25b24       0x31 obj/CNTAGION.o
 .rodata._.str.5.236
                0x00d25b55        0x9 obj/CNTAGION.o
 .rodata._.str.6.237
                0x00d25b5e        0xc obj/CNTAGION.o
 .rodata._.str.7.238
                0x00d25b6a       0x1f obj/CNTAGION.o
 .rodata._.str.8.239
                0x00d25b89        0xd obj/CNTAGION.o
 .rodata._.str.9.240
                0x00d25b96        0xa obj/CNTAGION.o
 .rodata._.str.10.241
                0x00d25ba0       0x1f obj/CNTAGION.o
 .rodata._.str.11.242
                0x00d25bbf        0xb obj/CNTAGION.o
 .rodata._.str.12.243
                0x00d25bca        0xa obj/CNTAGION.o
 .rodata._.str.13.244
                0x00d25bd4       0x1e obj/CNTAGION.o
 .rodata._.str.14.245
                0x00d25bf2        0xb obj/CNTAGION.o
 .rodata._.str.15.246
                0x00d25bfd        0x8 obj/CNTAGION.o
 .rodata._.str.16.247
                0x00d25c05       0x2a obj/CNTAGION.o
 .rodata._.str.17.248
                0x00d25c2f        0x9 obj/CNTAGION.o
 .rodata._.str.18.249
                0x00d25c38        0x8 obj/CNTAGION.o
 .rodata._.str.19.250
                0x00d25c40       0x29 obj/CNTAGION.o
 .rodata._.str.20.251
                0x00d25c69        0x9 obj/CNTAGION.o
 .rodata._.str.21.252
                0x00d25c72       0x14 obj/CNTAGION.o
 .rodata._.str.22.253
                0x00d25c86       0x1f obj/CNTAGION.o
 .rodata._.str.23.254
                0x00d25ca5       0x12 obj/CNTAGION.o
 .rodata._.str.24.255
                0x00d25cb7       0x2e obj/CNTAGION.o
 .rodata._.str.25.256
                0x00d25ce5       0x12 obj/CNTAGION.o
 .rodata._.str.26.257
                0x00d25cf7       0x23 obj/CNTAGION.o
 .rodata._.str.27.258
                0x00d25d1a        0x6 obj/CNTAGION.o
 .rodata._.str.28.259
                0x00d25d20       0x24 obj/CNTAGION.o
 .rodata._.str.29.260
                0x00d25d44        0x9 obj/CNTAGION.o
 .rodata._.str.30.261
                0x00d25d4d       0x24 obj/CNTAGION.o
 .rodata._.str.31.262
                0x00d25d71        0xa obj/CNTAGION.o
 .rodata._.str.32.263
                0x00d25d7b       0x20 obj/CNTAGION.o
 .rodata._.str.33.264
                0x00d25d9b       0x14 obj/CNTAGION.o
 .rodata._.str.34.265
                0x00d25daf       0x27 obj/CNTAGION.o
 .rodata._.str.35.266
                0x00d25dd6        0x7 obj/CNTAGION.o
 .rodata._.str.36.267
                0x00d25ddd        0x9 obj/CNTAGION.o
 .rodata._.str.37.268
                0x00d25de6        0x9 obj/CNTAGION.o
 .rodata._.str.38.269
                0x00d25def       0x12 obj/CNTAGION.o
 .rodata._.str.39.270
                0x00d25e01        0x5 obj/CNTAGION.o
 .rodata._.str.40.271
                0x00d25e06        0x6 obj/CNTAGION.o
 .rodata._.str.41.272
                0x00d25e0c       0x13 obj/CNTAGION.o
 .rodata._.str.42.273
                0x00d25e1f        0xe obj/CNTAGION.o
 .rodata._.str.43.274
                0x00d25e2d       0x12 obj/CNTAGION.o
 .rodata._.str.44.275
                0x00d25e3f       0x1c obj/CNTAGION.o
 .rodata._.str.45.276
                0x00d25e5b       0x13 obj/CNTAGION.o
 .rodata._.str.46.277
                0x00d25e6e       0x24 obj/CNTAGION.o
 .rodata._.str.47.278
                0x00d25e92       0x12 obj/CNTAGION.o
 .rodata._.str.48.279
                0x00d25ea4       0x1c obj/CNTAGION.o
 .rodata._.str.49.280
                0x00d25ec0       0x13 obj/CNTAGION.o
 .rodata._.str.50.281
                0x00d25ed3       0x24 obj/CNTAGION.o
 .rodata._.str.51.282
                0x00d25ef7       0x15 obj/CNTAGION.o
 .rodata._.str.52.283
                0x00d25f0c       0x22 obj/CNTAGION.o
 .rodata._.str.53.284
                0x00d25f2e       0x16 obj/CNTAGION.o
 .rodata._.str.54.285
                0x00d25f44       0x2a obj/CNTAGION.o
 .rodata._.str.55.286
                0x00d25f6e       0x14 obj/CNTAGION.o
 .rodata._.str.56.287
                0x00d25f82       0x1d obj/CNTAGION.o
 .rodata._.str.57.288
                0x00d25f9f       0x15 obj/CNTAGION.o
 .rodata._.str.58.289
                0x00d25fb4       0x1e obj/CNTAGION.o
 .rodata._.str.59.290
                0x00d25fd2       0x14 obj/CNTAGION.o
 .rodata._.str.60.291
                0x00d25fe6       0x28 obj/CNTAGION.o
 .rodata._.str.61.292
                0x00d2600e       0x15 obj/CNTAGION.o
 .rodata._.str.62.293
                0x00d26023       0x28 obj/CNTAGION.o
 *fill*         0x00d2604b        0x1 
 .rodata._traits
                0x00d2604c      0x35a obj/CNTAGION.o
                0x00d2604c                _traits
 .rodata._port_definitions
                0x00d263a6       0x84 obj/CNTAGION.o
                0x00d263a6                _port_definitions
 .rodata._neighbors
                0x00d2642a        0x7 obj/CNTAGION.o
 .rodata._spore_costs
                0x00d26431        0x3 obj/CNTAGION.o
                0x00d26431                _spore_costs
 .rodata._npf_vpprintf
                0x00d26434      0x102 obj/CNTAGION.o
 .rodata.libload
                0x00d26536       0x22 obj/crt0.o

.init_array     0x00d26558        0x0
                [!provide]                        PROVIDE (__init_array_start = .)
 *(.preinit_array)
 *(SORT_BY_INIT_PRIORITY(.init_array.*))
 *(.init_array)
                [!provide]                        PROVIDE (__init_array_end = .)

.fini_array     0x00d26558        0x0
                [!provide]                        PROVIDE (__fini_array_start = .)
 *(SORT_BY_INIT_PRIORITY(.fini_array.*))
 *(.fini_array)
                [!provide]                        PROVIDE (__fini_array_end = .)
                0x00d26558                        ___data_low = .

.data           0x00d26558     0x2a5b
 *(.data .data.* .gnu.linkonce.d.*)
 .data          0x00d26558       0x10 obj/CNTAGION.o
 .data._africa_data
                0x00d26568      0x75a obj/CNTAGION.o
                0x00d26568                _africa_data
 .data._asia_data
                0x00d26cc2      0xdf9 obj/CNTAGION.o
                0x00d26cc2                _asia_data
 .data._europe_data
                0x00d27abb      0x302 obj/CNTAGION.o
                0x00d27abb                _europe_data
 .data._greenland_data
                0x00d27dbd      0x152 obj/CNTAGION.o
                0x00d27dbd                _greenland_data
 .data._northamerica_data
                0x00d27f0f      0x7b2 obj/CNTAGION.o
                0x00d27f0f                _northamerica_data
 .data._oceania_data
                0x00d286c1      0x420 obj/CNTAGION.o
                0x00d286c1                _oceania_data
 .data._southamerica_data
                0x00d28ae1      0x4d2 obj/CNTAGION.o
                0x00d28ae1                _southamerica_data
 *(.data1)
                0x00d28fb3                        ___runprgm_reloc_start = .
 *(.runprgm.reloc)
                0x00d28fb3                        ___runprgm_reloc_end = .
                0x00d28fb3                        ___data_high = .
                0x00002a5b                        ___data_len = (___data_high - ___data_low)
                0x00d052c6                        . = BSSHEAP_LOW
                0x00d052c6                        ___bss_low = .

.bss            0x00d052c6      0x1e7
 *(.dynbss)
 *(.bss .bss.* .gnu.linkonce.b.*)
 .bss._canpress
                0x00d052c6        0x1 obj/CNTAGION.o
 .bss._connection
                0x00d052c7        0x1 obj/CNTAGION.o
 .bss._destination_port
                0x00d052c8        0x1 obj/CNTAGION.o
 .bss._source_port
                0x00d052c9        0x1 obj/CNTAGION.o
 .bss._disease  0x00d052ca       0x3a obj/CNTAGION.o
                0x00d052ca                _disease
 .bss._effects  0x00d05304       0x1c obj/CNTAGION.o
                0x00d05304                _effects
 .bss._session  0x00d05320        0x9 obj/CNTAGION.o
                0x00d05320                _session
 *fill*         0x00d05329        0x1 
 .bss._region   0x00d0532a       0x70 obj/CNTAGION.o
                0x00d0532a                _region
 .bss._port     0x00d0539a       0x84 obj/CNTAGION.o
                0x00d0539a                _port
 .bss._ticker   0x00d0541e       0x86 obj/CNTAGION.o
                0x00d0541e                _ticker
 .bss._pc_cnt.0
                0x00d054a4        0x3 obj/CNTAGION.o
 .bss._pc_cnt.1
                0x00d054a7        0x3 obj/CNTAGION.o
 .bss._pc_cnt.2
                0x00d054aa        0x3 obj/CNTAGION.o
 *(COMMON)
                0x00d054ad                        ___bss_high = .
                0x000001e7                        ___bss_len = (___bss_high - ___bss_low)
                0x00000001                        ASSERT ((. <= BSSHEAP_HIGH), Error: BSS exceed BSSHEAP_HIGH limit)
                0x00d054ad                        ___heap_low = .
                0x00d13fd8                        . = BSSHEAP_HIGH
                0x00d13fd8                        ___heap_high = .

.runprgm
 *(.runprgm.reloc)

.debug_info
 *(.debug_info .debug_info.*)

.debug_abbrev
 *(.debug_abbrev .debug_abbrev.*)

.debug_line
 *(.debug_line .debug_line.*)

.debug_line_str
 *(.debug_line_str .debug_line_str.*)

.debug_str
 *(.debug_str .debug_str.*)

.debug_str_offsets
 *(.debug_str_offsets .debug_str_offsets.*)

.debug_addr
 *(.debug_addr .debug_addr.*)

.debug_aranges
 *(.debug_aranges .debug_aranges.*)

.debug_ranges
 *(.debug_ranges .debug_ranges.*)

.debug_rnglists
 *(.debug_rnglists .debug_rnglists.*)

.debug_loc
 *(.debug_loc .debug_loc.*)

.debug_loclists
 *(.debug_loclists .debug_loclists.*)

.debug_frame
 *(.debug_frame .debug_frame.*)

.debug_macro
 *(.debug_macro .debug_macro.*)

.debug_macinfo
 *(.debug_macinfo .debug_macinfo.*)

.debug_names
 *(.debug_names .debug_names.*)

.debug_pubnames
 *(.debug_pubnames .debug_pubnames.*)

.debug_pubtypes
 *(.debug_pubtypes .debug_pubtypes.*)

.debug_types
 *(.debug_types .debug_types.*)

.debug_sup
 *(.debug_sup .debug_sup.*)

.debug_cu_index
 *(.debug_cu_index .debug_cu_index.*)

.debug_tu_index
 *(.debug_tu_index .debug_tu_index.*)

.gdb_index
 *(.gdb_index)

.debug_gdb_scripts
 *(.debug_gdb_scripts)

.debug_abbrev.dwo
 *(.debug_abbrev.dwo .debug_abbrev.dwo.*)

.debug_info.dwo
 *(.debug_info.dwo .debug_info.dwo.*)

.debug_line.dwo
 *(.debug_line.dwo .debug_line.dwo.*)

.debug_loclists.dwo
 *(.debug_loclists.dwo .debug_loclists.dwo.*)

.debug_macro.dwo
 *(.debug_macro.dwo .debug_macro.dwo.*)

.debug_rnglists.dwo
 *(.debug_rnglists.dwo .debug_rnglists.dwo.*)

.debug_str.dwo
 *(.debug_str.dwo .debug_str.dwo.*)

.debug_str_offsets.dwo
 *(.debug_str_offsets.dwo .debug_str_offsets.dwo.*)

.eh_frame
 *(.eh_frame)

.eh_frame_hdr
 *(.eh_frame_hdr)

/DISCARD/
 *(.comment)
 *(.note*)
                [!provide]                        PROVIDE (___runprgm_reloc_len = (___runprgm_reloc_end - ___runprgm_reloc_start))
LOAD obj/CNTAGION.o
LOAD obj/crt0.o
START GROUP
LOAD /tmp/contagion-cedev-mount/CEdev/lib/libc/allocator_standard.a
LOAD /tmp/contagion-cedev-mount/CEdev/lib/crt/libcrt.a
LOAD /tmp/contagion-cedev-mount/CEdev/lib/ce/libce.a
LOAD /tmp/contagion-cedev-mount/CEdev/lib/softfloat/libsoftfloat.a
LOAD /tmp/contagion-cedev-mount/CEdev/lib/libc/libc_os.a
LOAD /tmp/contagion-cedev-mount/CEdev/lib/libcxx/libcxx.a
END GROUP
OUTPUT(bin/CNTAGION.obj elf32-z80)
