
Merging object attributes


Discarded input sections

 .comment       0x00000000      0xd04 tests/cemu/artifacts/event-obj/CNTAGION.o
 .note.GNU-stack
                0x00000000        0x0 tests/cemu/artifacts/event-obj/CNTAGION.o
 .init.weak_crt
                0x00000000       0x10 tests/cemu/artifacts/event-obj/CNTAGION.o
 .text          0x00000000        0x0 tests/cemu/artifacts/event-obj/crt0.o
 .data          0x00000000        0x0 tests/cemu/artifacts/event-obj/crt0.o
 .bss           0x00000000        0x0 tests/cemu/artifacts/event-obj/crt0.o

Memory Configuration

Name             Origin             Length             Attributes
prgm             0x00d1a87f         0x00400000
bss              0x00d052c6         0x0000ed12
*default*        0x00000000         0xffffffff

Linker script and memory map

                0x00d1a87f                        LOAD_ADDR = 0xd1a87f
                0x00d052c6                        BSSHEAP_LOW = 0xd052c6
                0x00d13fd8                        BSSHEAP_HIGH = 0xd13fd8
                0x00d1a87e                        STACK_HIGH = 0xd1a87e
                0x00000001                        __TICE__ = 0x1
                0x00d1a87f                        . = LOAD_ADDR

.header         0x00d1a87f      0x11d
 *(.header)
 .header        0x00d1a87f        0x3 tests/cemu/artifacts/event-obj/crt0.o
 *(.header.icon)
 .header.icon   0x00d1a882      0x11a tests/cemu/artifacts/event-obj/CNTAGION.o
                0x00d1a887                ___icon
                0x00d1a989                ___description

.init           0x00d1a99c      0x153
 *(.init)
 .init          0x00d1a99c      0x153 tests/cemu/artifacts/event-obj/crt0.o
                0x00d1a99c                __start
                0x00d1a9f9                __libload_library_FILEIOC
                0x00d1aa03                _ti_Open
                0x00d1aa07                _ti_Close
                0x00d1aa0b                _ti_Write
                0x00d1aa0f                _ti_Read
                0x00d1aa13                _ti_Delete
                0x00d1aa17                _ti_Seek
                0x00d1aa1b                _ti_GetSize
                0x00d1aa1f                __libload_library_GRAPHX
                0x00d1aa28                _gfx_Begin
                0x00d1aa2c                _gfx_SetColor
                0x00d1aa30                _gfx_FillScreen
                0x00d1aa34                _gfx_SetDraw
                0x00d1aa38                _gfx_SwapDraw
                0x00d1aa3c                _gfx_PrintStringXY
                0x00d1aa40                _gfx_SetTextBGColor
                0x00d1aa44                _gfx_SetTextFGColor
                0x00d1aa48                _gfx_SetTextTransparentColor
                0x00d1aa4c                _gfx_GetStringWidth
                0x00d1aa50                _gfx_Line
                0x00d1aa54                _gfx_Circle
                0x00d1aa58                _gfx_FillCircle
                0x00d1aa5c                _gfx_Rectangle
                0x00d1aa60                _gfx_FillRectangle
                0x00d1aa64                _gfx_SetTextScale
                0x00d1aa68                _gfx_SetTransparentColor
                0x00d1aa6c                __libload_library_KEYPADC
                0x00d1aa76                _kb_Scan
                0x00d1aab3                ___exithl
                0x00d1aab4                _exit.sp

.text           0x00d1aaef     0xb0a5
 *(.text.unlikely .text.*_unlikely .text.unlikely.*)
 *(.text.exit .text.exit.*)
 *(.text.startup .text.startup.*)
 *(.text.hot .text.hot.*)
 *(SORT_BY_NAME(.text.sorted.*))
 *(.text .stub .text.* .gnu.linkonce.t.*)
 .text          0x00d1aaef      0x6aa tests/cemu/artifacts/event-obj/CNTAGION.o
                0x00d1aaef                __land
                0x00d1aaf3                __iand
                0x00d1ab0a                __bdvrmu
                0x00d1ab0b                __bdvrmu.hijack_l_dividend
                0x00d1ab19                __brems
                0x00d1ab27                __bshl
                0x00d1ab30                __bshru
                0x00d1ab3a                __dcmp
                0x00d1ab98                __frameset
                0x00d1aba6                __frameset0
                0x00d1abb1                __ftod
                0x00d1abf9                __idivs
                0x00d1ac00                __idivu
                0x00d1ac08                __idvrms
                0x00d1ac36                __idvrmu
                0x00d1ac3a                __idvrmu.hijack_a_iters_ude_dividend
                0x00d1ac50                __imulu
                0x00d1ac50                __imuls
                0x00d1ac80                __indcallhl
                0x00d1ac81                __ineg
                0x00d1ac81                __sneg
                0x00d1ac8a                __iremu
                0x00d1ac91                __ishl
                0x00d1ac91                __sshl
                0x00d1acb7                __ishru
                0x00d1acbc                __ishrs
                0x00d1acf8                __ishru_1
                0x00d1ad06                __ladd
                0x00d1ad0c                __lcmps
                0x00d1ad19                __lcmpu
                0x00d1ad21                __lequzero
                0x00d1ad21                __lcmpzero
                0x00d1ad2c                __ldivs
                0x00d1ad44                __ldivs_lrems_common
                0x00d1ad55                __ldivu
                0x00d1ad5f                __ldivu_lremu_common
                0x00d1ad87                __lladd
                0x00d1adab                __lland
                0x00d1ade7                __llcmps
                0x00d1ae14                __llcmpu
                0x00d1ae3e                __llequzero
                0x00d1ae3e                __llcmpzero
                0x00d1ae53                __lldivu
                0x00d1ae67                __lldvrmu
                0x00d1ae6e                __lldvrmu.hijack
                0x00d1aec5                __llmulu
                0x00d1af1a                __llshl
                0x00d1af34                __llshru
                0x00d1af64                __llshrs
                0x00d1afa0                __llxor
                0x00d1afdc                __lmuls
                0x00d1afdc                __lmulu
                0x00d1b038                __lneg
                0x00d1b045                __lnot
                0x00d1b052                __lremu
                0x00d1b05e                __lshl
                0x00d1b06b                __lshrs
                0x00d1b085                __lshru
                0x00d1b093                __lsub
                0x00d1b09d                __lor
                0x00d1b0a1                __ior
                0x00d1b0b8                __sand
                0x00d1b0c1                __sdivu
                0x00d1b0c9                __sdvrms_abs
                0x00d1b0e9                __sdvrmu
                0x00d1b0f9                __setflag
                0x00d1b103                __smuls
                0x00d1b103                __smulu
                0x00d1b116                __sor
                0x00d1b11f                __srems
                0x00d1b12a                __sremu
                0x00d1b131                __sshru
                0x00d1b13e                __lxor
                0x00d1b142                __ixor
                0x00d1b159                __bdvrms_abs
                0x00d1b15a                __bdvrms_abs.hijack_a_l_dividend
                0x00d1b170                _memcpy
                0x00d1b191                _srand
 .text._Owns    0x00d1b199       0x52 tests/cemu/artifacts/event-obj/CNTAGION.o
                0x00d1b199                _Owns
 .text._Eligible
                0x00d1b1eb       0xa2 tests/cemu/artifacts/event-obj/CNTAGION.o
                0x00d1b1eb                _Eligible
 .text._Purchase
                0x00d1b28d       0xe3 tests/cemu/artifacts/event-obj/CNTAGION.o
                0x00d1b28d                _Purchase
 .text._SetOwned
                0x00d1b370       0x51 tests/cemu/artifacts/event-obj/CNTAGION.o
 .text._CanDevolve
                0x00d1b3c1       0x96 tests/cemu/artifacts/event-obj/CNTAGION.o
                0x00d1b3c1                _CanDevolve
 .text._Devolve
                0x00d1b457       0xb2 tests/cemu/artifacts/event-obj/CNTAGION.o
                0x00d1b457                _Devolve
 .text._TransmissionContribution
                0x00d1b509      0x14c tests/cemu/artifacts/event-obj/CNTAGION.o
                0x00d1b509                _TransmissionContribution
 .text._Level   0x00d1b655       0x3b tests/cemu/artifacts/event-obj/CNTAGION.o
 .text._CalculateEffects
                0x00d1b690      0x6f6 tests/cemu/artifacts/event-obj/CNTAGION.o
                0x00d1b690                _CalculateEffects
 .text._EvaluateOutcome
                0x00d1bd86       0x84 tests/cemu/artifacts/event-obj/CNTAGION.o
                0x00d1bd86                _EvaluateOutcome
 .text._ValidateDisease
                0x00d1be0a      0x443 tests/cemu/artifacts/event-obj/CNTAGION.o
                0x00d1be0a                _ValidateDisease
 .text._WorldEventsMenu
                0x00d1c24d      0x950 tests/cemu/artifacts/event-obj/CNTAGION.o
                0x00d1c24d                _WorldEventsMenu
 .text._EventsOccurred
                0x00d1cb9d       0x3e tests/cemu/artifacts/event-obj/CNTAGION.o
                0x00d1cb9d                _EventsOccurred
 .text._EventsInit
                0x00d1cbdb       0xb8 tests/cemu/artifacts/event-obj/CNTAGION.o
                0x00d1cbdb                _EventsInit
 .text._EventsValidate
                0x00d1cc93      0x384 tests/cemu/artifacts/event-obj/CNTAGION.o
                0x00d1cc93                _EventsValidate
 .text._EventsEligible
                0x00d1d017      0x329 tests/cemu/artifacts/event-obj/CNTAGION.o
                0x00d1d017                _EventsEligible
 .text._Capable
                0x00d1d340       0x3a tests/cemu/artifacts/event-obj/CNTAGION.o
 .text._EventsRefreshTraits
                0x00d1d37a       0xb4 tests/cemu/artifacts/event-obj/CNTAGION.o
                0x00d1d37a                _EventsRefreshTraits
 .text._EventsAdvance
                0x00d1d42e      0x728 tests/cemu/artifacts/event-obj/CNTAGION.o
                0x00d1d42e                _EventsAdvance
 .text._RandomEvent
                0x00d1db56       0x61 tests/cemu/artifacts/event-obj/CNTAGION.o
 .text._EventAmount
                0x00d1dbb7       0x46 tests/cemu/artifacts/event-obj/CNTAGION.o
                0x00d1dbb7                _EventAmount
 .text._EventsApply
                0x00d1dbfd      0x874 tests/cemu/artifacts/event-obj/CNTAGION.o
                0x00d1dbfd                _EventsApply
 .text._EvolutionMenu
                0x00d1e471     0x1702 tests/cemu/artifacts/event-obj/CNTAGION.o
                0x00d1e471                _EvolutionMenu
 .text._StateSymbol
                0x00d1fb73       0x65 tests/cemu/artifacts/event-obj/CNTAGION.o
 .text._RegionInfo
                0x00d1fbd8      0x315 tests/cemu/artifacts/event-obj/CNTAGION.o
                0x00d1fbd8                _RegionInfo
 .text._SporeMenu
                0x00d1feed      0x25c tests/cemu/artifacts/event-obj/CNTAGION.o
                0x00d1feed                _SporeMenu
 .text._LoadData
                0x00d20149       0x4a tests/cemu/artifacts/event-obj/CNTAGION.o
                0x00d20149                _LoadData
 .text._ReadNamed
                0x00d20193       0xb8 tests/cemu/artifacts/event-obj/CNTAGION.o
 .text._FileRead
                0x00d2024b       0x31 tests/cemu/artifacts/event-obj/CNTAGION.o
 .text._FileWrite
                0x00d2027c       0x31 tests/cemu/artifacts/event-obj/CNTAGION.o
 .text._FileSeek
                0x00d202ad       0x2c tests/cemu/artifacts/event-obj/CNTAGION.o
 .text._HasLegacySave
                0x00d202d9       0x28 tests/cemu/artifacts/event-obj/CNTAGION.o
                0x00d202d9                _HasLegacySave
 .text._ReadLegacyNamed
                0x00d20301       0xb0 tests/cemu/artifacts/event-obj/CNTAGION.o
 .text._ImportLegacySave
                0x00d203b1      0x1a0 tests/cemu/artifacts/event-obj/CNTAGION.o
                0x00d203b1                _ImportLegacySave
 .text._SaveData
                0x00d20551      0x103 tests/cemu/artifacts/event-obj/CNTAGION.o
                0x00d20551                _SaveData
 .text._CopyNamed
                0x00d20654      0x105 tests/cemu/artifacts/event-obj/CNTAGION.o
 .text._SaveSize
                0x00d20759       0x77 tests/cemu/artifacts/event-obj/CNTAGION.o
                0x00d20759                _SaveSize
 .text._EncodeSave
                0x00d207d0       0xf2 tests/cemu/artifacts/event-obj/CNTAGION.o
                0x00d207d0                _EncodeSave
 .text._Header  0x00d208c2       0xa0 tests/cemu/artifacts/event-obj/CNTAGION.o
 .text._State   0x00d20962      0x20f tests/cemu/artifacts/event-obj/CNTAGION.o
 .text._WriteMap
                0x00d20b71       0x74 tests/cemu/artifacts/event-obj/CNTAGION.o
 .text._Geometry
                0x00d20be5       0x69 tests/cemu/artifacts/event-obj/CNTAGION.o
 .text._Bytes   0x00d20c4e       0xbd tests/cemu/artifacts/event-obj/CNTAGION.o
 .text._Checksum
                0x00d20d0b       0x4e tests/cemu/artifacts/event-obj/CNTAGION.o
 .text._U32     0x00d20d59       0xd2 tests/cemu/artifacts/event-obj/CNTAGION.o
 .text._U16     0x00d20e2b       0x55 tests/cemu/artifacts/event-obj/CNTAGION.o
 .text._U8      0x00d20e80       0x1a tests/cemu/artifacts/event-obj/CNTAGION.o
 .text._ValidateSave
                0x00d20e9a       0x1d tests/cemu/artifacts/event-obj/CNTAGION.o
                0x00d20e9a                _ValidateSave
 .text._ReadSave
                0x00d20eb7      0x1b9 tests/cemu/artifacts/event-obj/CNTAGION.o
 .text._ReadMap
                0x00d21070      0x342 tests/cemu/artifacts/event-obj/CNTAGION.o
 .text._DecodeSave
                0x00d213b2       0x40 tests/cemu/artifacts/event-obj/CNTAGION.o
                0x00d213b2                _DecodeSave
 .text._SaveSizeV3
                0x00d213f2       0x19 tests/cemu/artifacts/event-obj/CNTAGION.o
                0x00d213f2                _SaveSizeV3
 .text._EncodeSaveV3
                0x00d2140b      0x1da tests/cemu/artifacts/event-obj/CNTAGION.o
                0x00d2140b                _EncodeSaveV3
 .text._EventState
                0x00d215e5       0xd3 tests/cemu/artifacts/event-obj/CNTAGION.o
 .text._ValidateSaveV3
                0x00d216b8       0x1e tests/cemu/artifacts/event-obj/CNTAGION.o
                0x00d216b8                _ValidateSaveV3
 .text._ReadSaveV3
                0x00d216d6      0x31e tests/cemu/artifacts/event-obj/CNTAGION.o
 .text._DecodeSaveV3
                0x00d219f4       0x45 tests/cemu/artifacts/event-obj/CNTAGION.o
                0x00d219f4                _DecodeSaveV3
 .text._TickerInit
                0x00d21a39       0x44 tests/cemu/artifacts/event-obj/CNTAGION.o
                0x00d21a39                _TickerInit
 .text._TickerPost
                0x00d21a7d      0x274 tests/cemu/artifacts/event-obj/CNTAGION.o
                0x00d21a7d                _TickerPost
 .text._Remove  0x00d21cf1       0x43 tests/cemu/artifacts/event-obj/CNTAGION.o
 .text._RecountRegion
                0x00d21d34       0xb9 tests/cemu/artifacts/event-obj/CNTAGION.o
                0x00d21d34                _RecountRegion
 .text._SetCell
                0x00d21ded       0x97 tests/cemu/artifacts/event-obj/CNTAGION.o
                0x00d21ded                _SetCell
 .text._SeedRegion
                0x00d21e84       0xbc tests/cemu/artifacts/event-obj/CNTAGION.o
                0x00d21e84                _SeedRegion
 .text._SporeBurst
                0x00d21f40       0x9e tests/cemu/artifacts/event-obj/CNTAGION.o
                0x00d21f40                _SporeBurst
 .text._GameRandom
                0x00d21fde       0x31 tests/cemu/artifacts/event-obj/CNTAGION.o
                0x00d21fde                _GameRandom
 .text._ReadKey
                0x00d2200f       0xda tests/cemu/artifacts/event-obj/CNTAGION.o
                0x00d2200f                _ReadKey
 .text._ScannedKeyDown
                0x00d220e9       0x2e tests/cemu/artifacts/event-obj/CNTAGION.o
 .text._ReleaseKeys
                0x00d22117       0x13 tests/cemu/artifacts/event-obj/CNTAGION.o
                0x00d22117                _ReleaseKeys
 .text._WaitKey
                0x00d2212a        0xe tests/cemu/artifacts/event-obj/CNTAGION.o
                0x00d2212a                _WaitKey
 .text._EndModal
                0x00d22138       0x11 tests/cemu/artifacts/event-obj/CNTAGION.o
                0x00d22138                _EndModal
 .text._MenuMove
                0x00d22149       0x52 tests/cemu/artifacts/event-obj/CNTAGION.o
                0x00d22149                _MenuMove
 .text._MenuItem
                0x00d2219b       0x7e tests/cemu/artifacts/event-obj/CNTAGION.o
                0x00d2219b                _MenuItem
 .text._Text    0x00d22219       0x3e tests/cemu/artifacts/event-obj/CNTAGION.o
                0x00d22219                _Text
 .text._ChooseMenu
                0x00d22257      0x107 tests/cemu/artifacts/event-obj/CNTAGION.o
                0x00d22257                _ChooseMenu
 .text._BeginScreen
                0x00d2235e       0x6d tests/cemu/artifacts/event-obj/CNTAGION.o
                0x00d2235e                _BeginScreen
 .text._WrapText
                0x00d223cb      0x127 tests/cemu/artifacts/event-obj/CNTAGION.o
                0x00d223cb                _WrapText
 .text._RefreshEffects
                0x00d224f2       0x87 tests/cemu/artifacts/event-obj/CNTAGION.o
                0x00d224f2                _RefreshEffects
 .text._ResetGameState
                0x00d22579       0xfe tests/cemu/artifacts/event-obj/CNTAGION.o
                0x00d22579                _ResetGameState
 .text._ActionsMenu
                0x00d22677      0x359 tests/cemu/artifacts/event-obj/CNTAGION.o
                0x00d22677                _ActionsMenu
 .text._SaveExit
                0x00d229d0       0xa2 tests/cemu/artifacts/event-obj/CNTAGION.o
 .text._InitializeMap
                0x00d22a72       0x9b tests/cemu/artifacts/event-obj/CNTAGION.o
 .text._main    0x00d22b0d      0xf40 tests/cemu/artifacts/event-obj/CNTAGION.o
                0x00d22b0d                _main
 .text._RemoveSaves
                0x00d23a4d       0x1f tests/cemu/artifacts/event-obj/CNTAGION.o
 .text._StartRun
                0x00d23a6c       0xa3 tests/cemu/artifacts/event-obj/CNTAGION.o
 .text._DiscoveredWithClosures
                0x00d23b0f       0x48 tests/cemu/artifacts/event-obj/CNTAGION.o
 .text._SetActive
                0x00d23b57       0x57 tests/cemu/artifacts/event-obj/CNTAGION.o
 .text._Check   0x00d23bae       0x66 tests/cemu/artifacts/event-obj/CNTAGION.o
 .text._SameEvents
                0x00d23c14       0x28 tests/cemu/artifacts/event-obj/CNTAGION.o
 .text._FileRead.753
                0x00d23c3c       0x31 tests/cemu/artifacts/event-obj/CNTAGION.o
 .text._FileWrite.754
                0x00d23c6d       0x31 tests/cemu/artifacts/event-obj/CNTAGION.o
 .text._FileSeek.755
                0x00d23c9e       0x2c tests/cemu/artifacts/event-obj/CNTAGION.o
 .text._HashVar
                0x00d23cca      0x12e tests/cemu/artifacts/event-obj/CNTAGION.o
 .text._CheckChainBranch
                0x00d23df8      0x369 tests/cemu/artifacts/event-obj/CNTAGION.o
 .text._npf_vpprintf
                0x00d24161     0x1775 tests/cemu/artifacts/event-obj/CNTAGION.o
                0x00d24161                _npf_vpprintf
 .text._NPF_PUTC_IMPL
                0x00d258d6       0x2d tests/cemu/artifacts/event-obj/CNTAGION.o
 .text._npf_utoa_rev
                0x00d25903       0xe6 tests/cemu/artifacts/event-obj/CNTAGION.o
 .text._vsnprintf
                0x00d259e9       0x88 tests/cemu/artifacts/event-obj/CNTAGION.o
                0x00d259e9                _vsnprintf
 .text._npf_bufputc
                0x00d25a71       0x25 tests/cemu/artifacts/event-obj/CNTAGION.o
 .text._npf_bufputc_nop
                0x00d25a96        0x7 tests/cemu/artifacts/event-obj/CNTAGION.o
 .text._snprintf
                0x00d25a9d       0x28 tests/cemu/artifacts/event-obj/CNTAGION.o
                0x00d25a9d                _snprintf
 .text.__bctlz  0x00d25ac5       0x22 tests/cemu/artifacts/event-obj/CNTAGION.o
                0x00d25ac5                __bctlz
 .text.__sctlz  0x00d25ae7        0xc tests/cemu/artifacts/event-obj/CNTAGION.o
                0x00d25ae7                __sctlz
 .text.__ictlz  0x00d25af3       0x12 tests/cemu/artifacts/event-obj/CNTAGION.o
                0x00d25af3                __ictlz
 .text.__llctlz
                0x00d25b05        0xe tests/cemu/artifacts/event-obj/CNTAGION.o
                0x00d25b05                __llctlz
 .text.__i48ctlz
                0x00d25b13       0x15 tests/cemu/artifacts/event-obj/CNTAGION.o
                0x00d25b13                __i48ctlz
 .text._random  0x00d25b28       0x55 tests/cemu/artifacts/event-obj/CNTAGION.o
                0x00d25b28                _random
 .text._srandom
                0x00d25b7d       0x17 tests/cemu/artifacts/event-obj/CNTAGION.o
                0x00d25b7d                _srandom
                0x00d25b84                __setstate
 *(.gnu.warning)

.rodata         0x00d25b94     0x7e21
 *(.rodata .rodata.* .gnu.linkonce.r.*)
 .rodata._TransmissionContribution
                0x00d25b94       0x27 tests/cemu/artifacts/event-obj/CNTAGION.o
 .rodata._EventsEligible
                0x00d25bbb       0x33 tests/cemu/artifacts/event-obj/CNTAGION.o
 .rodata._EventsAdvance
                0x00d25bee       0x12 tests/cemu/artifacts/event-obj/CNTAGION.o
 .rodata._EventsApply
                0x00d25c00       0x18 tests/cemu/artifacts/event-obj/CNTAGION.o
 .rodata._SporeMenu
                0x00d25c18        0xc tests/cemu/artifacts/event-obj/CNTAGION.o
 .rodata._ActionsMenu
                0x00d25c24        0xc tests/cemu/artifacts/event-obj/CNTAGION.o
 .rodata._.str.4
                0x00d25c30       0x1c tests/cemu/artifacts/event-obj/CNTAGION.o
 .rodata._.str.1.5
                0x00d25c4c       0x3e tests/cemu/artifacts/event-obj/CNTAGION.o
 .rodata._.str.2.6
                0x00d25c8a       0x1b tests/cemu/artifacts/event-obj/CNTAGION.o
 .rodata._.str.3.7
                0x00d25ca5       0x49 tests/cemu/artifacts/event-obj/CNTAGION.o
 .rodata._.str.4.8
                0x00d25cee       0x16 tests/cemu/artifacts/event-obj/CNTAGION.o
 .rodata._.str.5
                0x00d25d04       0x54 tests/cemu/artifacts/event-obj/CNTAGION.o
 .rodata._.str.6
                0x00d25d58       0x18 tests/cemu/artifacts/event-obj/CNTAGION.o
 .rodata._.str.7
                0x00d25d70       0x4b tests/cemu/artifacts/event-obj/CNTAGION.o
 .rodata._.str.8
                0x00d25dbb       0x15 tests/cemu/artifacts/event-obj/CNTAGION.o
 .rodata._.str.9
                0x00d25dd0       0x50 tests/cemu/artifacts/event-obj/CNTAGION.o
 .rodata._.str.10
                0x00d25e20       0x16 tests/cemu/artifacts/event-obj/CNTAGION.o
 .rodata._.str.11
                0x00d25e36       0x55 tests/cemu/artifacts/event-obj/CNTAGION.o
 .rodata._.str.12
                0x00d25e8b       0x15 tests/cemu/artifacts/event-obj/CNTAGION.o
 .rodata._.str.13
                0x00d25ea0       0x57 tests/cemu/artifacts/event-obj/CNTAGION.o
 .rodata._.str.14
                0x00d25ef7       0x15 tests/cemu/artifacts/event-obj/CNTAGION.o
 .rodata._.str.15
                0x00d25f0c       0x5a tests/cemu/artifacts/event-obj/CNTAGION.o
 .rodata._.str.16
                0x00d25f66       0x14 tests/cemu/artifacts/event-obj/CNTAGION.o
 .rodata._.str.17
                0x00d25f7a       0x56 tests/cemu/artifacts/event-obj/CNTAGION.o
 .rodata._.str.18
                0x00d25fd0       0x15 tests/cemu/artifacts/event-obj/CNTAGION.o
 .rodata._.str.19
                0x00d25fe5       0x4c tests/cemu/artifacts/event-obj/CNTAGION.o
 .rodata._.str.20
                0x00d26031       0x16 tests/cemu/artifacts/event-obj/CNTAGION.o
 .rodata._.str.21
                0x00d26047       0x4a tests/cemu/artifacts/event-obj/CNTAGION.o
 .rodata._.str.22
                0x00d26091       0x1c tests/cemu/artifacts/event-obj/CNTAGION.o
 .rodata._.str.23
                0x00d260ad       0x50 tests/cemu/artifacts/event-obj/CNTAGION.o
 .rodata._.str.24
                0x00d260fd       0x1d tests/cemu/artifacts/event-obj/CNTAGION.o
 .rodata._.str.25
                0x00d2611a       0x58 tests/cemu/artifacts/event-obj/CNTAGION.o
 .rodata._.str.26
                0x00d26172       0x17 tests/cemu/artifacts/event-obj/CNTAGION.o
 .rodata._.str.27
                0x00d26189       0x53 tests/cemu/artifacts/event-obj/CNTAGION.o
 .rodata._.str.28
                0x00d261dc       0x17 tests/cemu/artifacts/event-obj/CNTAGION.o
 .rodata._.str.29
                0x00d261f3       0x4c tests/cemu/artifacts/event-obj/CNTAGION.o
 .rodata._.str.30
                0x00d2623f       0x12 tests/cemu/artifacts/event-obj/CNTAGION.o
 .rodata._.str.31
                0x00d26251       0x53 tests/cemu/artifacts/event-obj/CNTAGION.o
 .rodata._.str.32
                0x00d262a4       0x19 tests/cemu/artifacts/event-obj/CNTAGION.o
 .rodata._.str.33
                0x00d262bd       0x5a tests/cemu/artifacts/event-obj/CNTAGION.o
 .rodata._.str.34
                0x00d26317       0x12 tests/cemu/artifacts/event-obj/CNTAGION.o
 .rodata._.str.35
                0x00d26329       0x5a tests/cemu/artifacts/event-obj/CNTAGION.o
 .rodata._.str.36
                0x00d26383       0x16 tests/cemu/artifacts/event-obj/CNTAGION.o
 .rodata._.str.37
                0x00d26399       0x55 tests/cemu/artifacts/event-obj/CNTAGION.o
 .rodata._.str.38
                0x00d263ee       0x13 tests/cemu/artifacts/event-obj/CNTAGION.o
 .rodata._.str.39
                0x00d26401       0x54 tests/cemu/artifacts/event-obj/CNTAGION.o
 .rodata._.str.40
                0x00d26455       0x14 tests/cemu/artifacts/event-obj/CNTAGION.o
 .rodata._.str.41
                0x00d26469       0x5c tests/cemu/artifacts/event-obj/CNTAGION.o
 .rodata._.str.42
                0x00d264c5       0x14 tests/cemu/artifacts/event-obj/CNTAGION.o
 .rodata._.str.43
                0x00d264d9       0x56 tests/cemu/artifacts/event-obj/CNTAGION.o
 .rodata._.str.44
                0x00d2652f       0x17 tests/cemu/artifacts/event-obj/CNTAGION.o
 .rodata._.str.45
                0x00d26546       0x51 tests/cemu/artifacts/event-obj/CNTAGION.o
 .rodata._.str.46
                0x00d26597       0x14 tests/cemu/artifacts/event-obj/CNTAGION.o
 .rodata._.str.47
                0x00d265ab       0x4a tests/cemu/artifacts/event-obj/CNTAGION.o
 .rodata._.str.48
                0x00d265f5       0x18 tests/cemu/artifacts/event-obj/CNTAGION.o
 .rodata._.str.49
                0x00d2660d       0x52 tests/cemu/artifacts/event-obj/CNTAGION.o
 .rodata._.str.50
                0x00d2665f       0x15 tests/cemu/artifacts/event-obj/CNTAGION.o
 .rodata._.str.51
                0x00d26674       0x59 tests/cemu/artifacts/event-obj/CNTAGION.o
 .rodata._.str.52
                0x00d266cd       0x13 tests/cemu/artifacts/event-obj/CNTAGION.o
 .rodata._.str.53
                0x00d266e0       0x50 tests/cemu/artifacts/event-obj/CNTAGION.o
 .rodata._.str.54
                0x00d26730       0x13 tests/cemu/artifacts/event-obj/CNTAGION.o
 .rodata._.str.55
                0x00d26743       0x54 tests/cemu/artifacts/event-obj/CNTAGION.o
 .rodata._.str.56
                0x00d26797       0x13 tests/cemu/artifacts/event-obj/CNTAGION.o
 .rodata._.str.57
                0x00d267aa       0x56 tests/cemu/artifacts/event-obj/CNTAGION.o
 .rodata._.str.58
                0x00d26800       0x17 tests/cemu/artifacts/event-obj/CNTAGION.o
 .rodata._.str.59
                0x00d26817       0x55 tests/cemu/artifacts/event-obj/CNTAGION.o
 .rodata._.str.60
                0x00d2686c       0x16 tests/cemu/artifacts/event-obj/CNTAGION.o
 .rodata._.str.61
                0x00d26882       0x54 tests/cemu/artifacts/event-obj/CNTAGION.o
 .rodata._.str.62
                0x00d268d6       0x12 tests/cemu/artifacts/event-obj/CNTAGION.o
 .rodata._.str.63
                0x00d268e8       0x4d tests/cemu/artifacts/event-obj/CNTAGION.o
 .rodata._.str.64
                0x00d26935       0x13 tests/cemu/artifacts/event-obj/CNTAGION.o
 .rodata._.str.65
                0x00d26948       0x5d tests/cemu/artifacts/event-obj/CNTAGION.o
 .rodata._.str.66
                0x00d269a5       0x13 tests/cemu/artifacts/event-obj/CNTAGION.o
 .rodata._.str.67
                0x00d269b8       0x58 tests/cemu/artifacts/event-obj/CNTAGION.o
 .rodata._.str.68
                0x00d26a10       0x11 tests/cemu/artifacts/event-obj/CNTAGION.o
 .rodata._.str.69
                0x00d26a21       0x42 tests/cemu/artifacts/event-obj/CNTAGION.o
 .rodata._.str.70
                0x00d26a63       0x13 tests/cemu/artifacts/event-obj/CNTAGION.o
 .rodata._.str.71
                0x00d26a76       0x49 tests/cemu/artifacts/event-obj/CNTAGION.o
 .rodata._.str.72
                0x00d26abf       0x16 tests/cemu/artifacts/event-obj/CNTAGION.o
 .rodata._.str.73
                0x00d26ad5       0x4b tests/cemu/artifacts/event-obj/CNTAGION.o
 .rodata._.str.74
                0x00d26b20       0x10 tests/cemu/artifacts/event-obj/CNTAGION.o
 .rodata._.str.75
                0x00d26b30       0x51 tests/cemu/artifacts/event-obj/CNTAGION.o
 .rodata._.str.76
                0x00d26b81       0x18 tests/cemu/artifacts/event-obj/CNTAGION.o
 .rodata._.str.77
                0x00d26b99       0x4b tests/cemu/artifacts/event-obj/CNTAGION.o
 .rodata._.str.78
                0x00d26be4       0x15 tests/cemu/artifacts/event-obj/CNTAGION.o
 .rodata._.str.79
                0x00d26bf9       0x5e tests/cemu/artifacts/event-obj/CNTAGION.o
 .rodata._.str.80
                0x00d26c57       0x1a tests/cemu/artifacts/event-obj/CNTAGION.o
 .rodata._.str.81
                0x00d26c71       0x50 tests/cemu/artifacts/event-obj/CNTAGION.o
 .rodata._.str.82
                0x00d26cc1       0x15 tests/cemu/artifacts/event-obj/CNTAGION.o
 .rodata._.str.83
                0x00d26cd6       0x55 tests/cemu/artifacts/event-obj/CNTAGION.o
 .rodata._.str.84
                0x00d26d2b       0x1a tests/cemu/artifacts/event-obj/CNTAGION.o
 .rodata._.str.85
                0x00d26d45       0x4a tests/cemu/artifacts/event-obj/CNTAGION.o
 .rodata._.str.86
                0x00d26d8f       0x1a tests/cemu/artifacts/event-obj/CNTAGION.o
 .rodata._.str.87
                0x00d26da9       0x5c tests/cemu/artifacts/event-obj/CNTAGION.o
 .rodata._.str.88
                0x00d26e05       0x18 tests/cemu/artifacts/event-obj/CNTAGION.o
 .rodata._.str.89
                0x00d26e1d       0x5c tests/cemu/artifacts/event-obj/CNTAGION.o
 .rodata._.str.90
                0x00d26e79       0x16 tests/cemu/artifacts/event-obj/CNTAGION.o
 .rodata._.str.91
                0x00d26e8f       0x56 tests/cemu/artifacts/event-obj/CNTAGION.o
 .rodata._.str.92
                0x00d26ee5       0x1c tests/cemu/artifacts/event-obj/CNTAGION.o
 .rodata._.str.93
                0x00d26f01       0x4a tests/cemu/artifacts/event-obj/CNTAGION.o
 .rodata._.str.94
                0x00d26f4b       0x1c tests/cemu/artifacts/event-obj/CNTAGION.o
 .rodata._.str.95
                0x00d26f67       0x48 tests/cemu/artifacts/event-obj/CNTAGION.o
 .rodata._.str.96
                0x00d26faf       0x19 tests/cemu/artifacts/event-obj/CNTAGION.o
 .rodata._.str.97
                0x00d26fc8       0x59 tests/cemu/artifacts/event-obj/CNTAGION.o
 .rodata._.str.98
                0x00d27021       0x17 tests/cemu/artifacts/event-obj/CNTAGION.o
 .rodata._.str.99
                0x00d27038       0x6d tests/cemu/artifacts/event-obj/CNTAGION.o
 .rodata._.str.100
                0x00d270a5       0x16 tests/cemu/artifacts/event-obj/CNTAGION.o
 .rodata._.str.101
                0x00d270bb       0x56 tests/cemu/artifacts/event-obj/CNTAGION.o
 .rodata._.str.102
                0x00d27111       0x18 tests/cemu/artifacts/event-obj/CNTAGION.o
 .rodata._.str.103
                0x00d27129       0x5a tests/cemu/artifacts/event-obj/CNTAGION.o
 .rodata._.str.104
                0x00d27183       0x15 tests/cemu/artifacts/event-obj/CNTAGION.o
 .rodata._.str.105
                0x00d27198       0x56 tests/cemu/artifacts/event-obj/CNTAGION.o
 .rodata._.str.106
                0x00d271ee       0x13 tests/cemu/artifacts/event-obj/CNTAGION.o
 .rodata._.str.107
                0x00d27201       0x53 tests/cemu/artifacts/event-obj/CNTAGION.o
 .rodata._.str.108
                0x00d27254       0x16 tests/cemu/artifacts/event-obj/CNTAGION.o
 .rodata._.str.109
                0x00d2726a       0x51 tests/cemu/artifacts/event-obj/CNTAGION.o
 .rodata._.str.110
                0x00d272bb       0x1a tests/cemu/artifacts/event-obj/CNTAGION.o
 .rodata._.str.111
                0x00d272d5       0x5c tests/cemu/artifacts/event-obj/CNTAGION.o
 .rodata._.str.112
                0x00d27331       0x19 tests/cemu/artifacts/event-obj/CNTAGION.o
 .rodata._.str.113
                0x00d2734a       0x58 tests/cemu/artifacts/event-obj/CNTAGION.o
 .rodata._.str.114
                0x00d273a2       0x17 tests/cemu/artifacts/event-obj/CNTAGION.o
 .rodata._.str.115
                0x00d273b9       0x53 tests/cemu/artifacts/event-obj/CNTAGION.o
 .rodata._.str.116
                0x00d2740c       0x15 tests/cemu/artifacts/event-obj/CNTAGION.o
 .rodata._.str.117
                0x00d27421       0x59 tests/cemu/artifacts/event-obj/CNTAGION.o
 .rodata._.str.118
                0x00d2747a       0x18 tests/cemu/artifacts/event-obj/CNTAGION.o
 .rodata._.str.119
                0x00d27492       0x52 tests/cemu/artifacts/event-obj/CNTAGION.o
 .rodata._.str.120
                0x00d274e4       0x14 tests/cemu/artifacts/event-obj/CNTAGION.o
 .rodata._.str.121
                0x00d274f8       0x53 tests/cemu/artifacts/event-obj/CNTAGION.o
 .rodata._.str.122
                0x00d2754b       0x13 tests/cemu/artifacts/event-obj/CNTAGION.o
 .rodata._.str.123
                0x00d2755e       0x5a tests/cemu/artifacts/event-obj/CNTAGION.o
 .rodata._.str.124
                0x00d275b8       0x15 tests/cemu/artifacts/event-obj/CNTAGION.o
 .rodata._.str.125
                0x00d275cd       0x6f tests/cemu/artifacts/event-obj/CNTAGION.o
 .rodata._.str.126
                0x00d2763c       0x16 tests/cemu/artifacts/event-obj/CNTAGION.o
 .rodata._.str.127
                0x00d27652       0x5f tests/cemu/artifacts/event-obj/CNTAGION.o
 .rodata._.str.128
                0x00d276b1       0x18 tests/cemu/artifacts/event-obj/CNTAGION.o
 .rodata._.str.129
                0x00d276c9       0x5b tests/cemu/artifacts/event-obj/CNTAGION.o
 .rodata._.str.130
                0x00d27724       0x14 tests/cemu/artifacts/event-obj/CNTAGION.o
 .rodata._.str.131
                0x00d27738       0x59 tests/cemu/artifacts/event-obj/CNTAGION.o
 .rodata._.str.132
                0x00d27791       0x15 tests/cemu/artifacts/event-obj/CNTAGION.o
 .rodata._.str.133
                0x00d277a6       0x59 tests/cemu/artifacts/event-obj/CNTAGION.o
 .rodata._.str.134
                0x00d277ff       0x14 tests/cemu/artifacts/event-obj/CNTAGION.o
 .rodata._.str.135
                0x00d27813       0x56 tests/cemu/artifacts/event-obj/CNTAGION.o
 .rodata._.str.136
                0x00d27869       0x18 tests/cemu/artifacts/event-obj/CNTAGION.o
 .rodata._.str.137
                0x00d27881       0x49 tests/cemu/artifacts/event-obj/CNTAGION.o
 .rodata._.str.138
                0x00d278ca       0x18 tests/cemu/artifacts/event-obj/CNTAGION.o
 .rodata._.str.139
                0x00d278e2       0x58 tests/cemu/artifacts/event-obj/CNTAGION.o
 .rodata._.str.140
                0x00d2793a       0x1b tests/cemu/artifacts/event-obj/CNTAGION.o
 .rodata._.str.141
                0x00d27955       0x3d tests/cemu/artifacts/event-obj/CNTAGION.o
 .rodata._.str.142
                0x00d27992       0x14 tests/cemu/artifacts/event-obj/CNTAGION.o
 .rodata._.str.143
                0x00d279a6       0x40 tests/cemu/artifacts/event-obj/CNTAGION.o
 .rodata._.str.144
                0x00d279e6       0x16 tests/cemu/artifacts/event-obj/CNTAGION.o
 .rodata._.str.145
                0x00d279fc       0x49 tests/cemu/artifacts/event-obj/CNTAGION.o
 .rodata._.str.146
                0x00d27a45       0x15 tests/cemu/artifacts/event-obj/CNTAGION.o
 .rodata._.str.147
                0x00d27a5a       0x75 tests/cemu/artifacts/event-obj/CNTAGION.o
 .rodata._.str.148
                0x00d27acf       0x1b tests/cemu/artifacts/event-obj/CNTAGION.o
 .rodata._.str.149
                0x00d27aea       0x6e tests/cemu/artifacts/event-obj/CNTAGION.o
 .rodata._.str.150
                0x00d27b58       0x1d tests/cemu/artifacts/event-obj/CNTAGION.o
 .rodata._.str.151
                0x00d27b75       0x6c tests/cemu/artifacts/event-obj/CNTAGION.o
 .rodata._.str.152
                0x00d27be1       0x17 tests/cemu/artifacts/event-obj/CNTAGION.o
 .rodata._.str.153
                0x00d27bf8       0x60 tests/cemu/artifacts/event-obj/CNTAGION.o
 .rodata._.str.154
                0x00d27c58       0x1c tests/cemu/artifacts/event-obj/CNTAGION.o
 .rodata._.str.155
                0x00d27c74       0x3e tests/cemu/artifacts/event-obj/CNTAGION.o
 .rodata._.str.156
                0x00d27cb2       0x17 tests/cemu/artifacts/event-obj/CNTAGION.o
 .rodata._.str.157
                0x00d27cc9       0x64 tests/cemu/artifacts/event-obj/CNTAGION.o
 .rodata._.str.158
                0x00d27d2d       0x17 tests/cemu/artifacts/event-obj/CNTAGION.o
 .rodata._.str.159
                0x00d27d44       0x64 tests/cemu/artifacts/event-obj/CNTAGION.o
 .rodata._.str.160
                0x00d27da8       0x12 tests/cemu/artifacts/event-obj/CNTAGION.o
 .rodata._.str.161
                0x00d27dba       0x4a tests/cemu/artifacts/event-obj/CNTAGION.o
 .rodata._.str.162
                0x00d27e04       0x18 tests/cemu/artifacts/event-obj/CNTAGION.o
 .rodata._.str.163
                0x00d27e1c       0x51 tests/cemu/artifacts/event-obj/CNTAGION.o
 .rodata._.str.164
                0x00d27e6d       0x14 tests/cemu/artifacts/event-obj/CNTAGION.o
 .rodata._.str.165
                0x00d27e81       0x54 tests/cemu/artifacts/event-obj/CNTAGION.o
 .rodata._.str.166
                0x00d27ed5       0x19 tests/cemu/artifacts/event-obj/CNTAGION.o
 .rodata._.str.167
                0x00d27eee       0x59 tests/cemu/artifacts/event-obj/CNTAGION.o
 .rodata._.str.168
                0x00d27f47       0x19 tests/cemu/artifacts/event-obj/CNTAGION.o
 .rodata._.str.169
                0x00d27f60       0x57 tests/cemu/artifacts/event-obj/CNTAGION.o
 .rodata._.str.170
                0x00d27fb7       0x17 tests/cemu/artifacts/event-obj/CNTAGION.o
 .rodata._.str.171
                0x00d27fce       0x5f tests/cemu/artifacts/event-obj/CNTAGION.o
 .rodata._.str.172
                0x00d2802d       0x14 tests/cemu/artifacts/event-obj/CNTAGION.o
 .rodata._.str.173
                0x00d28041       0x5a tests/cemu/artifacts/event-obj/CNTAGION.o
 .rodata._.str.174
                0x00d2809b       0x14 tests/cemu/artifacts/event-obj/CNTAGION.o
 .rodata._.str.175
                0x00d280af       0x69 tests/cemu/artifacts/event-obj/CNTAGION.o
 .rodata._.str.176
                0x00d28118       0x17 tests/cemu/artifacts/event-obj/CNTAGION.o
 .rodata._.str.177
                0x00d2812f       0x55 tests/cemu/artifacts/event-obj/CNTAGION.o
 .rodata._.str.178
                0x00d28184       0x19 tests/cemu/artifacts/event-obj/CNTAGION.o
 .rodata._.str.179
                0x00d2819d       0x5c tests/cemu/artifacts/event-obj/CNTAGION.o
 .rodata._.str.180
                0x00d281f9       0x17 tests/cemu/artifacts/event-obj/CNTAGION.o
 .rodata._.str.181
                0x00d28210       0x45 tests/cemu/artifacts/event-obj/CNTAGION.o
 .rodata._.str.182
                0x00d28255       0x15 tests/cemu/artifacts/event-obj/CNTAGION.o
 .rodata._.str.183
                0x00d2826a       0x67 tests/cemu/artifacts/event-obj/CNTAGION.o
 .rodata._.str.184
                0x00d282d1       0x1b tests/cemu/artifacts/event-obj/CNTAGION.o
 .rodata._.str.185
                0x00d282ec       0x5a tests/cemu/artifacts/event-obj/CNTAGION.o
 .rodata._.str.186
                0x00d28346       0x17 tests/cemu/artifacts/event-obj/CNTAGION.o
 .rodata._.str.187
                0x00d2835d       0x52 tests/cemu/artifacts/event-obj/CNTAGION.o
 .rodata._.str.188
                0x00d283af       0x1a tests/cemu/artifacts/event-obj/CNTAGION.o
 .rodata._.str.189
                0x00d283c9       0x48 tests/cemu/artifacts/event-obj/CNTAGION.o
 .rodata._.str.190
                0x00d28411       0x16 tests/cemu/artifacts/event-obj/CNTAGION.o
 .rodata._.str.191
                0x00d28427       0x55 tests/cemu/artifacts/event-obj/CNTAGION.o
 .rodata._.str.192
                0x00d2847c       0x18 tests/cemu/artifacts/event-obj/CNTAGION.o
 .rodata._.str.193
                0x00d28494       0x49 tests/cemu/artifacts/event-obj/CNTAGION.o
 .rodata._.str.194
                0x00d284dd       0x15 tests/cemu/artifacts/event-obj/CNTAGION.o
 .rodata._.str.195
                0x00d284f2       0x63 tests/cemu/artifacts/event-obj/CNTAGION.o
 .rodata._.str.196
                0x00d28555       0x16 tests/cemu/artifacts/event-obj/CNTAGION.o
 .rodata._.str.197
                0x00d2856b       0x65 tests/cemu/artifacts/event-obj/CNTAGION.o
 .rodata._.str.198
                0x00d285d0       0x1b tests/cemu/artifacts/event-obj/CNTAGION.o
 .rodata._.str.199
                0x00d285eb       0x50 tests/cemu/artifacts/event-obj/CNTAGION.o
 .rodata._.str.200
                0x00d2863b       0x19 tests/cemu/artifacts/event-obj/CNTAGION.o
 .rodata._.str.201
                0x00d28654       0x51 tests/cemu/artifacts/event-obj/CNTAGION.o
 .rodata._.str.202
                0x00d286a5       0x11 tests/cemu/artifacts/event-obj/CNTAGION.o
 .rodata._.str.203
                0x00d286b6       0x4b tests/cemu/artifacts/event-obj/CNTAGION.o
 .rodata._.str.204
                0x00d28701        0xf tests/cemu/artifacts/event-obj/CNTAGION.o
 .rodata._.str.205
                0x00d28710       0x50 tests/cemu/artifacts/event-obj/CNTAGION.o
 .rodata._.str.206
                0x00d28760       0x13 tests/cemu/artifacts/event-obj/CNTAGION.o
 .rodata._.str.207
                0x00d28773       0x54 tests/cemu/artifacts/event-obj/CNTAGION.o
 .rodata._.str.208
                0x00d287c7       0x1a tests/cemu/artifacts/event-obj/CNTAGION.o
 .rodata._.str.209
                0x00d287e1       0x37 tests/cemu/artifacts/event-obj/CNTAGION.o
 .rodata._.str.210
                0x00d28818       0x1a tests/cemu/artifacts/event-obj/CNTAGION.o
 .rodata._.str.211
                0x00d28832       0x5c tests/cemu/artifacts/event-obj/CNTAGION.o
 .rodata._.str.212
                0x00d2888e       0x17 tests/cemu/artifacts/event-obj/CNTAGION.o
 .rodata._.str.213
                0x00d288a5       0x53 tests/cemu/artifacts/event-obj/CNTAGION.o
 .rodata._.str.214
                0x00d288f8       0x14 tests/cemu/artifacts/event-obj/CNTAGION.o
 .rodata._.str.215
                0x00d2890c       0x53 tests/cemu/artifacts/event-obj/CNTAGION.o
 .rodata._.str.216
                0x00d2895f       0x19 tests/cemu/artifacts/event-obj/CNTAGION.o
 .rodata._.str.217
                0x00d28978       0x59 tests/cemu/artifacts/event-obj/CNTAGION.o
 .rodata._.str.218
                0x00d289d1       0x16 tests/cemu/artifacts/event-obj/CNTAGION.o
 .rodata._.str.219
                0x00d289e7       0x36 tests/cemu/artifacts/event-obj/CNTAGION.o
 .rodata._.str.220
                0x00d28a1d       0x13 tests/cemu/artifacts/event-obj/CNTAGION.o
 .rodata._.str.221
                0x00d28a30       0x66 tests/cemu/artifacts/event-obj/CNTAGION.o
 .rodata._.str.222
                0x00d28a96       0x18 tests/cemu/artifacts/event-obj/CNTAGION.o
 .rodata._.str.223
                0x00d28aae       0x56 tests/cemu/artifacts/event-obj/CNTAGION.o
 .rodata._.str.224
                0x00d28b04       0x16 tests/cemu/artifacts/event-obj/CNTAGION.o
 .rodata._.str.225
                0x00d28b1a       0x39 tests/cemu/artifacts/event-obj/CNTAGION.o
 .rodata._.str.226
                0x00d28b53       0x16 tests/cemu/artifacts/event-obj/CNTAGION.o
 .rodata._.str.227
                0x00d28b69       0x67 tests/cemu/artifacts/event-obj/CNTAGION.o
 .rodata._.str.228
                0x00d28bd0       0x1c tests/cemu/artifacts/event-obj/CNTAGION.o
 .rodata._.str.229
                0x00d28bec       0x3e tests/cemu/artifacts/event-obj/CNTAGION.o
 .rodata._.str.230
                0x00d28c2a       0x15 tests/cemu/artifacts/event-obj/CNTAGION.o
 .rodata._.str.231
                0x00d28c3f       0x60 tests/cemu/artifacts/event-obj/CNTAGION.o
 .rodata._.str.232
                0x00d28c9f       0x1a tests/cemu/artifacts/event-obj/CNTAGION.o
 .rodata._.str.233
                0x00d28cb9       0x53 tests/cemu/artifacts/event-obj/CNTAGION.o
 .rodata._.str.234
                0x00d28d0c       0x1b tests/cemu/artifacts/event-obj/CNTAGION.o
 .rodata._.str.235
                0x00d28d27       0x6c tests/cemu/artifacts/event-obj/CNTAGION.o
 .rodata._.str.236
                0x00d28d93       0x1b tests/cemu/artifacts/event-obj/CNTAGION.o
 .rodata._.str.237
                0x00d28dae       0x67 tests/cemu/artifacts/event-obj/CNTAGION.o
 .rodata._.str.238
                0x00d28e15       0x1b tests/cemu/artifacts/event-obj/CNTAGION.o
 .rodata._.str.239
                0x00d28e30       0x68 tests/cemu/artifacts/event-obj/CNTAGION.o
 .rodata._.str.240
                0x00d28e98       0x1b tests/cemu/artifacts/event-obj/CNTAGION.o
 .rodata._.str.241
                0x00d28eb3       0x56 tests/cemu/artifacts/event-obj/CNTAGION.o
 .rodata._.str.242
                0x00d28f09       0x16 tests/cemu/artifacts/event-obj/CNTAGION.o
 .rodata._.str.243
                0x00d28f1f       0x4d tests/cemu/artifacts/event-obj/CNTAGION.o
 .rodata._.str.244
                0x00d28f6c       0x1a tests/cemu/artifacts/event-obj/CNTAGION.o
 .rodata._.str.245
                0x00d28f86       0x4d tests/cemu/artifacts/event-obj/CNTAGION.o
 .rodata._.str.246
                0x00d28fd3       0x1c tests/cemu/artifacts/event-obj/CNTAGION.o
 .rodata._.str.247
                0x00d28fef       0x50 tests/cemu/artifacts/event-obj/CNTAGION.o
 .rodata._.str.248
                0x00d2903f       0x15 tests/cemu/artifacts/event-obj/CNTAGION.o
 .rodata._.str.249
                0x00d29054       0x1a tests/cemu/artifacts/event-obj/CNTAGION.o
 .rodata._.str.250
                0x00d2906e       0x51 tests/cemu/artifacts/event-obj/CNTAGION.o
 .rodata._.str.251
                0x00d290bf       0x14 tests/cemu/artifacts/event-obj/CNTAGION.o
 .rodata._.str.252
                0x00d290d3       0x4c tests/cemu/artifacts/event-obj/CNTAGION.o
 .rodata._.str.253
                0x00d2911f       0x18 tests/cemu/artifacts/event-obj/CNTAGION.o
 .rodata._.str.254
                0x00d29137       0x4a tests/cemu/artifacts/event-obj/CNTAGION.o
 .rodata._.str.255
                0x00d29181       0x1a tests/cemu/artifacts/event-obj/CNTAGION.o
 .rodata._.str.256
                0x00d2919b       0x56 tests/cemu/artifacts/event-obj/CNTAGION.o
 .rodata._.str.257
                0x00d291f1       0x15 tests/cemu/artifacts/event-obj/CNTAGION.o
 .rodata._.str.258
                0x00d29206       0x16 tests/cemu/artifacts/event-obj/CNTAGION.o
 .rodata._.str.259
                0x00d2921c       0x56 tests/cemu/artifacts/event-obj/CNTAGION.o
 .rodata._.str.260
                0x00d29272       0x13 tests/cemu/artifacts/event-obj/CNTAGION.o
 .rodata._.str.261
                0x00d29285       0x4c tests/cemu/artifacts/event-obj/CNTAGION.o
 .rodata._.str.262
                0x00d292d1       0x16 tests/cemu/artifacts/event-obj/CNTAGION.o
 .rodata._.str.263
                0x00d292e7       0x52 tests/cemu/artifacts/event-obj/CNTAGION.o
 .rodata._.str.264
                0x00d29339       0x18 tests/cemu/artifacts/event-obj/CNTAGION.o
 .rodata._.str.265
                0x00d29351       0x4f tests/cemu/artifacts/event-obj/CNTAGION.o
 .rodata._.str.266
                0x00d293a0       0x17 tests/cemu/artifacts/event-obj/CNTAGION.o
 .rodata._.str.267
                0x00d293b7       0x4b tests/cemu/artifacts/event-obj/CNTAGION.o
 .rodata._.str.268
                0x00d29402       0x13 tests/cemu/artifacts/event-obj/CNTAGION.o
 .rodata._.str.269
                0x00d29415       0x52 tests/cemu/artifacts/event-obj/CNTAGION.o
 .rodata._.str.270
                0x00d29467       0x16 tests/cemu/artifacts/event-obj/CNTAGION.o
 .rodata._.str.271
                0x00d2947d       0x4c tests/cemu/artifacts/event-obj/CNTAGION.o
 .rodata._.str.272
                0x00d294c9       0x16 tests/cemu/artifacts/event-obj/CNTAGION.o
 .rodata._.str.273
                0x00d294df       0x61 tests/cemu/artifacts/event-obj/CNTAGION.o
 .rodata._.str.274
                0x00d29540       0x1a tests/cemu/artifacts/event-obj/CNTAGION.o
 .rodata._.str.275
                0x00d2955a       0x57 tests/cemu/artifacts/event-obj/CNTAGION.o
 .rodata._.str.276
                0x00d295b1       0x17 tests/cemu/artifacts/event-obj/CNTAGION.o
 .rodata._.str.277
                0x00d295c8       0x12 tests/cemu/artifacts/event-obj/CNTAGION.o
 .rodata._.str.278
                0x00d295da       0x15 tests/cemu/artifacts/event-obj/CNTAGION.o
 .rodata._.str.279
                0x00d295ef       0x45 tests/cemu/artifacts/event-obj/CNTAGION.o
 .rodata._.str.280
                0x00d29634       0x1b tests/cemu/artifacts/event-obj/CNTAGION.o
 .rodata._.str.281
                0x00d2964f       0x59 tests/cemu/artifacts/event-obj/CNTAGION.o
 .rodata._.str.282
                0x00d296a8       0x1d tests/cemu/artifacts/event-obj/CNTAGION.o
 .rodata._.str.283
                0x00d296c5       0x57 tests/cemu/artifacts/event-obj/CNTAGION.o
 .rodata._.str.284
                0x00d2971c       0x16 tests/cemu/artifacts/event-obj/CNTAGION.o
 .rodata._.str.285
                0x00d29732       0x13 tests/cemu/artifacts/event-obj/CNTAGION.o
 .rodata._.str.286
                0x00d29745       0x54 tests/cemu/artifacts/event-obj/CNTAGION.o
 .rodata._.str.287
                0x00d29799       0x14 tests/cemu/artifacts/event-obj/CNTAGION.o
 .rodata._.str.288
                0x00d297ad       0x50 tests/cemu/artifacts/event-obj/CNTAGION.o
 .rodata._.str.289
                0x00d297fd       0x10 tests/cemu/artifacts/event-obj/CNTAGION.o
 .rodata._.str.290
                0x00d2980d       0x5d tests/cemu/artifacts/event-obj/CNTAGION.o
 .rodata._.str.291
                0x00d2986a       0x17 tests/cemu/artifacts/event-obj/CNTAGION.o
 .rodata._.str.292
                0x00d29881       0x59 tests/cemu/artifacts/event-obj/CNTAGION.o
 .rodata._.str.293
                0x00d298da       0x12 tests/cemu/artifacts/event-obj/CNTAGION.o
 .rodata._.str.294
                0x00d298ec       0x3f tests/cemu/artifacts/event-obj/CNTAGION.o
 .rodata._.str.295
                0x00d2992b       0x15 tests/cemu/artifacts/event-obj/CNTAGION.o
 .rodata._.str.296
                0x00d29940       0x64 tests/cemu/artifacts/event-obj/CNTAGION.o
 .rodata._.str.297
                0x00d299a4       0x18 tests/cemu/artifacts/event-obj/CNTAGION.o
 .rodata._.str.298
                0x00d299bc       0x4d tests/cemu/artifacts/event-obj/CNTAGION.o
 .rodata._.str.299
                0x00d29a09       0x18 tests/cemu/artifacts/event-obj/CNTAGION.o
 .rodata._.str.300
                0x00d29a21       0x67 tests/cemu/artifacts/event-obj/CNTAGION.o
 .rodata._.str.301
                0x00d29a88       0x1d tests/cemu/artifacts/event-obj/CNTAGION.o
 .rodata._.str.302
                0x00d29aa5       0x56 tests/cemu/artifacts/event-obj/CNTAGION.o
 .rodata._.str.303
                0x00d29afb       0x17 tests/cemu/artifacts/event-obj/CNTAGION.o
 .rodata._.str.304
                0x00d29b12       0x56 tests/cemu/artifacts/event-obj/CNTAGION.o
 .rodata._.str.305
                0x00d29b68       0x15 tests/cemu/artifacts/event-obj/CNTAGION.o
 .rodata._.str.306
                0x00d29b7d       0x4e tests/cemu/artifacts/event-obj/CNTAGION.o
 .rodata._.str.307
                0x00d29bcb       0x14 tests/cemu/artifacts/event-obj/CNTAGION.o
 .rodata._.str.308
                0x00d29bdf       0x4a tests/cemu/artifacts/event-obj/CNTAGION.o
 .rodata._.str.309
                0x00d29c29       0x1c tests/cemu/artifacts/event-obj/CNTAGION.o
 .rodata._.str.310
                0x00d29c45       0x6c tests/cemu/artifacts/event-obj/CNTAGION.o
 .rodata._.str.311
                0x00d29cb1       0x1c tests/cemu/artifacts/event-obj/CNTAGION.o
 .rodata._.str.312
                0x00d29ccd       0x64 tests/cemu/artifacts/event-obj/CNTAGION.o
 .rodata._.str.313
                0x00d29d31       0x1a tests/cemu/artifacts/event-obj/CNTAGION.o
 .rodata._.str.314
                0x00d29d4b       0x1a tests/cemu/artifacts/event-obj/CNTAGION.o
 .rodata._.str.315
                0x00d29d65       0x53 tests/cemu/artifacts/event-obj/CNTAGION.o
 .rodata._.str.316
                0x00d29db8       0x16 tests/cemu/artifacts/event-obj/CNTAGION.o
 .rodata._.str.317
                0x00d29dce       0x4c tests/cemu/artifacts/event-obj/CNTAGION.o
 .rodata._.str.318
                0x00d29e1a       0x1a tests/cemu/artifacts/event-obj/CNTAGION.o
 .rodata._.str.319
                0x00d29e34       0x53 tests/cemu/artifacts/event-obj/CNTAGION.o
 .rodata._.str.320
                0x00d29e87       0x18 tests/cemu/artifacts/event-obj/CNTAGION.o
 .rodata._.str.321
                0x00d29e9f       0x4e tests/cemu/artifacts/event-obj/CNTAGION.o
 .rodata._.str.322
                0x00d29eed       0x17 tests/cemu/artifacts/event-obj/CNTAGION.o
 .rodata._.str.323
                0x00d29f04       0x56 tests/cemu/artifacts/event-obj/CNTAGION.o
 .rodata._.str.324
                0x00d29f5a       0x18 tests/cemu/artifacts/event-obj/CNTAGION.o
 .rodata._.str.325
                0x00d29f72       0x5f tests/cemu/artifacts/event-obj/CNTAGION.o
 .rodata._.str.326
                0x00d29fd1       0x18 tests/cemu/artifacts/event-obj/CNTAGION.o
 .rodata._.str.327
                0x00d29fe9       0x5f tests/cemu/artifacts/event-obj/CNTAGION.o
 .rodata._.str.328
                0x00d2a048       0x1f tests/cemu/artifacts/event-obj/CNTAGION.o
 .rodata._.str.329
                0x00d2a067       0x5f tests/cemu/artifacts/event-obj/CNTAGION.o
 .rodata._.str.330
                0x00d2a0c6       0x14 tests/cemu/artifacts/event-obj/CNTAGION.o
 .rodata._.str.331
                0x00d2a0da       0x5f tests/cemu/artifacts/event-obj/CNTAGION.o
 .rodata._.str.332
                0x00d2a139       0x18 tests/cemu/artifacts/event-obj/CNTAGION.o
 .rodata._.str.333
                0x00d2a151       0x16 tests/cemu/artifacts/event-obj/CNTAGION.o
 .rodata._.str.334
                0x00d2a167       0x5f tests/cemu/artifacts/event-obj/CNTAGION.o
 .rodata._.str.335
                0x00d2a1c6       0x16 tests/cemu/artifacts/event-obj/CNTAGION.o
 .rodata._.str.336
                0x00d2a1dc       0x5f tests/cemu/artifacts/event-obj/CNTAGION.o
 .rodata._.str.337
                0x00d2a23b       0x1a tests/cemu/artifacts/event-obj/CNTAGION.o
 .rodata._.str.338
                0x00d2a255       0x5f tests/cemu/artifacts/event-obj/CNTAGION.o
 .rodata._.str.339
                0x00d2a2b4       0x19 tests/cemu/artifacts/event-obj/CNTAGION.o
 .rodata._.str.340
                0x00d2a2cd       0x5f tests/cemu/artifacts/event-obj/CNTAGION.o
 .rodata._.str.341
                0x00d2a32c       0x1a tests/cemu/artifacts/event-obj/CNTAGION.o
 .rodata._.str.342
                0x00d2a346       0x1e tests/cemu/artifacts/event-obj/CNTAGION.o
 .rodata._.str.343
                0x00d2a364       0x56 tests/cemu/artifacts/event-obj/CNTAGION.o
 .rodata._.str.344
                0x00d2a3ba       0x14 tests/cemu/artifacts/event-obj/CNTAGION.o
 .rodata._.str.345
                0x00d2a3ce       0x53 tests/cemu/artifacts/event-obj/CNTAGION.o
 .rodata._.str.346
                0x00d2a421       0x19 tests/cemu/artifacts/event-obj/CNTAGION.o
 .rodata._.str.347
                0x00d2a43a       0x4d tests/cemu/artifacts/event-obj/CNTAGION.o
 .rodata._.str.348
                0x00d2a487       0x16 tests/cemu/artifacts/event-obj/CNTAGION.o
 .rodata._.str.349
                0x00d2a49d       0x59 tests/cemu/artifacts/event-obj/CNTAGION.o
 .rodata._.str.350
                0x00d2a4f6       0x1b tests/cemu/artifacts/event-obj/CNTAGION.o
 .rodata._.str.351
                0x00d2a511       0x19 tests/cemu/artifacts/event-obj/CNTAGION.o
 .rodata._.str.352
                0x00d2a52a       0x53 tests/cemu/artifacts/event-obj/CNTAGION.o
 .rodata._.str.353
                0x00d2a57d       0x18 tests/cemu/artifacts/event-obj/CNTAGION.o
 .rodata._.str.354
                0x00d2a595       0x4a tests/cemu/artifacts/event-obj/CNTAGION.o
 .rodata._.str.355
                0x00d2a5df       0x1c tests/cemu/artifacts/event-obj/CNTAGION.o
 .rodata._.str.356
                0x00d2a5fb       0x5a tests/cemu/artifacts/event-obj/CNTAGION.o
 .rodata._.str.357
                0x00d2a655       0x1a tests/cemu/artifacts/event-obj/CNTAGION.o
 .rodata._.str.358
                0x00d2a66f       0x59 tests/cemu/artifacts/event-obj/CNTAGION.o
 .rodata._.str.359
                0x00d2a6c8       0x19 tests/cemu/artifacts/event-obj/CNTAGION.o
 .rodata._.str.360
                0x00d2a6e1       0x55 tests/cemu/artifacts/event-obj/CNTAGION.o
 .rodata._.str.361
                0x00d2a736       0x18 tests/cemu/artifacts/event-obj/CNTAGION.o
 .rodata._.str.362
                0x00d2a74e       0x6b tests/cemu/artifacts/event-obj/CNTAGION.o
 .rodata._.str.363
                0x00d2a7b9       0x19 tests/cemu/artifacts/event-obj/CNTAGION.o
 .rodata._.str.364
                0x00d2a7d2       0x4d tests/cemu/artifacts/event-obj/CNTAGION.o
 .rodata._.str.365
                0x00d2a81f       0x19 tests/cemu/artifacts/event-obj/CNTAGION.o
 .rodata._.str.366
                0x00d2a838       0x48 tests/cemu/artifacts/event-obj/CNTAGION.o
 .rodata._.str.367
                0x00d2a880       0x1e tests/cemu/artifacts/event-obj/CNTAGION.o
 .rodata._.str.368
                0x00d2a89e       0x6a tests/cemu/artifacts/event-obj/CNTAGION.o
 .rodata._.str.369
                0x00d2a908       0x16 tests/cemu/artifacts/event-obj/CNTAGION.o
 .rodata._.str.370
                0x00d2a91e       0x38 tests/cemu/artifacts/event-obj/CNTAGION.o
 .rodata._.str.371
                0x00d2a956       0x1a tests/cemu/artifacts/event-obj/CNTAGION.o
 .rodata._.str.372
                0x00d2a970       0x68 tests/cemu/artifacts/event-obj/CNTAGION.o
 .rodata._.str.373
                0x00d2a9d8       0x18 tests/cemu/artifacts/event-obj/CNTAGION.o
 .rodata._.str.374
                0x00d2a9f0       0x4c tests/cemu/artifacts/event-obj/CNTAGION.o
 .rodata._.str.375
                0x00d2aa3c       0x1b tests/cemu/artifacts/event-obj/CNTAGION.o
 .rodata._.str.376
                0x00d2aa57       0x59 tests/cemu/artifacts/event-obj/CNTAGION.o
 .rodata._.str.377
                0x00d2aab0       0x1c tests/cemu/artifacts/event-obj/CNTAGION.o
 .rodata._.str.378
                0x00d2aacc       0x53 tests/cemu/artifacts/event-obj/CNTAGION.o
 .rodata._.str.379
                0x00d2ab1f       0x1d tests/cemu/artifacts/event-obj/CNTAGION.o
 .rodata._.str.380
                0x00d2ab3c       0x1d tests/cemu/artifacts/event-obj/CNTAGION.o
 .rodata._.str.381
                0x00d2ab59       0x67 tests/cemu/artifacts/event-obj/CNTAGION.o
 .rodata._.str.382
                0x00d2abc0       0x14 tests/cemu/artifacts/event-obj/CNTAGION.o
 .rodata._.str.383
                0x00d2abd4       0x55 tests/cemu/artifacts/event-obj/CNTAGION.o
 .rodata._.str.384
                0x00d2ac29       0x17 tests/cemu/artifacts/event-obj/CNTAGION.o
 .rodata._.str.385
                0x00d2ac40       0x54 tests/cemu/artifacts/event-obj/CNTAGION.o
 .rodata._.str.386
                0x00d2ac94       0x15 tests/cemu/artifacts/event-obj/CNTAGION.o
 .rodata._.str.387
                0x00d2aca9       0x59 tests/cemu/artifacts/event-obj/CNTAGION.o
 .rodata._.str.388
                0x00d2ad02       0x1a tests/cemu/artifacts/event-obj/CNTAGION.o
 .rodata._.str.389
                0x00d2ad1c       0x50 tests/cemu/artifacts/event-obj/CNTAGION.o
 .rodata._.str.390
                0x00d2ad6c       0x15 tests/cemu/artifacts/event-obj/CNTAGION.o
 .rodata._.str.1.391
                0x00d2ad81       0x18 tests/cemu/artifacts/event-obj/CNTAGION.o
 .rodata._.str.2.392
                0x00d2ad99        0xf tests/cemu/artifacts/event-obj/CNTAGION.o
 .rodata._.str.4.394
                0x00d2ada8       0x1f tests/cemu/artifacts/event-obj/CNTAGION.o
 .rodata._.str.6.396
                0x00d2adc7       0x14 tests/cemu/artifacts/event-obj/CNTAGION.o
 .rodata._.str.7.397
                0x00d2addb       0x13 tests/cemu/artifacts/event-obj/CNTAGION.o
 .rodata._.str.8.398
                0x00d2adee        0x3 tests/cemu/artifacts/event-obj/CNTAGION.o
 .rodata._effect_names
                0x00d2adf1       0x1b tests/cemu/artifacts/event-obj/CNTAGION.o
 .rodata._.str.9.399
                0x00d2ae0c       0x17 tests/cemu/artifacts/event-obj/CNTAGION.o
 .rodata._.str.10.400
                0x00d2ae23        0xa tests/cemu/artifacts/event-obj/CNTAGION.o
 .rodata._.str.11.403
                0x00d2ae2d        0xe tests/cemu/artifacts/event-obj/CNTAGION.o
 .rodata._.str.12.401
                0x00d2ae3b        0xa tests/cemu/artifacts/event-obj/CNTAGION.o
 .rodata._.str.14.404
                0x00d2ae45       0x30 tests/cemu/artifacts/event-obj/CNTAGION.o
 .rodata._.str.15.405
                0x00d2ae75       0x16 tests/cemu/artifacts/event-obj/CNTAGION.o
 .rodata._.str.16.406
                0x00d2ae8b       0x26 tests/cemu/artifacts/event-obj/CNTAGION.o
 .rodata._.str.17.407
                0x00d2aeb1       0x23 tests/cemu/artifacts/event-obj/CNTAGION.o
 .rodata._EventDetail.checks
                0x00d2aed4       0x15 tests/cemu/artifacts/event-obj/CNTAGION.o
 .rodata._.str.18.413
                0x00d2aee9       0x15 tests/cemu/artifacts/event-obj/CNTAGION.o
 .rodata._.str.19.414
                0x00d2aefe       0x1d tests/cemu/artifacts/event-obj/CNTAGION.o
 .rodata._.str.20.415
                0x00d2af1b       0x27 tests/cemu/artifacts/event-obj/CNTAGION.o
 .rodata._.str.21.416
                0x00d2af42       0x1b tests/cemu/artifacts/event-obj/CNTAGION.o
 .rodata._.str.22.417
                0x00d2af5d       0x1b tests/cemu/artifacts/event-obj/CNTAGION.o
 .rodata._.str.23.408
                0x00d2af78        0xf tests/cemu/artifacts/event-obj/CNTAGION.o
 .rodata._.str.24.409
                0x00d2af87       0x22 tests/cemu/artifacts/event-obj/CNTAGION.o
 .rodata._.str.25.410
                0x00d2afa9       0x1f tests/cemu/artifacts/event-obj/CNTAGION.o
 .rodata._.str.26.411
                0x00d2afc8       0x21 tests/cemu/artifacts/event-obj/CNTAGION.o
 .rodata._.str.29.419
                0x00d2afe9        0xd tests/cemu/artifacts/event-obj/CNTAGION.o
 .rodata._.str.30.420
                0x00d2aff6        0xb tests/cemu/artifacts/event-obj/CNTAGION.o
 .rodata._.str.31.421
                0x00d2b001        0xb tests/cemu/artifacts/event-obj/CNTAGION.o
 .rodata._.str.32.422
                0x00d2b00c        0xf tests/cemu/artifacts/event-obj/CNTAGION.o
 .rodata._.str.33.423
                0x00d2b01b       0x13 tests/cemu/artifacts/event-obj/CNTAGION.o
 .rodata._.str.34.424
                0x00d2b02e       0x12 tests/cemu/artifacts/event-obj/CNTAGION.o
 .rodata._.str.35.425
                0x00d2b040       0x13 tests/cemu/artifacts/event-obj/CNTAGION.o
 .rodata._.str.36.426
                0x00d2b053       0x13 tests/cemu/artifacts/event-obj/CNTAGION.o
 .rodata._.str.433
                0x00d2b066       0x1b tests/cemu/artifacts/event-obj/CNTAGION.o
 .rodata._categories
                0x00d2b081        0x9 tests/cemu/artifacts/event-obj/CNTAGION.o
 .rodata._.str.1.434
                0x00d2b08a        0x7 tests/cemu/artifacts/event-obj/CNTAGION.o
 .rodata._branch_labels
                0x00d2b091       0x3f tests/cemu/artifacts/event-obj/CNTAGION.o
 .rodata._.str.2.435
                0x00d2b0d0        0x8 tests/cemu/artifacts/event-obj/CNTAGION.o
 .rodata._.str.3.436
                0x00d2b0d8        0xb tests/cemu/artifacts/event-obj/CNTAGION.o
 .rodata._.str.4.437
                0x00d2b0e3        0x7 tests/cemu/artifacts/event-obj/CNTAGION.o
 .rodata._.str.5.438
                0x00d2b0ea       0x29 tests/cemu/artifacts/event-obj/CNTAGION.o
 .rodata._.str.6.439
                0x00d2b113       0x1e tests/cemu/artifacts/event-obj/CNTAGION.o
 .rodata._.str.7.440
                0x00d2b131       0x12 tests/cemu/artifacts/event-obj/CNTAGION.o
 .rodata._first_node
                0x00d2b143        0x3 tests/cemu/artifacts/event-obj/CNTAGION.o
 .rodata._environments
                0x00d2b146       0x31 tests/cemu/artifacts/event-obj/CNTAGION.o
                0x00d2b146                _environments
 .rodata._.str.8.487
                0x00d2b177       0x21 tests/cemu/artifacts/event-obj/CNTAGION.o
 .rodata._.str.9.488
                0x00d2b198       0x11 tests/cemu/artifacts/event-obj/CNTAGION.o
 .rodata._.str.10.489
                0x00d2b1a9       0x1d tests/cemu/artifacts/event-obj/CNTAGION.o
 .rodata._.str.11.490
                0x00d2b1c6       0x12 tests/cemu/artifacts/event-obj/CNTAGION.o
 .rodata._.str.12.491
                0x00d2b1d8       0x19 tests/cemu/artifacts/event-obj/CNTAGION.o
 .rodata._.str.13.492
                0x00d2b1f1       0x14 tests/cemu/artifacts/event-obj/CNTAGION.o
 .rodata._.str.14.493
                0x00d2b205        0xe tests/cemu/artifacts/event-obj/CNTAGION.o
 .rodata._.str.15.494
                0x00d2b213       0x1c tests/cemu/artifacts/event-obj/CNTAGION.o
 .rodata._.str.16.495
                0x00d2b22f       0x1f tests/cemu/artifacts/event-obj/CNTAGION.o
 .rodata._.str.19.497
                0x00d2b24e       0x14 tests/cemu/artifacts/event-obj/CNTAGION.o
 .rodata._.str.20.499
                0x00d2b262       0x19 tests/cemu/artifacts/event-obj/CNTAGION.o
 .rodata._.str.21.498
                0x00d2b27b       0x1e tests/cemu/artifacts/event-obj/CNTAGION.o
 .rodata._.str.22.500
                0x00d2b299       0x26 tests/cemu/artifacts/event-obj/CNTAGION.o
 .rodata._.str.23.501
                0x00d2b2bf       0x12 tests/cemu/artifacts/event-obj/CNTAGION.o
 .rodata._.str.24.502
                0x00d2b2d1       0x21 tests/cemu/artifacts/event-obj/CNTAGION.o
 .rodata._.str.25.503
                0x00d2b2f2       0x17 tests/cemu/artifacts/event-obj/CNTAGION.o
 .rodata._.str.26.505
                0x00d2b309       0x19 tests/cemu/artifacts/event-obj/CNTAGION.o
 .rodata._.str.27.506
                0x00d2b322       0x20 tests/cemu/artifacts/event-obj/CNTAGION.o
 .rodata._.str.28.507
                0x00d2b342       0x20 tests/cemu/artifacts/event-obj/CNTAGION.o
 .rodata._.str.29.504
                0x00d2b362       0x19 tests/cemu/artifacts/event-obj/CNTAGION.o
 .rodata._.str.30.508
                0x00d2b37b       0x25 tests/cemu/artifacts/event-obj/CNTAGION.o
 .rodata._.str.41.484
                0x00d2b3a0        0xd tests/cemu/artifacts/event-obj/CNTAGION.o
 .rodata._.str.42.485
                0x00d2b3ad        0x9 tests/cemu/artifacts/event-obj/CNTAGION.o
 .rodata._.str.43.486
                0x00d2b3b6        0xa tests/cemu/artifacts/event-obj/CNTAGION.o
 .rodata._.str.44.469
                0x00d2b3c0        0x4 tests/cemu/artifacts/event-obj/CNTAGION.o
 .rodata._.str.45.470
                0x00d2b3c4        0x6 tests/cemu/artifacts/event-obj/CNTAGION.o
 .rodata._.str.46.471
                0x00d2b3ca        0x5 tests/cemu/artifacts/event-obj/CNTAGION.o
 .rodata._.str.47.472
                0x00d2b3cf        0x4 tests/cemu/artifacts/event-obj/CNTAGION.o
 .rodata._.str.48.473
                0x00d2b3d3        0x7 tests/cemu/artifacts/event-obj/CNTAGION.o
 .rodata._.str.49.474
                0x00d2b3da        0x5 tests/cemu/artifacts/event-obj/CNTAGION.o
 .rodata._.str.50.475
                0x00d2b3df        0x6 tests/cemu/artifacts/event-obj/CNTAGION.o
 .rodata._.str.51.476
                0x00d2b3e5        0xc tests/cemu/artifacts/event-obj/CNTAGION.o
 .rodata._.str.52.477
                0x00d2b3f1        0xa tests/cemu/artifacts/event-obj/CNTAGION.o
 .rodata._.str.53.478
                0x00d2b3fb        0x9 tests/cemu/artifacts/event-obj/CNTAGION.o
 .rodata._.str.54.479
                0x00d2b404        0x5 tests/cemu/artifacts/event-obj/CNTAGION.o
 .rodata._.str.55.480
                0x00d2b409        0x5 tests/cemu/artifacts/event-obj/CNTAGION.o
 .rodata._.str.56.481
                0x00d2b40e        0x8 tests/cemu/artifacts/event-obj/CNTAGION.o
 .rodata._.str.57.482
                0x00d2b416        0x7 tests/cemu/artifacts/event-obj/CNTAGION.o
 .rodata._.str.58.483
                0x00d2b41d        0x8 tests/cemu/artifacts/event-obj/CNTAGION.o
 .rodata._.str.59.442
                0x00d2b425       0x12 tests/cemu/artifacts/event-obj/CNTAGION.o
 .rodata._.str.60.443
                0x00d2b437       0x1c tests/cemu/artifacts/event-obj/CNTAGION.o
 .rodata._.str.61.444
                0x00d2b453        0xa tests/cemu/artifacts/event-obj/CNTAGION.o
 .rodata._.str.62.445
                0x00d2b45d        0x5 tests/cemu/artifacts/event-obj/CNTAGION.o
 .rodata._.str.63.446
                0x00d2b462       0x24 tests/cemu/artifacts/event-obj/CNTAGION.o
 .rodata._.str.64.447
                0x00d2b486       0x11 tests/cemu/artifacts/event-obj/CNTAGION.o
 .rodata._.str.65.448
                0x00d2b497       0x12 tests/cemu/artifacts/event-obj/CNTAGION.o
 .rodata._.str.66.449
                0x00d2b4a9       0x15 tests/cemu/artifacts/event-obj/CNTAGION.o
 .rodata._.str.67.450
                0x00d2b4be       0x1a tests/cemu/artifacts/event-obj/CNTAGION.o
 .rodata._reshuffle_reductions
                0x00d2b4d8        0x4 tests/cemu/artifacts/event-obj/CNTAGION.o
                0x00d2b4d8                _reshuffle_reductions
 .rodata._.str.68.451
                0x00d2b4dc       0x21 tests/cemu/artifacts/event-obj/CNTAGION.o
 .rodata._.str.69.452
                0x00d2b4fd       0x19 tests/cemu/artifacts/event-obj/CNTAGION.o
 .rodata._.str.70.453
                0x00d2b516       0x1e tests/cemu/artifacts/event-obj/CNTAGION.o
 .rodata._.str.71.454
                0x00d2b534       0x20 tests/cemu/artifacts/event-obj/CNTAGION.o
 .rodata._.str.72.455
                0x00d2b554       0x21 tests/cemu/artifacts/event-obj/CNTAGION.o
 .rodata._.str.73.459
                0x00d2b575       0x13 tests/cemu/artifacts/event-obj/CNTAGION.o
 .rodata._.str.74.457
                0x00d2b588        0x9 tests/cemu/artifacts/event-obj/CNTAGION.o
 .rodata._.str.75.458
                0x00d2b591        0xa tests/cemu/artifacts/event-obj/CNTAGION.o
 .rodata._.str.76.456
                0x00d2b59b        0xc tests/cemu/artifacts/event-obj/CNTAGION.o
 .rodata._.str.77.461
                0x00d2b5a7       0x12 tests/cemu/artifacts/event-obj/CNTAGION.o
 .rodata._.str.78.460
                0x00d2b5b9       0x13 tests/cemu/artifacts/event-obj/CNTAGION.o
 .rodata._.str.79.462
                0x00d2b5cc        0x5 tests/cemu/artifacts/event-obj/CNTAGION.o
 .rodata._.str.80.465
                0x00d2b5d1        0xf tests/cemu/artifacts/event-obj/CNTAGION.o
 .rodata._.str.81.466
                0x00d2b5e0       0x16 tests/cemu/artifacts/event-obj/CNTAGION.o
 .rodata._.str.82.467
                0x00d2b5f6       0x10 tests/cemu/artifacts/event-obj/CNTAGION.o
 .rodata._.str.83.463
                0x00d2b606        0xb tests/cemu/artifacts/event-obj/CNTAGION.o
 .rodata._.str.84.468
                0x00d2b611       0x1e tests/cemu/artifacts/event-obj/CNTAGION.o
 .rodata._.str.85.464
                0x00d2b62f       0x15 tests/cemu/artifacts/event-obj/CNTAGION.o
 .rodata._.str.526
                0x00d2b644        0x5 tests/cemu/artifacts/event-obj/CNTAGION.o
 .rodata._.str.567
                0x00d2b649        0x1 tests/cemu/artifacts/event-obj/CNTAGION.o
 .rodata._switch.table.TickerUpdate.27
                0x00d2b64a       0x10 tests/cemu/artifacts/event-obj/CNTAGION.o
 .rodata._.str.577
                0x00d2b65a        0x6 tests/cemu/artifacts/event-obj/CNTAGION.o
 .rodata._.str.1.578
                0x00d2b660       0x2f tests/cemu/artifacts/event-obj/CNTAGION.o
 .rodata._.str.2.579
                0x00d2b68f        0x7 tests/cemu/artifacts/event-obj/CNTAGION.o
 .rodata._.str.3.580
                0x00d2b696        0x8 tests/cemu/artifacts/event-obj/CNTAGION.o
 .rodata._.str.4.581
                0x00d2b69e       0x31 tests/cemu/artifacts/event-obj/CNTAGION.o
 .rodata._.str.5.582
                0x00d2b6cf        0x9 tests/cemu/artifacts/event-obj/CNTAGION.o
 .rodata._.str.6.583
                0x00d2b6d8        0xc tests/cemu/artifacts/event-obj/CNTAGION.o
 .rodata._.str.7.584
                0x00d2b6e4       0x1f tests/cemu/artifacts/event-obj/CNTAGION.o
 .rodata._.str.8.585
                0x00d2b703        0xd tests/cemu/artifacts/event-obj/CNTAGION.o
 .rodata._.str.9.586
                0x00d2b710        0xa tests/cemu/artifacts/event-obj/CNTAGION.o
 .rodata._.str.10.587
                0x00d2b71a       0x1f tests/cemu/artifacts/event-obj/CNTAGION.o
 .rodata._.str.11.588
                0x00d2b739        0xb tests/cemu/artifacts/event-obj/CNTAGION.o
 .rodata._.str.12.589
                0x00d2b744        0xa tests/cemu/artifacts/event-obj/CNTAGION.o
 .rodata._.str.13.590
                0x00d2b74e       0x1e tests/cemu/artifacts/event-obj/CNTAGION.o
 .rodata._.str.14.591
                0x00d2b76c        0xb tests/cemu/artifacts/event-obj/CNTAGION.o
 .rodata._.str.15.592
                0x00d2b777        0x8 tests/cemu/artifacts/event-obj/CNTAGION.o
 .rodata._.str.16.593
                0x00d2b77f       0x2a tests/cemu/artifacts/event-obj/CNTAGION.o
 .rodata._.str.17.594
                0x00d2b7a9        0x9 tests/cemu/artifacts/event-obj/CNTAGION.o
 .rodata._.str.18.595
                0x00d2b7b2        0x8 tests/cemu/artifacts/event-obj/CNTAGION.o
 .rodata._.str.19.596
                0x00d2b7ba       0x29 tests/cemu/artifacts/event-obj/CNTAGION.o
 .rodata._.str.20.597
                0x00d2b7e3        0x9 tests/cemu/artifacts/event-obj/CNTAGION.o
 .rodata._.str.21.598
                0x00d2b7ec       0x14 tests/cemu/artifacts/event-obj/CNTAGION.o
 .rodata._.str.22.599
                0x00d2b800       0x1f tests/cemu/artifacts/event-obj/CNTAGION.o
 .rodata._.str.23.600
                0x00d2b81f       0x12 tests/cemu/artifacts/event-obj/CNTAGION.o
 .rodata._.str.24.601
                0x00d2b831       0x2e tests/cemu/artifacts/event-obj/CNTAGION.o
 .rodata._.str.25.602
                0x00d2b85f       0x12 tests/cemu/artifacts/event-obj/CNTAGION.o
 .rodata._.str.26.603
                0x00d2b871       0x23 tests/cemu/artifacts/event-obj/CNTAGION.o
 .rodata._.str.27.604
                0x00d2b894        0x6 tests/cemu/artifacts/event-obj/CNTAGION.o
 .rodata._.str.28.605
                0x00d2b89a       0x24 tests/cemu/artifacts/event-obj/CNTAGION.o
 .rodata._.str.29.606
                0x00d2b8be        0x9 tests/cemu/artifacts/event-obj/CNTAGION.o
 .rodata._.str.30.607
                0x00d2b8c7       0x24 tests/cemu/artifacts/event-obj/CNTAGION.o
 .rodata._.str.31.608
                0x00d2b8eb        0xa tests/cemu/artifacts/event-obj/CNTAGION.o
 .rodata._.str.32.609
                0x00d2b8f5       0x20 tests/cemu/artifacts/event-obj/CNTAGION.o
 .rodata._.str.33.610
                0x00d2b915       0x14 tests/cemu/artifacts/event-obj/CNTAGION.o
 .rodata._.str.34.611
                0x00d2b929       0x27 tests/cemu/artifacts/event-obj/CNTAGION.o
 .rodata._.str.35.612
                0x00d2b950        0x7 tests/cemu/artifacts/event-obj/CNTAGION.o
 .rodata._.str.36.613
                0x00d2b957        0x9 tests/cemu/artifacts/event-obj/CNTAGION.o
 .rodata._.str.37.614
                0x00d2b960        0x9 tests/cemu/artifacts/event-obj/CNTAGION.o
 .rodata._.str.38.615
                0x00d2b969       0x12 tests/cemu/artifacts/event-obj/CNTAGION.o
 .rodata._.str.39.616
                0x00d2b97b        0x5 tests/cemu/artifacts/event-obj/CNTAGION.o
 .rodata._.str.40.617
                0x00d2b980        0x6 tests/cemu/artifacts/event-obj/CNTAGION.o
 .rodata._.str.41.618
                0x00d2b986       0x13 tests/cemu/artifacts/event-obj/CNTAGION.o
 .rodata._.str.42.619
                0x00d2b999        0xe tests/cemu/artifacts/event-obj/CNTAGION.o
 .rodata._.str.43.620
                0x00d2b9a7       0x12 tests/cemu/artifacts/event-obj/CNTAGION.o
 .rodata._.str.44.621
                0x00d2b9b9       0x1c tests/cemu/artifacts/event-obj/CNTAGION.o
 .rodata._.str.45.622
                0x00d2b9d5       0x13 tests/cemu/artifacts/event-obj/CNTAGION.o
 .rodata._.str.46.623
                0x00d2b9e8       0x24 tests/cemu/artifacts/event-obj/CNTAGION.o
 .rodata._.str.47.624
                0x00d2ba0c       0x12 tests/cemu/artifacts/event-obj/CNTAGION.o
 .rodata._.str.48.625
                0x00d2ba1e       0x1c tests/cemu/artifacts/event-obj/CNTAGION.o
 .rodata._.str.49.626
                0x00d2ba3a       0x13 tests/cemu/artifacts/event-obj/CNTAGION.o
 .rodata._.str.50.627
                0x00d2ba4d       0x24 tests/cemu/artifacts/event-obj/CNTAGION.o
 .rodata._.str.51.628
                0x00d2ba71       0x15 tests/cemu/artifacts/event-obj/CNTAGION.o
 .rodata._.str.52.629
                0x00d2ba86       0x22 tests/cemu/artifacts/event-obj/CNTAGION.o
 .rodata._.str.53.630
                0x00d2baa8       0x16 tests/cemu/artifacts/event-obj/CNTAGION.o
 .rodata._.str.54.631
                0x00d2babe       0x2a tests/cemu/artifacts/event-obj/CNTAGION.o
 .rodata._.str.55.632
                0x00d2bae8       0x14 tests/cemu/artifacts/event-obj/CNTAGION.o
 .rodata._.str.56.633
                0x00d2bafc       0x1d tests/cemu/artifacts/event-obj/CNTAGION.o
 .rodata._.str.57.634
                0x00d2bb19       0x15 tests/cemu/artifacts/event-obj/CNTAGION.o
 .rodata._.str.58.635
                0x00d2bb2e       0x1e tests/cemu/artifacts/event-obj/CNTAGION.o
 .rodata._.str.59.636
                0x00d2bb4c       0x14 tests/cemu/artifacts/event-obj/CNTAGION.o
 .rodata._.str.60.637
                0x00d2bb60       0x28 tests/cemu/artifacts/event-obj/CNTAGION.o
 .rodata._.str.61.638
                0x00d2bb88       0x15 tests/cemu/artifacts/event-obj/CNTAGION.o
 .rodata._.str.62.639
                0x00d2bb9d       0x28 tests/cemu/artifacts/event-obj/CNTAGION.o
 *fill*         0x00d2bbc5        0x1 
 .rodata._traits
                0x00d2bbc6      0x35a tests/cemu/artifacts/event-obj/CNTAGION.o
                0x00d2bbc6                _traits
 .rodata._.str.670
                0x00d2bf20        0x2 tests/cemu/artifacts/event-obj/CNTAGION.o
 .rodata._.str.1.671
                0x00d2bf22        0x2 tests/cemu/artifacts/event-obj/CNTAGION.o
 .rodata._.str.2.678
                0x00d2bf24       0x21 tests/cemu/artifacts/event-obj/CNTAGION.o
 .rodata._.str.3.679
                0x00d2bf45        0xc tests/cemu/artifacts/event-obj/CNTAGION.o
 .rodata._.str.4.682
                0x00d2bf51       0x15 tests/cemu/artifacts/event-obj/CNTAGION.o
 .rodata._port_definitions
                0x00d2bf66       0x84 tests/cemu/artifacts/event-obj/CNTAGION.o
                0x00d2bf66                _port_definitions
 .rodata._.str.5.687
                0x00d2bfea        0x7 tests/cemu/artifacts/event-obj/CNTAGION.o
 .rodata._.str.6.688
                0x00d2bff1        0xa tests/cemu/artifacts/event-obj/CNTAGION.o
 .rodata._.str.7.689
                0x00d2bffb        0xf tests/cemu/artifacts/event-obj/CNTAGION.o
 .rodata._.str.8.691
                0x00d2c00a       0x19 tests/cemu/artifacts/event-obj/CNTAGION.o
 .rodata._.str.9.690
                0x00d2c023       0x1a tests/cemu/artifacts/event-obj/CNTAGION.o
 .rodata._.str.10.692
                0x00d2c03d        0xd tests/cemu/artifacts/event-obj/CNTAGION.o
 .rodata._.str.11.693
                0x00d2c04a       0x1d tests/cemu/artifacts/event-obj/CNTAGION.o
 .rodata._spore_costs
                0x00d2c067        0x3 tests/cemu/artifacts/event-obj/CNTAGION.o
                0x00d2c067                _spore_costs
 .rodata._.str.12.694
                0x00d2c06a       0x1d tests/cemu/artifacts/event-obj/CNTAGION.o
 .rodata._.str.13.695
                0x00d2c087       0x11 tests/cemu/artifacts/event-obj/CNTAGION.o
 .rodata._.str.14.696
                0x00d2c098        0xc tests/cemu/artifacts/event-obj/CNTAGION.o
 .rodata._.str.15.697
                0x00d2c0a4       0x10 tests/cemu/artifacts/event-obj/CNTAGION.o
 .rodata._.str.16.698
                0x00d2c0b4        0x7 tests/cemu/artifacts/event-obj/CNTAGION.o
 .rodata._.str.17.699
                0x00d2c0bb        0x7 tests/cemu/artifacts/event-obj/CNTAGION.o
 .rodata._.str.18.700
                0x00d2c0c2        0xe tests/cemu/artifacts/event-obj/CNTAGION.o
 .rodata._.str.31.756
                0x00d2c0d0       0x1c tests/cemu/artifacts/event-obj/CNTAGION.o
 .rodata._.str.32.757
                0x00d2c0ec       0x20 tests/cemu/artifacts/event-obj/CNTAGION.o
 .rodata._.str.33.758
                0x00d2c10c       0x27 tests/cemu/artifacts/event-obj/CNTAGION.o
 .rodata._.str.34.759
                0x00d2c133       0x15 tests/cemu/artifacts/event-obj/CNTAGION.o
 .rodata._.str.35.760
                0x00d2c148       0x18 tests/cemu/artifacts/event-obj/CNTAGION.o
 .rodata._SaveExit.choices
                0x00d2c160        0x9 tests/cemu/artifacts/event-obj/CNTAGION.o
 .rodata._.str.36.705
                0x00d2c169       0x14 tests/cemu/artifacts/event-obj/CNTAGION.o
 .rodata._.str.37.706
                0x00d2c17d        0xb tests/cemu/artifacts/event-obj/CNTAGION.o
 .rodata._.str.38.704
                0x00d2c188       0x14 tests/cemu/artifacts/event-obj/CNTAGION.o
 .rodata._.str.39.701
                0x00d2c19c       0x21 tests/cemu/artifacts/event-obj/CNTAGION.o
 .rodata._SaveExit.confirm
                0x00d2c1bd        0x6 tests/cemu/artifacts/event-obj/CNTAGION.o
 .rodata._.str.40.703
                0x00d2c1c3        0x8 tests/cemu/artifacts/event-obj/CNTAGION.o
 .rodata._.str.41.702
                0x00d2c1cb       0x1a tests/cemu/artifacts/event-obj/CNTAGION.o
 .rodata._InitializeMap.names
                0x00d2c1e5       0x15 tests/cemu/artifacts/event-obj/CNTAGION.o
 .rodata._.str.42.742
                0x00d2c1fa        0x7 tests/cemu/artifacts/event-obj/CNTAGION.o
 .rodata._.str.43.743
                0x00d2c201        0x5 tests/cemu/artifacts/event-obj/CNTAGION.o
 .rodata._.str.44.744
                0x00d2c206        0x7 tests/cemu/artifacts/event-obj/CNTAGION.o
 .rodata._.str.45.745
                0x00d2c20d        0xa tests/cemu/artifacts/event-obj/CNTAGION.o
 .rodata._.str.46.746
                0x00d2c217        0xe tests/cemu/artifacts/event-obj/CNTAGION.o
 .rodata._.str.47.747
                0x00d2c225        0xe tests/cemu/artifacts/event-obj/CNTAGION.o
 .rodata._.str.48.748
                0x00d2c233        0x8 tests/cemu/artifacts/event-obj/CNTAGION.o
 .rodata._InitializeMap.x
                0x00d2c23b        0x7 tests/cemu/artifacts/event-obj/CNTAGION.o
 .rodata._InitializeMap.y
                0x00d2c242        0x7 tests/cemu/artifacts/event-obj/CNTAGION.o
 .rodata._map_sprites
                0x00d2c249       0x15 tests/cemu/artifacts/event-obj/CNTAGION.o
 .rodata._.str.61.724
                0x00d2c25e        0x9 tests/cemu/artifacts/event-obj/CNTAGION.o
 *fill*         0x00d2c267        0x1 
 .rodata._event_catalog
                0x00d2c268     0x15e0 tests/cemu/artifacts/event-obj/CNTAGION.o
                0x00d2c268                _event_catalog
 .rodata._.str.72.749
                0x00d2d848        0x7 tests/cemu/artifacts/event-obj/CNTAGION.o
 .rodata._.str.73.763
                0x00d2d84f        0x8 tests/cemu/artifacts/event-obj/CNTAGION.o
 .rodata._.str.74.764
                0x00d2d857        0x8 tests/cemu/artifacts/event-obj/CNTAGION.o
 .rodata._.str.75.762
                0x00d2d85f       0x13 tests/cemu/artifacts/event-obj/CNTAGION.o
 .rodata._.str.76.750
                0x00d2d872        0x2 tests/cemu/artifacts/event-obj/CNTAGION.o
 .rodata._.str.77.751
                0x00d2d874        0x7 tests/cemu/artifacts/event-obj/CNTAGION.o
 .rodata._.str.78.752
                0x00d2d87b        0x8 tests/cemu/artifacts/event-obj/CNTAGION.o
 .rodata._.str.79.761
                0x00d2d883        0x2 tests/cemu/artifacts/event-obj/CNTAGION.o
 .rodata._npf_vpprintf
                0x00d2d885      0x102 tests/cemu/artifacts/event-obj/CNTAGION.o
 .rodata._.str  0x00d2d987        0x4 tests/cemu/artifacts/event-obj/CNTAGION.o
 .rodata._.str.1
                0x00d2d98b        0x4 tests/cemu/artifacts/event-obj/CNTAGION.o
 .rodata._.str.2
                0x00d2d98f        0x4 tests/cemu/artifacts/event-obj/CNTAGION.o
 .rodata.libload
                0x00d2d993       0x22 tests/cemu/artifacts/event-obj/crt0.o

.init_array     0x00d2d9b5        0x0
                [!provide]                        PROVIDE (__init_array_start = .)
 *(.preinit_array)
 *(SORT_BY_INIT_PRIORITY(.init_array.*))
 *(.init_array)
                [!provide]                        PROVIDE (__init_array_end = .)

.fini_array     0x00d2d9b5        0x0
                [!provide]                        PROVIDE (__fini_array_start = .)
 *(SORT_BY_INIT_PRIORITY(.fini_array.*))
 *(.fini_array)
                [!provide]                        PROVIDE (__fini_array_end = .)
                0x00d2d9b5                        ___data_low = .

.data           0x00d2d9b5     0x2a5b
 *(.data .data.* .gnu.linkonce.d.*)
 .data          0x00d2d9b5       0x10 tests/cemu/artifacts/event-obj/CNTAGION.o
 .data._africa_data
                0x00d2d9c5      0x75a tests/cemu/artifacts/event-obj/CNTAGION.o
                0x00d2d9c5                _africa_data
 .data._asia_data
                0x00d2e11f      0xdf9 tests/cemu/artifacts/event-obj/CNTAGION.o
                0x00d2e11f                _asia_data
 .data._europe_data
                0x00d2ef18      0x302 tests/cemu/artifacts/event-obj/CNTAGION.o
                0x00d2ef18                _europe_data
 .data._greenland_data
                0x00d2f21a      0x152 tests/cemu/artifacts/event-obj/CNTAGION.o
                0x00d2f21a                _greenland_data
 .data._northamerica_data
                0x00d2f36c      0x7b2 tests/cemu/artifacts/event-obj/CNTAGION.o
                0x00d2f36c                _northamerica_data
 .data._southamerica_data
                0x00d2fb1e      0x4d2 tests/cemu/artifacts/event-obj/CNTAGION.o
                0x00d2fb1e                _southamerica_data
 .data._oceania_data
                0x00d2fff0      0x420 tests/cemu/artifacts/event-obj/CNTAGION.o
                0x00d2fff0                _oceania_data
 *(.data1)
                0x00d30410                        ___runprgm_reloc_start = .
 *(.runprgm.reloc)
                0x00d30410                        ___runprgm_reloc_end = .
                0x00d30410                        ___data_high = .
                0x00002a5b                        ___data_len = (___data_high - ___data_low)
                0x00d052c6                        . = BSSHEAP_LOW
                0x00d052c6                        ___bss_low = .

.bss            0x00d052c6      0x24b
 *(.dynbss)
 *(.bss .bss.* .gnu.linkonce.b.*)
 .bss._canpress
                0x00d052c6        0x1 tests/cemu/artifacts/event-obj/CNTAGION.o
 *fill*         0x00d052c7        0x1 
 .bss._region   0x00d052c8       0x70 tests/cemu/artifacts/event-obj/CNTAGION.o
                0x00d052c8                _region
 .bss._world_events
                0x00d05338       0x32 tests/cemu/artifacts/event-obj/CNTAGION.o
                0x00d05338                _world_events
 .bss._disease  0x00d0536a       0x3a tests/cemu/artifacts/event-obj/CNTAGION.o
                0x00d0536a                _disease
 .bss._effects  0x00d053a4       0x1c tests/cemu/artifacts/event-obj/CNTAGION.o
                0x00d053a4                _effects
 .bss._event_modifiers
                0x00d053c0       0x30 tests/cemu/artifacts/event-obj/CNTAGION.o
                0x00d053c0                _event_modifiers
 .bss._session  0x00d053f0        0x9 tests/cemu/artifacts/event-obj/CNTAGION.o
                0x00d053f0                _session
 .bss._port     0x00d053f9       0x84 tests/cemu/artifacts/event-obj/CNTAGION.o
                0x00d053f9                _port
 .bss._connection
                0x00d0547d        0x1 tests/cemu/artifacts/event-obj/CNTAGION.o
 .bss._destination_port
                0x00d0547e        0x1 tests/cemu/artifacts/event-obj/CNTAGION.o
 .bss._source_port
                0x00d0547f        0x1 tests/cemu/artifacts/event-obj/CNTAGION.o
 .bss._native_check
                0x00d05480        0x2 tests/cemu/artifacts/event-obj/CNTAGION.o
                0x00d05480                _native_check
 .bss._ticker   0x00d05482       0x86 tests/cemu/artifacts/event-obj/CNTAGION.o
                0x00d05482                _ticker
 .bss._pc_cnt.0
                0x00d05508        0x3 tests/cemu/artifacts/event-obj/CNTAGION.o
 .bss._pc_cnt.1
                0x00d0550b        0x3 tests/cemu/artifacts/event-obj/CNTAGION.o
 .bss._pc_cnt.2
                0x00d0550e        0x3 tests/cemu/artifacts/event-obj/CNTAGION.o
 *(COMMON)
                0x00d05511                        ___bss_high = .
                0x0000024b                        ___bss_len = (___bss_high - ___bss_low)
                0x00000001                        ASSERT ((. <= BSSHEAP_HIGH), Error: BSS exceed BSSHEAP_HIGH limit)
                0x00d05511                        ___heap_low = .
                0x00d13fd8                        . = BSSHEAP_HIGH
                0x00d13fd8                        ___heap_high = .

.runprgm
 *(.runprgm.reloc)

.debug_info
 *(.debug_info .debug_info.*)

.debug_abbrev
 *(.debug_abbrev .debug_abbrev.*)

.debug_line
 *(.debug_line .debug_line.*)

.debug_line_str
 *(.debug_line_str .debug_line_str.*)

.debug_str
 *(.debug_str .debug_str.*)

.debug_str_offsets
 *(.debug_str_offsets .debug_str_offsets.*)

.debug_addr
 *(.debug_addr .debug_addr.*)

.debug_aranges
 *(.debug_aranges .debug_aranges.*)

.debug_ranges
 *(.debug_ranges .debug_ranges.*)

.debug_rnglists
 *(.debug_rnglists .debug_rnglists.*)

.debug_loc
 *(.debug_loc .debug_loc.*)

.debug_loclists
 *(.debug_loclists .debug_loclists.*)

.debug_frame
 *(.debug_frame .debug_frame.*)

.debug_macro
 *(.debug_macro .debug_macro.*)

.debug_macinfo
 *(.debug_macinfo .debug_macinfo.*)

.debug_names
 *(.debug_names .debug_names.*)

.debug_pubnames
 *(.debug_pubnames .debug_pubnames.*)

.debug_pubtypes
 *(.debug_pubtypes .debug_pubtypes.*)

.debug_types
 *(.debug_types .debug_types.*)

.debug_sup
 *(.debug_sup .debug_sup.*)

.debug_cu_index
 *(.debug_cu_index .debug_cu_index.*)

.debug_tu_index
 *(.debug_tu_index .debug_tu_index.*)

.gdb_index
 *(.gdb_index)

.debug_gdb_scripts
 *(.debug_gdb_scripts)

.debug_abbrev.dwo
 *(.debug_abbrev.dwo .debug_abbrev.dwo.*)

.debug_info.dwo
 *(.debug_info.dwo .debug_info.dwo.*)

.debug_line.dwo
 *(.debug_line.dwo .debug_line.dwo.*)

.debug_loclists.dwo
 *(.debug_loclists.dwo .debug_loclists.dwo.*)

.debug_macro.dwo
 *(.debug_macro.dwo .debug_macro.dwo.*)

.debug_rnglists.dwo
 *(.debug_rnglists.dwo .debug_rnglists.dwo.*)

.debug_str.dwo
 *(.debug_str.dwo .debug_str.dwo.*)

.debug_str_offsets.dwo
 *(.debug_str_offsets.dwo .debug_str_offsets.dwo.*)

.eh_frame
 *(.eh_frame)

.eh_frame_hdr
 *(.eh_frame_hdr)

/DISCARD/
 *(.comment)
 *(.note*)
                [!provide]                        PROVIDE (___runprgm_reloc_len = (___runprgm_reloc_end - ___runprgm_reloc_start))
LOAD tests/cemu/artifacts/event-obj/CNTAGION.o
LOAD tests/cemu/artifacts/event-obj/crt0.o
START GROUP
LOAD /tmp/contagion-cedev-mount/CEdev/lib/libc/allocator_standard.a
LOAD /tmp/contagion-cedev-mount/CEdev/lib/crt/libcrt.a
LOAD /tmp/contagion-cedev-mount/CEdev/lib/ce/libce.a
LOAD /tmp/contagion-cedev-mount/CEdev/lib/softfloat/libsoftfloat.a
LOAD /tmp/contagion-cedev-mount/CEdev/lib/libc/libc_os.a
LOAD /tmp/contagion-cedev-mount/CEdev/lib/libcxx/libcxx.a
END GROUP
OUTPUT(tests/cemu/artifacts/event-bin/CNTAGION.obj elf32-z80)
