
Merging object attributes


Discarded input sections

 .comment       0x00000000      0xad9 tests/cemu/artifacts/native-obj/CNTAGION.o
 .note.GNU-stack
                0x00000000        0x0 tests/cemu/artifacts/native-obj/CNTAGION.o
 .init.weak_crt
                0x00000000       0x10 tests/cemu/artifacts/native-obj/CNTAGION.o
 .text          0x00000000        0x0 tests/cemu/artifacts/native-obj/crt0.o
 .data          0x00000000        0x0 tests/cemu/artifacts/native-obj/crt0.o
 .bss           0x00000000        0x0 tests/cemu/artifacts/native-obj/crt0.o

Memory Configuration

Name             Origin             Length             Attributes
prgm             0x00d1a87f         0x00400000
bss              0x00d052c6         0x0000ed12
*default*        0x00000000         0xffffffff

Linker script and memory map

                0x00d1a87f                        LOAD_ADDR = 0xd1a87f
                0x00d052c6                        BSSHEAP_LOW = 0xd052c6
                0x00d13fd8                        BSSHEAP_HIGH = 0xd13fd8
                0x00d1a87e                        STACK_HIGH = 0xd1a87e
                0x00000001                        __TICE__ = 0x1
                0x00d1a87f                        . = LOAD_ADDR

.header         0x00d1a87f      0x11d
 *(.header)
 .header        0x00d1a87f        0x3 tests/cemu/artifacts/native-obj/crt0.o
 *(.header.icon)
 .header.icon   0x00d1a882      0x11a tests/cemu/artifacts/native-obj/CNTAGION.o
                0x00d1a887                ___icon
                0x00d1a989                ___description

.init           0x00d1a99c      0x157
 *(.init)
 .init          0x00d1a99c      0x157 tests/cemu/artifacts/native-obj/crt0.o
                0x00d1a99c                __start
                0x00d1a9f9                __libload_library_FILEIOC
                0x00d1aa03                _ti_Open
                0x00d1aa07                _ti_Close
                0x00d1aa0b                _ti_Write
                0x00d1aa0f                _ti_Read
                0x00d1aa13                _ti_Delete
                0x00d1aa17                _ti_Seek
                0x00d1aa1b                _ti_Resize
                0x00d1aa1f                _ti_IsArchived
                0x00d1aa23                _ti_GetSize
                0x00d1aa27                __libload_library_GRAPHX
                0x00d1aa30                _gfx_Begin
                0x00d1aa34                _gfx_SetColor
                0x00d1aa38                _gfx_FillScreen
                0x00d1aa3c                _gfx_SetDraw
                0x00d1aa40                _gfx_SwapDraw
                0x00d1aa44                _gfx_PrintStringXY
                0x00d1aa48                _gfx_SetTextBGColor
                0x00d1aa4c                _gfx_SetTextFGColor
                0x00d1aa50                _gfx_SetTextTransparentColor
                0x00d1aa54                _gfx_GetStringWidth
                0x00d1aa58                _gfx_Line
                0x00d1aa5c                _gfx_Circle
                0x00d1aa60                _gfx_FillCircle
                0x00d1aa64                _gfx_Rectangle
                0x00d1aa68                _gfx_FillRectangle
                0x00d1aa6c                _gfx_SetTextScale
                0x00d1aa70                __libload_library_KEYPADC
                0x00d1aa7a                _kb_Scan
                0x00d1aab7                ___exithl
                0x00d1aab8                _exit.sp

.text           0x00d1aaf3     0x791c
 *(.text.unlikely .text.*_unlikely .text.unlikely.*)
 *(.text.exit .text.exit.*)
 *(.text.startup .text.startup.*)
 *(.text.hot .text.hot.*)
 *(SORT_BY_NAME(.text.sorted.*))
 *(.text .stub .text.* .gnu.linkonce.t.*)
 .text          0x00d1aaf3      0x615 tests/cemu/artifacts/native-obj/CNTAGION.o
                0x00d1aaf3                __land
                0x00d1aaf7                __iand
                0x00d1ab0e                __bshl
                0x00d1ab17                __dcmp
                0x00d1ab75                __frameset
                0x00d1ab83                __frameset0
                0x00d1ab8e                __ftod
                0x00d1abd6                __idivs
                0x00d1abdd                __idivu
                0x00d1abe5                __idvrms
                0x00d1ac13                __idvrmu
                0x00d1ac17                __idvrmu.hijack_a_iters_ude_dividend
                0x00d1ac2d                __imulu
                0x00d1ac2d                __imuls
                0x00d1ac5d                __indcallhl
                0x00d1ac5e                __sneg
                0x00d1ac5e                __ineg
                0x00d1ac67                __iremu
                0x00d1ac6e                __sshl
                0x00d1ac6e                __ishl
                0x00d1ac94                __ishru
                0x00d1ac99                __ishrs
                0x00d1acd5                __ishru_1
                0x00d1ace3                __ladd
                0x00d1ace9                __lcmps
                0x00d1acf6                __lcmpu
                0x00d1acfe                __lcmpzero
                0x00d1acfe                __lequzero
                0x00d1ad09                __ldivu
                0x00d1ad13                __ldivu_lremu_common
                0x00d1ad3b                __lladd
                0x00d1ad5f                __lland
                0x00d1ad9b                __llcmps
                0x00d1adc8                __llcmpu
                0x00d1adf2                __llequzero
                0x00d1adf2                __llcmpzero
                0x00d1ae07                __lldivu
                0x00d1ae1b                __lldvrmu
                0x00d1ae22                __lldvrmu.hijack
                0x00d1ae79                __llmulu
                0x00d1aece                __llshl
                0x00d1aee8                __llshru
                0x00d1af18                __llshrs
                0x00d1af54                __llxor
                0x00d1af90                __lmulu
                0x00d1af90                __lmuls
                0x00d1afec                __lnot
                0x00d1aff9                __lshl
                0x00d1b006                __lshrs
                0x00d1b020                __lshru
                0x00d1b02e                __lsub
                0x00d1b038                __lor
                0x00d1b03c                __ior
                0x00d1b053                __sand
                0x00d1b05c                __sdivu
                0x00d1b064                __sdvrms_abs
                0x00d1b084                __sdvrmu
                0x00d1b094                __setflag
                0x00d1b09e                __smulu
                0x00d1b09e                __smuls
                0x00d1b0b1                __sor
                0x00d1b0ba                __srems
                0x00d1b0c5                __sremu
                0x00d1b0cc                __lxor
                0x00d1b0d0                __ixor
                0x00d1b0e7                _memcpy
 .text._Owns    0x00d1b108       0x52 tests/cemu/artifacts/native-obj/CNTAGION.o
                0x00d1b108                _Owns
 .text._Eligible
                0x00d1b15a       0xa2 tests/cemu/artifacts/native-obj/CNTAGION.o
                0x00d1b15a                _Eligible
 .text._Purchase
                0x00d1b1fc       0xe3 tests/cemu/artifacts/native-obj/CNTAGION.o
                0x00d1b1fc                _Purchase
 .text._SetOwned
                0x00d1b2df       0x51 tests/cemu/artifacts/native-obj/CNTAGION.o
 .text._CanDevolve
                0x00d1b330       0x96 tests/cemu/artifacts/native-obj/CNTAGION.o
                0x00d1b330                _CanDevolve
 .text._Devolve
                0x00d1b3c6       0xb2 tests/cemu/artifacts/native-obj/CNTAGION.o
                0x00d1b3c6                _Devolve
 .text._CalculateEffects
                0x00d1b478      0x712 tests/cemu/artifacts/native-obj/CNTAGION.o
                0x00d1b478                _CalculateEffects
 .text._Level   0x00d1bb8a       0x3b tests/cemu/artifacts/native-obj/CNTAGION.o
 .text._EvaluateOutcome
                0x00d1bbc5       0x84 tests/cemu/artifacts/native-obj/CNTAGION.o
                0x00d1bbc5                _EvaluateOutcome
 .text._ValidateDisease
                0x00d1bc49      0x443 tests/cemu/artifacts/native-obj/CNTAGION.o
                0x00d1bc49                _ValidateDisease
 .text._EvolutionMenu
                0x00d1c08c     0x15f0 tests/cemu/artifacts/native-obj/CNTAGION.o
                0x00d1c08c                _EvolutionMenu
 .text._StateSymbol
                0x00d1d67c       0x65 tests/cemu/artifacts/native-obj/CNTAGION.o
 .text._RegionInfo
                0x00d1d6e1      0x315 tests/cemu/artifacts/native-obj/CNTAGION.o
                0x00d1d6e1                _RegionInfo
 .text._SporeMenu
                0x00d1d9f6      0x252 tests/cemu/artifacts/native-obj/CNTAGION.o
                0x00d1d9f6                _SporeMenu
 .text._ResultScreen
                0x00d1dc48      0x2b7 tests/cemu/artifacts/native-obj/CNTAGION.o
                0x00d1dc48                _ResultScreen
 .text._LoadData
                0x00d1deff       0x56 tests/cemu/artifacts/native-obj/CNTAGION.o
                0x00d1deff                _LoadData
 .text._ReadNamed
                0x00d1df55       0xb0 tests/cemu/artifacts/native-obj/CNTAGION.o
 .text._FileRead
                0x00d1e005       0x31 tests/cemu/artifacts/native-obj/CNTAGION.o
 .text._FileWrite
                0x00d1e036       0x31 tests/cemu/artifacts/native-obj/CNTAGION.o
 .text._FileSeek
                0x00d1e067       0x2c tests/cemu/artifacts/native-obj/CNTAGION.o
 .text._SaveData
                0x00d1e093       0xfd tests/cemu/artifacts/native-obj/CNTAGION.o
                0x00d1e093                _SaveData
 .text._CopyNamed
                0x00d1e190      0x105 tests/cemu/artifacts/native-obj/CNTAGION.o
 .text._SaveSize
                0x00d1e295       0x77 tests/cemu/artifacts/native-obj/CNTAGION.o
                0x00d1e295                _SaveSize
 .text._EncodeSave
                0x00d1e30c      0x13a tests/cemu/artifacts/native-obj/CNTAGION.o
                0x00d1e30c                _EncodeSave
 .text._Header  0x00d1e446       0xac tests/cemu/artifacts/native-obj/CNTAGION.o
 .text._State   0x00d1e4f2      0x20f tests/cemu/artifacts/native-obj/CNTAGION.o
 .text._Geometry
                0x00d1e701       0x69 tests/cemu/artifacts/native-obj/CNTAGION.o
 .text._Bytes   0x00d1e76a       0xbd tests/cemu/artifacts/native-obj/CNTAGION.o
 .text._Checksum
                0x00d1e827       0x4e tests/cemu/artifacts/native-obj/CNTAGION.o
 .text._U32     0x00d1e875       0xd2 tests/cemu/artifacts/native-obj/CNTAGION.o
 .text._U16     0x00d1e947       0x55 tests/cemu/artifacts/native-obj/CNTAGION.o
 .text._U8      0x00d1e99c       0x1a tests/cemu/artifacts/native-obj/CNTAGION.o
 .text._ValidateSave
                0x00d1e9b6       0x1d tests/cemu/artifacts/native-obj/CNTAGION.o
                0x00d1e9b6                _ValidateSave
 .text._ReadSave
                0x00d1e9d3      0x761 tests/cemu/artifacts/native-obj/CNTAGION.o
 .text._DecodeSave
                0x00d1f134       0x40 tests/cemu/artifacts/native-obj/CNTAGION.o
                0x00d1f134                _DecodeSave
 .text._RecountRegion
                0x00d1f174       0xb9 tests/cemu/artifacts/native-obj/CNTAGION.o
                0x00d1f174                _RecountRegion
 .text._CountWorld
                0x00d1f22d       0xb8 tests/cemu/artifacts/native-obj/CNTAGION.o
                0x00d1f22d                _CountWorld
 .text._SetCell
                0x00d1f2e5       0x97 tests/cemu/artifacts/native-obj/CNTAGION.o
                0x00d1f2e5                _SetCell
 .text._SeedRegion
                0x00d1f37c       0xbc tests/cemu/artifacts/native-obj/CNTAGION.o
                0x00d1f37c                _SeedRegion
 .text._SporeBurst
                0x00d1f438       0x9e tests/cemu/artifacts/native-obj/CNTAGION.o
                0x00d1f438                _SporeBurst
 .text._GameRandom
                0x00d1f4d6       0x31 tests/cemu/artifacts/native-obj/CNTAGION.o
                0x00d1f4d6                _GameRandom
 .text._ReadKey
                0x00d1f507       0xda tests/cemu/artifacts/native-obj/CNTAGION.o
                0x00d1f507                _ReadKey
 .text._ScannedKeyDown
                0x00d1f5e1       0x2e tests/cemu/artifacts/native-obj/CNTAGION.o
 .text._ReleaseKeys
                0x00d1f60f       0x13 tests/cemu/artifacts/native-obj/CNTAGION.o
                0x00d1f60f                _ReleaseKeys
 .text._WaitKey
                0x00d1f622        0xe tests/cemu/artifacts/native-obj/CNTAGION.o
                0x00d1f622                _WaitKey
 .text._EndModal
                0x00d1f630       0x11 tests/cemu/artifacts/native-obj/CNTAGION.o
                0x00d1f630                _EndModal
 .text._MenuMove
                0x00d1f641       0x52 tests/cemu/artifacts/native-obj/CNTAGION.o
                0x00d1f641                _MenuMove
 .text._MenuItem
                0x00d1f693       0x7e tests/cemu/artifacts/native-obj/CNTAGION.o
                0x00d1f693                _MenuItem
 .text._Text    0x00d1f711       0x3e tests/cemu/artifacts/native-obj/CNTAGION.o
                0x00d1f711                _Text
 .text._ChooseMenu
                0x00d1f74f      0x107 tests/cemu/artifacts/native-obj/CNTAGION.o
                0x00d1f74f                _ChooseMenu
 .text._BeginScreen
                0x00d1f856       0x6d tests/cemu/artifacts/native-obj/CNTAGION.o
                0x00d1f856                _BeginScreen
 .text._WrapText
                0x00d1f8c3      0x127 tests/cemu/artifacts/native-obj/CNTAGION.o
                0x00d1f8c3                _WrapText
 .text._QueueNews
                0x00d1f9ea       0x50 tests/cemu/artifacts/native-obj/CNTAGION.o
                0x00d1f9ea                _QueueNews
 .text._ResetGameState
                0x00d1fa3a       0xfe tests/cemu/artifacts/native-obj/CNTAGION.o
                0x00d1fa3a                _ResetGameState
 .text._ActionsMenu
                0x00d1fb38      0x257 tests/cemu/artifacts/native-obj/CNTAGION.o
                0x00d1fb38                _ActionsMenu
 .text._SaveExit
                0x00d1fd8f       0xa2 tests/cemu/artifacts/native-obj/CNTAGION.o
 .text._InitializeMap
                0x00d1fe31       0x9b tests/cemu/artifacts/native-obj/CNTAGION.o
 .text._main    0x00d1fecc      0x97f tests/cemu/artifacts/native-obj/CNTAGION.o
                0x00d1fecc                _main
 .text._Check   0x00d2084b       0x66 tests/cemu/artifacts/native-obj/CNTAGION.o
 .text._RestoreCheck
                0x00d208b1       0xcc tests/cemu/artifacts/native-obj/CNTAGION.o
 .text._Corrupt
                0x00d2097d       0x76 tests/cemu/artifacts/native-obj/CNTAGION.o
 .text._npf_vpprintf
                0x00d209f3     0x1775 tests/cemu/artifacts/native-obj/CNTAGION.o
                0x00d209f3                _npf_vpprintf
 .text._NPF_PUTC_IMPL
                0x00d22168       0x2d tests/cemu/artifacts/native-obj/CNTAGION.o
 .text._npf_utoa_rev
                0x00d22195       0xe6 tests/cemu/artifacts/native-obj/CNTAGION.o
 .text._vsnprintf
                0x00d2227b       0x88 tests/cemu/artifacts/native-obj/CNTAGION.o
                0x00d2227b                _vsnprintf
 .text._npf_bufputc
                0x00d22303       0x25 tests/cemu/artifacts/native-obj/CNTAGION.o
 .text._npf_bufputc_nop
                0x00d22328        0x7 tests/cemu/artifacts/native-obj/CNTAGION.o
 .text._snprintf
                0x00d2232f       0x28 tests/cemu/artifacts/native-obj/CNTAGION.o
                0x00d2232f                _snprintf
 .text.__bctlz  0x00d22357       0x22 tests/cemu/artifacts/native-obj/CNTAGION.o
                0x00d22357                __bctlz
 .text.__sctlz  0x00d22379        0xc tests/cemu/artifacts/native-obj/CNTAGION.o
                0x00d22379                __sctlz
 .text.__ictlz  0x00d22385       0x12 tests/cemu/artifacts/native-obj/CNTAGION.o
                0x00d22385                __ictlz
 .text.__llctlz
                0x00d22397        0xe tests/cemu/artifacts/native-obj/CNTAGION.o
                0x00d22397                __llctlz
 .text.__i48ctlz
                0x00d223a5       0x15 tests/cemu/artifacts/native-obj/CNTAGION.o
                0x00d223a5                __i48ctlz
 .text._random  0x00d223ba       0x55 tests/cemu/artifacts/native-obj/CNTAGION.o
                0x00d223ba                _random
 *(.gnu.warning)

.rodata         0x00d22410     0x14e2
 *(.rodata .rodata.* .gnu.linkonce.r.*)
 .rodata._SporeMenu
                0x00d22410        0xc tests/cemu/artifacts/native-obj/CNTAGION.o
 .rodata._.str  0x00d2241c        0xd tests/cemu/artifacts/native-obj/CNTAGION.o
 .rodata._.str.1
                0x00d22429        0xa tests/cemu/artifacts/native-obj/CNTAGION.o
 .rodata._.str.2
                0x00d22433        0xb tests/cemu/artifacts/native-obj/CNTAGION.o
 .rodata._.str.4
                0x00d2243e       0x1b tests/cemu/artifacts/native-obj/CNTAGION.o
 .rodata._categories
                0x00d22459        0x9 tests/cemu/artifacts/native-obj/CNTAGION.o
 .rodata._.str.1.5
                0x00d22462        0x7 tests/cemu/artifacts/native-obj/CNTAGION.o
 .rodata._branch_labels
                0x00d22469       0x3f tests/cemu/artifacts/native-obj/CNTAGION.o
 .rodata._.str.2.6
                0x00d224a8        0x8 tests/cemu/artifacts/native-obj/CNTAGION.o
 .rodata._.str.3.7
                0x00d224b0        0xb tests/cemu/artifacts/native-obj/CNTAGION.o
 .rodata._.str.4.8
                0x00d224bb        0x7 tests/cemu/artifacts/native-obj/CNTAGION.o
 .rodata._.str.5
                0x00d224c2       0x29 tests/cemu/artifacts/native-obj/CNTAGION.o
 .rodata._.str.6
                0x00d224eb       0x1e tests/cemu/artifacts/native-obj/CNTAGION.o
 .rodata._.str.7
                0x00d22509       0x12 tests/cemu/artifacts/native-obj/CNTAGION.o
 .rodata._first_node
                0x00d2251b        0x3 tests/cemu/artifacts/native-obj/CNTAGION.o
 .rodata._environments
                0x00d2251e       0x31 tests/cemu/artifacts/native-obj/CNTAGION.o
                0x00d2251e                _environments
 .rodata._.str.8
                0x00d2254f       0x21 tests/cemu/artifacts/native-obj/CNTAGION.o
 .rodata._.str.9
                0x00d22570       0x11 tests/cemu/artifacts/native-obj/CNTAGION.o
 .rodata._.str.10
                0x00d22581       0x1d tests/cemu/artifacts/native-obj/CNTAGION.o
 .rodata._.str.11
                0x00d2259e       0x12 tests/cemu/artifacts/native-obj/CNTAGION.o
 .rodata._.str.12
                0x00d225b0       0x19 tests/cemu/artifacts/native-obj/CNTAGION.o
 .rodata._.str.13
                0x00d225c9       0x14 tests/cemu/artifacts/native-obj/CNTAGION.o
 .rodata._.str.14
                0x00d225dd        0xe tests/cemu/artifacts/native-obj/CNTAGION.o
 .rodata._.str.15
                0x00d225eb       0x1c tests/cemu/artifacts/native-obj/CNTAGION.o
 .rodata._.str.16
                0x00d22607       0x1f tests/cemu/artifacts/native-obj/CNTAGION.o
 .rodata._.str.19
                0x00d22626       0x14 tests/cemu/artifacts/native-obj/CNTAGION.o
 .rodata._.str.20
                0x00d2263a       0x19 tests/cemu/artifacts/native-obj/CNTAGION.o
 .rodata._.str.21
                0x00d22653       0x1e tests/cemu/artifacts/native-obj/CNTAGION.o
 .rodata._.str.22
                0x00d22671       0x26 tests/cemu/artifacts/native-obj/CNTAGION.o
 .rodata._.str.23
                0x00d22697       0x12 tests/cemu/artifacts/native-obj/CNTAGION.o
 .rodata._.str.24
                0x00d226a9       0x21 tests/cemu/artifacts/native-obj/CNTAGION.o
 .rodata._.str.25
                0x00d226ca       0x17 tests/cemu/artifacts/native-obj/CNTAGION.o
 .rodata._.str.26
                0x00d226e1       0x19 tests/cemu/artifacts/native-obj/CNTAGION.o
 .rodata._.str.27
                0x00d226fa       0x20 tests/cemu/artifacts/native-obj/CNTAGION.o
 .rodata._.str.28
                0x00d2271a       0x20 tests/cemu/artifacts/native-obj/CNTAGION.o
 .rodata._.str.29
                0x00d2273a       0x21 tests/cemu/artifacts/native-obj/CNTAGION.o
 .rodata._.str.30
                0x00d2275b       0x19 tests/cemu/artifacts/native-obj/CNTAGION.o
 .rodata._.str.31
                0x00d22774       0x25 tests/cemu/artifacts/native-obj/CNTAGION.o
 .rodata._.str.32
                0x00d22799       0x14 tests/cemu/artifacts/native-obj/CNTAGION.o
 .rodata._.str.33
                0x00d227ad        0xf tests/cemu/artifacts/native-obj/CNTAGION.o
 .rodata._.str.34
                0x00d227bc        0x8 tests/cemu/artifacts/native-obj/CNTAGION.o
 .rodata._.str.35
                0x00d227c4       0x1c tests/cemu/artifacts/native-obj/CNTAGION.o
 .rodata._.str.36
                0x00d227e0       0x25 tests/cemu/artifacts/native-obj/CNTAGION.o
 .rodata._.str.37
                0x00d22805       0x24 tests/cemu/artifacts/native-obj/CNTAGION.o
 .rodata._.str.38
                0x00d22829       0x1d tests/cemu/artifacts/native-obj/CNTAGION.o
 .rodata._.str.39
                0x00d22846       0x1d tests/cemu/artifacts/native-obj/CNTAGION.o
 .rodata._.str.40
                0x00d22863       0x3c tests/cemu/artifacts/native-obj/CNTAGION.o
 .rodata._.str.41
                0x00d2289f       0x1a tests/cemu/artifacts/native-obj/CNTAGION.o
 .rodata._.str.42
                0x00d228b9        0xd tests/cemu/artifacts/native-obj/CNTAGION.o
 .rodata._.str.43
                0x00d228c6        0x9 tests/cemu/artifacts/native-obj/CNTAGION.o
 .rodata._.str.44
                0x00d228cf        0xa tests/cemu/artifacts/native-obj/CNTAGION.o
 .rodata._.str.45
                0x00d228d9        0x4 tests/cemu/artifacts/native-obj/CNTAGION.o
 .rodata._.str.46
                0x00d228dd        0x6 tests/cemu/artifacts/native-obj/CNTAGION.o
 .rodata._.str.47
                0x00d228e3        0x5 tests/cemu/artifacts/native-obj/CNTAGION.o
 .rodata._.str.48
                0x00d228e8        0x4 tests/cemu/artifacts/native-obj/CNTAGION.o
 .rodata._.str.49
                0x00d228ec        0x7 tests/cemu/artifacts/native-obj/CNTAGION.o
 .rodata._.str.50
                0x00d228f3        0x5 tests/cemu/artifacts/native-obj/CNTAGION.o
 .rodata._.str.51
                0x00d228f8        0x6 tests/cemu/artifacts/native-obj/CNTAGION.o
 .rodata._.str.52
                0x00d228fe        0xc tests/cemu/artifacts/native-obj/CNTAGION.o
 .rodata._.str.53
                0x00d2290a        0xa tests/cemu/artifacts/native-obj/CNTAGION.o
 .rodata._.str.54
                0x00d22914        0x9 tests/cemu/artifacts/native-obj/CNTAGION.o
 .rodata._.str.55
                0x00d2291d        0x5 tests/cemu/artifacts/native-obj/CNTAGION.o
 .rodata._.str.56
                0x00d22922        0x5 tests/cemu/artifacts/native-obj/CNTAGION.o
 .rodata._.str.57
                0x00d22927        0x8 tests/cemu/artifacts/native-obj/CNTAGION.o
 .rodata._.str.58
                0x00d2292f        0x7 tests/cemu/artifacts/native-obj/CNTAGION.o
 .rodata._.str.59
                0x00d22936        0x8 tests/cemu/artifacts/native-obj/CNTAGION.o
 .rodata._.str.60
                0x00d2293e       0x12 tests/cemu/artifacts/native-obj/CNTAGION.o
 .rodata._.str.61
                0x00d22950       0x1c tests/cemu/artifacts/native-obj/CNTAGION.o
 .rodata._.str.62
                0x00d2296c        0xa tests/cemu/artifacts/native-obj/CNTAGION.o
 .rodata._.str.63
                0x00d22976        0x5 tests/cemu/artifacts/native-obj/CNTAGION.o
 .rodata._.str.64
                0x00d2297b       0x24 tests/cemu/artifacts/native-obj/CNTAGION.o
 .rodata._.str.65
                0x00d2299f       0x11 tests/cemu/artifacts/native-obj/CNTAGION.o
 .rodata._.str.66
                0x00d229b0       0x12 tests/cemu/artifacts/native-obj/CNTAGION.o
 .rodata._.str.67
                0x00d229c2       0x15 tests/cemu/artifacts/native-obj/CNTAGION.o
 .rodata._.str.68
                0x00d229d7       0x1a tests/cemu/artifacts/native-obj/CNTAGION.o
 *fill*         0x00d229f1        0x1 
 .rodata._reshuffle_reductions
                0x00d229f2        0x4 tests/cemu/artifacts/native-obj/CNTAGION.o
                0x00d229f2                _reshuffle_reductions
 .rodata._.str.69
                0x00d229f6       0x21 tests/cemu/artifacts/native-obj/CNTAGION.o
 .rodata._.str.70
                0x00d22a17       0x19 tests/cemu/artifacts/native-obj/CNTAGION.o
 .rodata._.str.71
                0x00d22a30       0x1e tests/cemu/artifacts/native-obj/CNTAGION.o
 .rodata._.str.72
                0x00d22a4e       0x20 tests/cemu/artifacts/native-obj/CNTAGION.o
 .rodata._.str.73
                0x00d22a6e       0x21 tests/cemu/artifacts/native-obj/CNTAGION.o
 .rodata._.str.74
                0x00d22a8f       0x13 tests/cemu/artifacts/native-obj/CNTAGION.o
 .rodata._.str.75
                0x00d22aa2        0x9 tests/cemu/artifacts/native-obj/CNTAGION.o
 .rodata._.str.76
                0x00d22aab        0xa tests/cemu/artifacts/native-obj/CNTAGION.o
 .rodata._.str.77
                0x00d22ab5        0xc tests/cemu/artifacts/native-obj/CNTAGION.o
 .rodata._.str.78
                0x00d22ac1       0x12 tests/cemu/artifacts/native-obj/CNTAGION.o
 .rodata._.str.79
                0x00d22ad3       0x13 tests/cemu/artifacts/native-obj/CNTAGION.o
 .rodata._.str.80
                0x00d22ae6        0x5 tests/cemu/artifacts/native-obj/CNTAGION.o
 .rodata._.str.81
                0x00d22aeb        0xf tests/cemu/artifacts/native-obj/CNTAGION.o
 .rodata._.str.82
                0x00d22afa       0x16 tests/cemu/artifacts/native-obj/CNTAGION.o
 .rodata._.str.83
                0x00d22b10       0x10 tests/cemu/artifacts/native-obj/CNTAGION.o
 .rodata._.str.84
                0x00d22b20        0xb tests/cemu/artifacts/native-obj/CNTAGION.o
 .rodata._.str.85
                0x00d22b2b       0x1e tests/cemu/artifacts/native-obj/CNTAGION.o
 .rodata._.str.86
                0x00d22b49       0x15 tests/cemu/artifacts/native-obj/CNTAGION.o
 .rodata._.str.94
                0x00d22b5e        0x5 tests/cemu/artifacts/native-obj/CNTAGION.o
 .rodata._.str.102
                0x00d22b63        0x1 tests/cemu/artifacts/native-obj/CNTAGION.o
 .rodata._.str.111
                0x00d22b64        0x6 tests/cemu/artifacts/native-obj/CNTAGION.o
 .rodata._.str.1.112
                0x00d22b6a       0x2f tests/cemu/artifacts/native-obj/CNTAGION.o
 .rodata._.str.2.113
                0x00d22b99        0x7 tests/cemu/artifacts/native-obj/CNTAGION.o
 .rodata._.str.3.114
                0x00d22ba0        0x8 tests/cemu/artifacts/native-obj/CNTAGION.o
 .rodata._.str.4.115
                0x00d22ba8       0x31 tests/cemu/artifacts/native-obj/CNTAGION.o
 .rodata._.str.5.116
                0x00d22bd9        0x9 tests/cemu/artifacts/native-obj/CNTAGION.o
 .rodata._.str.6.117
                0x00d22be2        0xc tests/cemu/artifacts/native-obj/CNTAGION.o
 .rodata._.str.7.118
                0x00d22bee       0x1f tests/cemu/artifacts/native-obj/CNTAGION.o
 .rodata._.str.8.119
                0x00d22c0d        0xd tests/cemu/artifacts/native-obj/CNTAGION.o
 .rodata._.str.9.120
                0x00d22c1a        0xa tests/cemu/artifacts/native-obj/CNTAGION.o
 .rodata._.str.10.121
                0x00d22c24       0x1f tests/cemu/artifacts/native-obj/CNTAGION.o
 .rodata._.str.11.122
                0x00d22c43        0xb tests/cemu/artifacts/native-obj/CNTAGION.o
 .rodata._.str.12.123
                0x00d22c4e        0xa tests/cemu/artifacts/native-obj/CNTAGION.o
 .rodata._.str.13.124
                0x00d22c58       0x1e tests/cemu/artifacts/native-obj/CNTAGION.o
 .rodata._.str.14.125
                0x00d22c76        0xb tests/cemu/artifacts/native-obj/CNTAGION.o
 .rodata._.str.15.126
                0x00d22c81        0x8 tests/cemu/artifacts/native-obj/CNTAGION.o
 .rodata._.str.16.127
                0x00d22c89       0x2a tests/cemu/artifacts/native-obj/CNTAGION.o
 .rodata._.str.17.128
                0x00d22cb3        0x9 tests/cemu/artifacts/native-obj/CNTAGION.o
 .rodata._.str.18.129
                0x00d22cbc        0x8 tests/cemu/artifacts/native-obj/CNTAGION.o
 .rodata._.str.19.130
                0x00d22cc4       0x29 tests/cemu/artifacts/native-obj/CNTAGION.o
 .rodata._.str.20.131
                0x00d22ced        0x9 tests/cemu/artifacts/native-obj/CNTAGION.o
 .rodata._.str.21.132
                0x00d22cf6       0x14 tests/cemu/artifacts/native-obj/CNTAGION.o
 .rodata._.str.22.133
                0x00d22d0a       0x1f tests/cemu/artifacts/native-obj/CNTAGION.o
 .rodata._.str.23.134
                0x00d22d29       0x12 tests/cemu/artifacts/native-obj/CNTAGION.o
 .rodata._.str.24.135
                0x00d22d3b       0x2e tests/cemu/artifacts/native-obj/CNTAGION.o
 .rodata._.str.25.136
                0x00d22d69       0x12 tests/cemu/artifacts/native-obj/CNTAGION.o
 .rodata._.str.26.137
                0x00d22d7b       0x23 tests/cemu/artifacts/native-obj/CNTAGION.o
 .rodata._.str.27.138
                0x00d22d9e        0x6 tests/cemu/artifacts/native-obj/CNTAGION.o
 .rodata._.str.28.139
                0x00d22da4       0x24 tests/cemu/artifacts/native-obj/CNTAGION.o
 .rodata._.str.29.140
                0x00d22dc8        0x9 tests/cemu/artifacts/native-obj/CNTAGION.o
 .rodata._.str.30.141
                0x00d22dd1       0x24 tests/cemu/artifacts/native-obj/CNTAGION.o
 .rodata._.str.31.142
                0x00d22df5        0xa tests/cemu/artifacts/native-obj/CNTAGION.o
 .rodata._.str.32.143
                0x00d22dff       0x20 tests/cemu/artifacts/native-obj/CNTAGION.o
 .rodata._.str.33.144
                0x00d22e1f       0x14 tests/cemu/artifacts/native-obj/CNTAGION.o
 .rodata._.str.34.145
                0x00d22e33       0x27 tests/cemu/artifacts/native-obj/CNTAGION.o
 .rodata._.str.35.146
                0x00d22e5a        0x7 tests/cemu/artifacts/native-obj/CNTAGION.o
 .rodata._.str.36.147
                0x00d22e61        0x9 tests/cemu/artifacts/native-obj/CNTAGION.o
 .rodata._.str.37.148
                0x00d22e6a        0x9 tests/cemu/artifacts/native-obj/CNTAGION.o
 .rodata._.str.38.149
                0x00d22e73       0x12 tests/cemu/artifacts/native-obj/CNTAGION.o
 .rodata._.str.39.150
                0x00d22e85        0x5 tests/cemu/artifacts/native-obj/CNTAGION.o
 .rodata._.str.40.151
                0x00d22e8a        0x6 tests/cemu/artifacts/native-obj/CNTAGION.o
 .rodata._.str.41.152
                0x00d22e90       0x13 tests/cemu/artifacts/native-obj/CNTAGION.o
 .rodata._.str.42.153
                0x00d22ea3        0xe tests/cemu/artifacts/native-obj/CNTAGION.o
 .rodata._.str.43.154
                0x00d22eb1       0x12 tests/cemu/artifacts/native-obj/CNTAGION.o
 .rodata._.str.44.155
                0x00d22ec3       0x1c tests/cemu/artifacts/native-obj/CNTAGION.o
 .rodata._.str.45.156
                0x00d22edf       0x13 tests/cemu/artifacts/native-obj/CNTAGION.o
 .rodata._.str.46.157
                0x00d22ef2       0x24 tests/cemu/artifacts/native-obj/CNTAGION.o
 .rodata._.str.47.158
                0x00d22f16       0x12 tests/cemu/artifacts/native-obj/CNTAGION.o
 .rodata._.str.48.159
                0x00d22f28       0x1c tests/cemu/artifacts/native-obj/CNTAGION.o
 .rodata._.str.49.160
                0x00d22f44       0x13 tests/cemu/artifacts/native-obj/CNTAGION.o
 .rodata._.str.50.161
                0x00d22f57       0x24 tests/cemu/artifacts/native-obj/CNTAGION.o
 .rodata._.str.51.162
                0x00d22f7b       0x15 tests/cemu/artifacts/native-obj/CNTAGION.o
 .rodata._.str.52.163
                0x00d22f90       0x22 tests/cemu/artifacts/native-obj/CNTAGION.o
 .rodata._.str.53.164
                0x00d22fb2       0x16 tests/cemu/artifacts/native-obj/CNTAGION.o
 .rodata._.str.54.165
                0x00d22fc8       0x2a tests/cemu/artifacts/native-obj/CNTAGION.o
 .rodata._.str.55.166
                0x00d22ff2       0x14 tests/cemu/artifacts/native-obj/CNTAGION.o
 .rodata._.str.56.167
                0x00d23006       0x1d tests/cemu/artifacts/native-obj/CNTAGION.o
 .rodata._.str.57.168
                0x00d23023       0x15 tests/cemu/artifacts/native-obj/CNTAGION.o
 .rodata._.str.58.169
                0x00d23038       0x1e tests/cemu/artifacts/native-obj/CNTAGION.o
 .rodata._.str.59.170
                0x00d23056       0x14 tests/cemu/artifacts/native-obj/CNTAGION.o
 .rodata._.str.60.171
                0x00d2306a       0x28 tests/cemu/artifacts/native-obj/CNTAGION.o
 .rodata._.str.61.172
                0x00d23092       0x15 tests/cemu/artifacts/native-obj/CNTAGION.o
 .rodata._.str.62.173
                0x00d230a7       0x28 tests/cemu/artifacts/native-obj/CNTAGION.o
 .rodata._.str.202
                0x00d230cf        0x2 tests/cemu/artifacts/native-obj/CNTAGION.o
 .rodata._.str.1.203
                0x00d230d1        0x2 tests/cemu/artifacts/native-obj/CNTAGION.o
 .rodata._.str.2.210
                0x00d230d3       0x21 tests/cemu/artifacts/native-obj/CNTAGION.o
 .rodata._.str.3.211
                0x00d230f4        0xc tests/cemu/artifacts/native-obj/CNTAGION.o
 .rodata._.str.4.214
                0x00d23100       0x15 tests/cemu/artifacts/native-obj/CNTAGION.o
 .rodata._.str.5.217
                0x00d23115        0x3 tests/cemu/artifacts/native-obj/CNTAGION.o
 .rodata._port_definitions
                0x00d23118       0x84 tests/cemu/artifacts/native-obj/CNTAGION.o
                0x00d23118                _port_definitions
 .rodata._.str.6.220
                0x00d2319c        0x7 tests/cemu/artifacts/native-obj/CNTAGION.o
 .rodata._.str.7.221
                0x00d231a3        0xa tests/cemu/artifacts/native-obj/CNTAGION.o
 .rodata._.str.8.222
                0x00d231ad        0xf tests/cemu/artifacts/native-obj/CNTAGION.o
 .rodata._.str.9.224
                0x00d231bc       0x19 tests/cemu/artifacts/native-obj/CNTAGION.o
 .rodata._.str.10.223
                0x00d231d5       0x1a tests/cemu/artifacts/native-obj/CNTAGION.o
 .rodata._.str.11.225
                0x00d231ef       0x1d tests/cemu/artifacts/native-obj/CNTAGION.o
 .rodata._spore_costs
                0x00d2320c        0x3 tests/cemu/artifacts/native-obj/CNTAGION.o
                0x00d2320c                _spore_costs
 .rodata._.str.12.226
                0x00d2320f       0x1d tests/cemu/artifacts/native-obj/CNTAGION.o
 .rodata._.str.13.227
                0x00d2322c       0x11 tests/cemu/artifacts/native-obj/CNTAGION.o
 .rodata._.str.14.228
                0x00d2323d        0xc tests/cemu/artifacts/native-obj/CNTAGION.o
 .rodata._.str.15.229
                0x00d23249       0x10 tests/cemu/artifacts/native-obj/CNTAGION.o
 .rodata._.str.16.230
                0x00d23259        0xe tests/cemu/artifacts/native-obj/CNTAGION.o
 .rodata._.str.24.283
                0x00d23267        0x7 tests/cemu/artifacts/native-obj/CNTAGION.o
 .rodata._.str.25.284
                0x00d2326e        0x2 tests/cemu/artifacts/native-obj/CNTAGION.o
 .rodata._.str.26.285
                0x00d23270        0x8 tests/cemu/artifacts/native-obj/CNTAGION.o
 .rodata._.str.27.286
                0x00d23278        0x8 tests/cemu/artifacts/native-obj/CNTAGION.o
 .rodata._.str.28.287
                0x00d23280        0x2 tests/cemu/artifacts/native-obj/CNTAGION.o
 .rodata._.str.29.288
                0x00d23282       0x19 tests/cemu/artifacts/native-obj/CNTAGION.o
 .rodata._.str.30.289
                0x00d2329b       0x21 tests/cemu/artifacts/native-obj/CNTAGION.o
 .rodata._.str.31.290
                0x00d232bc       0x21 tests/cemu/artifacts/native-obj/CNTAGION.o
 .rodata._.str.32.291
                0x00d232dd       0x22 tests/cemu/artifacts/native-obj/CNTAGION.o
 .rodata._.str.33.292
                0x00d232ff       0x17 tests/cemu/artifacts/native-obj/CNTAGION.o
 .rodata._.str.34.293
                0x00d23316       0x19 tests/cemu/artifacts/native-obj/CNTAGION.o
 .rodata._.str.35.294
                0x00d2332f       0x1b tests/cemu/artifacts/native-obj/CNTAGION.o
 .rodata._SaveExit.choices
                0x00d2334a        0x9 tests/cemu/artifacts/native-obj/CNTAGION.o
 .rodata._.str.36.235
                0x00d23353       0x14 tests/cemu/artifacts/native-obj/CNTAGION.o
 .rodata._.str.37.236
                0x00d23367        0xb tests/cemu/artifacts/native-obj/CNTAGION.o
 .rodata._.str.38.234
                0x00d23372       0x14 tests/cemu/artifacts/native-obj/CNTAGION.o
 .rodata._.str.39.231
                0x00d23386       0x21 tests/cemu/artifacts/native-obj/CNTAGION.o
 .rodata._SaveExit.confirm
                0x00d233a7        0x6 tests/cemu/artifacts/native-obj/CNTAGION.o
 .rodata._.str.40.233
                0x00d233ad        0x8 tests/cemu/artifacts/native-obj/CNTAGION.o
 .rodata._.str.41.232
                0x00d233b5       0x1a tests/cemu/artifacts/native-obj/CNTAGION.o
 .rodata._InitializeMap.names
                0x00d233cf       0x15 tests/cemu/artifacts/native-obj/CNTAGION.o
 .rodata._.str.42.276
                0x00d233e4        0x7 tests/cemu/artifacts/native-obj/CNTAGION.o
 .rodata._.str.43.277
                0x00d233eb        0x5 tests/cemu/artifacts/native-obj/CNTAGION.o
 .rodata._.str.44.278
                0x00d233f0        0x7 tests/cemu/artifacts/native-obj/CNTAGION.o
 .rodata._.str.45.279
                0x00d233f7        0xa tests/cemu/artifacts/native-obj/CNTAGION.o
 .rodata._.str.46.280
                0x00d23401        0xe tests/cemu/artifacts/native-obj/CNTAGION.o
 .rodata._.str.47.281
                0x00d2340f        0xe tests/cemu/artifacts/native-obj/CNTAGION.o
 .rodata._.str.48.282
                0x00d2341d        0x8 tests/cemu/artifacts/native-obj/CNTAGION.o
 .rodata._InitializeMap.x
                0x00d23425        0x7 tests/cemu/artifacts/native-obj/CNTAGION.o
 .rodata._InitializeMap.y
                0x00d2342c        0x7 tests/cemu/artifacts/native-obj/CNTAGION.o
 .rodata._map_sprites
                0x00d23433       0x15 tests/cemu/artifacts/native-obj/CNTAGION.o
 .rodata._disease_names
                0x00d23448        0x9 tests/cemu/artifacts/native-obj/CNTAGION.o
                0x00d23448                _disease_names
 .rodata._.str.61.251
                0x00d23451        0x9 tests/cemu/artifacts/native-obj/CNTAGION.o
 .rodata._traits
                0x00d2345a      0x35a tests/cemu/artifacts/native-obj/CNTAGION.o
                0x00d2345a                _traits
 .rodata._.str.81.295
                0x00d237b4       0x1a tests/cemu/artifacts/native-obj/CNTAGION.o
 .rodata._npf_vpprintf
                0x00d237ce      0x102 tests/cemu/artifacts/native-obj/CNTAGION.o
 .rodata.libload
                0x00d238d0       0x22 tests/cemu/artifacts/native-obj/crt0.o

.init_array     0x00d238f2        0x0
                [!provide]                        PROVIDE (__init_array_start = .)
 *(.preinit_array)
 *(SORT_BY_INIT_PRIORITY(.init_array.*))
 *(.init_array)
                [!provide]                        PROVIDE (__init_array_end = .)

.fini_array     0x00d238f2        0x0
                [!provide]                        PROVIDE (__fini_array_start = .)
 *(SORT_BY_INIT_PRIORITY(.fini_array.*))
 *(.fini_array)
                [!provide]                        PROVIDE (__fini_array_end = .)
                0x00d238f2                        ___data_low = .

.data           0x00d238f2     0x2a5b
 *(.data .data.* .gnu.linkonce.d.*)
 .data          0x00d238f2       0x10 tests/cemu/artifacts/native-obj/CNTAGION.o
 .data._africa_data
                0x00d23902      0x75a tests/cemu/artifacts/native-obj/CNTAGION.o
                0x00d23902                _africa_data
 .data._asia_data
                0x00d2405c      0xdf9 tests/cemu/artifacts/native-obj/CNTAGION.o
                0x00d2405c                _asia_data
 .data._europe_data
                0x00d24e55      0x302 tests/cemu/artifacts/native-obj/CNTAGION.o
                0x00d24e55                _europe_data
 .data._greenland_data
                0x00d25157      0x152 tests/cemu/artifacts/native-obj/CNTAGION.o
                0x00d25157                _greenland_data
 .data._northamerica_data
                0x00d252a9      0x7b2 tests/cemu/artifacts/native-obj/CNTAGION.o
                0x00d252a9                _northamerica_data
 .data._southamerica_data
                0x00d25a5b      0x4d2 tests/cemu/artifacts/native-obj/CNTAGION.o
                0x00d25a5b                _southamerica_data
 .data._oceania_data
                0x00d25f2d      0x420 tests/cemu/artifacts/native-obj/CNTAGION.o
                0x00d25f2d                _oceania_data
 *(.data1)
                0x00d2634d                        ___runprgm_reloc_start = .
 *(.runprgm.reloc)
                0x00d2634d                        ___runprgm_reloc_end = .
                0x00d2634d                        ___data_high = .
                0x00002a5b                        ___data_len = (___data_high - ___data_low)
                0x00d052c6                        . = BSSHEAP_LOW
                0x00d052c6                        ___bss_low = .

.bss            0x00d052c6      0x32b
 *(.dynbss)
 *(.bss .bss.* .gnu.linkonce.b.*)
 .bss._canpress
                0x00d052c6        0x1 tests/cemu/artifacts/native-obj/CNTAGION.o
 .bss._news_count
                0x00d052c7        0x1 tests/cemu/artifacts/native-obj/CNTAGION.o
 .bss._news     0x00d052c8      0x180 tests/cemu/artifacts/native-obj/CNTAGION.o
 .bss._news_head
                0x00d05448        0x1 tests/cemu/artifacts/native-obj/CNTAGION.o
 *fill*         0x00d05449        0x1 
 .bss._region   0x00d0544a       0x70 tests/cemu/artifacts/native-obj/CNTAGION.o
                0x00d0544a                _region
 .bss._disease  0x00d054ba       0x3a tests/cemu/artifacts/native-obj/CNTAGION.o
                0x00d054ba                _disease
 .bss._session  0x00d054f4        0x9 tests/cemu/artifacts/native-obj/CNTAGION.o
                0x00d054f4                _session
 .bss._port     0x00d054fd       0x84 tests/cemu/artifacts/native-obj/CNTAGION.o
                0x00d054fd                _port
 *fill*         0x00d05581        0x1 
 .bss._effects  0x00d05582       0x1c tests/cemu/artifacts/native-obj/CNTAGION.o
                0x00d05582                _effects
 .bss._connection
                0x00d0559e        0x1 tests/cemu/artifacts/native-obj/CNTAGION.o
 .bss._destination_port
                0x00d0559f        0x1 tests/cemu/artifacts/native-obj/CNTAGION.o
 .bss._source_port
                0x00d055a0        0x1 tests/cemu/artifacts/native-obj/CNTAGION.o
 .bss._news_age
                0x00d055a1        0x1 tests/cemu/artifacts/native-obj/CNTAGION.o
 .bss._expected
                0x00d055a2       0x3a tests/cemu/artifacts/native-obj/CNTAGION.o
 .bss._expected_session
                0x00d055dc        0x9 tests/cemu/artifacts/native-obj/CNTAGION.o
 *fill*         0x00d055e5        0x1 
 .bss._native_check
                0x00d055e6        0x2 tests/cemu/artifacts/native-obj/CNTAGION.o
                0x00d055e6                _native_check
 .bss._pc_cnt.0
                0x00d055e8        0x3 tests/cemu/artifacts/native-obj/CNTAGION.o
 .bss._pc_cnt.1
                0x00d055eb        0x3 tests/cemu/artifacts/native-obj/CNTAGION.o
 .bss._pc_cnt.2
                0x00d055ee        0x3 tests/cemu/artifacts/native-obj/CNTAGION.o
 *(COMMON)
                0x00d055f1                        ___bss_high = .
                0x0000032b                        ___bss_len = (___bss_high - ___bss_low)
                0x00000001                        ASSERT ((. <= BSSHEAP_HIGH), Error: BSS exceed BSSHEAP_HIGH limit)
                0x00d055f1                        ___heap_low = .
                0x00d13fd8                        . = BSSHEAP_HIGH
                0x00d13fd8                        ___heap_high = .

.runprgm
 *(.runprgm.reloc)

.debug_info
 *(.debug_info .debug_info.*)

.debug_abbrev
 *(.debug_abbrev .debug_abbrev.*)

.debug_line
 *(.debug_line .debug_line.*)

.debug_line_str
 *(.debug_line_str .debug_line_str.*)

.debug_str
 *(.debug_str .debug_str.*)

.debug_str_offsets
 *(.debug_str_offsets .debug_str_offsets.*)

.debug_addr
 *(.debug_addr .debug_addr.*)

.debug_aranges
 *(.debug_aranges .debug_aranges.*)

.debug_ranges
 *(.debug_ranges .debug_ranges.*)

.debug_rnglists
 *(.debug_rnglists .debug_rnglists.*)

.debug_loc
 *(.debug_loc .debug_loc.*)

.debug_loclists
 *(.debug_loclists .debug_loclists.*)

.debug_frame
 *(.debug_frame .debug_frame.*)

.debug_macro
 *(.debug_macro .debug_macro.*)

.debug_macinfo
 *(.debug_macinfo .debug_macinfo.*)

.debug_names
 *(.debug_names .debug_names.*)

.debug_pubnames
 *(.debug_pubnames .debug_pubnames.*)

.debug_pubtypes
 *(.debug_pubtypes .debug_pubtypes.*)

.debug_types
 *(.debug_types .debug_types.*)

.debug_sup
 *(.debug_sup .debug_sup.*)

.debug_cu_index
 *(.debug_cu_index .debug_cu_index.*)

.debug_tu_index
 *(.debug_tu_index .debug_tu_index.*)

.gdb_index
 *(.gdb_index)

.debug_gdb_scripts
 *(.debug_gdb_scripts)

.debug_abbrev.dwo
 *(.debug_abbrev.dwo .debug_abbrev.dwo.*)

.debug_info.dwo
 *(.debug_info.dwo .debug_info.dwo.*)

.debug_line.dwo
 *(.debug_line.dwo .debug_line.dwo.*)

.debug_loclists.dwo
 *(.debug_loclists.dwo .debug_loclists.dwo.*)

.debug_macro.dwo
 *(.debug_macro.dwo .debug_macro.dwo.*)

.debug_rnglists.dwo
 *(.debug_rnglists.dwo .debug_rnglists.dwo.*)

.debug_str.dwo
 *(.debug_str.dwo .debug_str.dwo.*)

.debug_str_offsets.dwo
 *(.debug_str_offsets.dwo .debug_str_offsets.dwo.*)

.eh_frame
 *(.eh_frame)

.eh_frame_hdr
 *(.eh_frame_hdr)

/DISCARD/
 *(.comment)
 *(.note*)
                [!provide]                        PROVIDE (___runprgm_reloc_len = (___runprgm_reloc_end - ___runprgm_reloc_start))
LOAD tests/cemu/artifacts/native-obj/CNTAGION.o
LOAD tests/cemu/artifacts/native-obj/crt0.o
START GROUP
LOAD /tmp/contagion-cedev-mount/CEdev/lib/libc/allocator_standard.a
LOAD /tmp/contagion-cedev-mount/CEdev/lib/crt/libcrt.a
LOAD /tmp/contagion-cedev-mount/CEdev/lib/ce/libce.a
LOAD /tmp/contagion-cedev-mount/CEdev/lib/softfloat/libsoftfloat.a
LOAD /tmp/contagion-cedev-mount/CEdev/lib/libc/libc_os.a
LOAD /tmp/contagion-cedev-mount/CEdev/lib/libcxx/libcxx.a
END GROUP
OUTPUT(tests/cemu/artifacts/native-bin/CNTAGION.obj elf32-z80)
