
Merging object attributes


Discarded input sections

 .comment       0x00000000      0xad9 tests/cemu/artifacts/native-obj/CNTAGION.o
 .note.GNU-stack
                0x00000000        0x0 tests/cemu/artifacts/native-obj/CNTAGION.o
 .init.weak_crt
                0x00000000       0x10 tests/cemu/artifacts/native-obj/CNTAGION.o
 .text          0x00000000        0x0 tests/cemu/artifacts/native-obj/crt0.o
 .data          0x00000000        0x0 tests/cemu/artifacts/native-obj/crt0.o
 .bss           0x00000000        0x0 tests/cemu/artifacts/native-obj/crt0.o

Memory Configuration

Name             Origin             Length             Attributes
prgm             0x00d1a87f         0x00400000
bss              0x00d052c6         0x0000ed12
*default*        0x00000000         0xffffffff

Linker script and memory map

                0x00d1a87f                        LOAD_ADDR = 0xd1a87f
                0x00d052c6                        BSSHEAP_LOW = 0xd052c6
                0x00d13fd8                        BSSHEAP_HIGH = 0xd13fd8
                0x00d1a87e                        STACK_HIGH = 0xd1a87e
                0x00000001                        __TICE__ = 0x1
                0x00d1a87f                        . = LOAD_ADDR

.header         0x00d1a87f      0x11d
 *(.header)
 .header        0x00d1a87f        0x3 tests/cemu/artifacts/native-obj/crt0.o
 *(.header.icon)
 .header.icon   0x00d1a882      0x11a tests/cemu/artifacts/native-obj/CNTAGION.o
                0x00d1a887                ___icon
                0x00d1a989                ___description

.init           0x00d1a99c      0x157
 *(.init)
 .init          0x00d1a99c      0x157 tests/cemu/artifacts/native-obj/crt0.o
                0x00d1a99c                __start
                0x00d1a9f9                __libload_library_FILEIOC
                0x00d1aa03                _ti_Open
                0x00d1aa07                _ti_Close
                0x00d1aa0b                _ti_Write
                0x00d1aa0f                _ti_Read
                0x00d1aa13                _ti_Delete
                0x00d1aa17                _ti_Seek
                0x00d1aa1b                _ti_Resize
                0x00d1aa1f                _ti_IsArchived
                0x00d1aa23                _ti_GetSize
                0x00d1aa27                __libload_library_GRAPHX
                0x00d1aa30                _gfx_Begin
                0x00d1aa34                _gfx_SetColor
                0x00d1aa38                _gfx_FillScreen
                0x00d1aa3c                _gfx_SetDraw
                0x00d1aa40                _gfx_SwapDraw
                0x00d1aa44                _gfx_PrintStringXY
                0x00d1aa48                _gfx_SetTextBGColor
                0x00d1aa4c                _gfx_SetTextFGColor
                0x00d1aa50                _gfx_SetTextTransparentColor
                0x00d1aa54                _gfx_GetStringWidth
                0x00d1aa58                _gfx_Line
                0x00d1aa5c                _gfx_Circle
                0x00d1aa60                _gfx_FillCircle
                0x00d1aa64                _gfx_Rectangle
                0x00d1aa68                _gfx_FillRectangle
                0x00d1aa6c                _gfx_SetTextScale
                0x00d1aa70                __libload_library_KEYPADC
                0x00d1aa7a                _kb_Scan
                0x00d1aab7                ___exithl
                0x00d1aab8                _exit.sp

.text           0x00d1aaf3     0x6a36
 *(.text.unlikely .text.*_unlikely .text.unlikely.*)
 *(.text.exit .text.exit.*)
 *(.text.startup .text.startup.*)
 *(.text.hot .text.hot.*)
 *(SORT_BY_NAME(.text.sorted.*))
 *(.text .stub .text.* .gnu.linkonce.t.*)
 .text          0x00d1aaf3      0x604 tests/cemu/artifacts/native-obj/CNTAGION.o
                0x00d1aaf3                __land
                0x00d1aaf7                __iand
                0x00d1ab0e                __bdvrmu
                0x00d1ab0f                __bdvrmu.hijack_l_dividend
                0x00d1ab1d                __bremu
                0x00d1ab28                __bshl
                0x00d1ab31                __dcmp
                0x00d1ab8f                __frameset
                0x00d1ab9d                __frameset0
                0x00d1aba8                __ftod
                0x00d1abf0                __idivs
                0x00d1abf7                __idivu
                0x00d1abff                __idvrms
                0x00d1ac2d                __idvrmu
                0x00d1ac31                __idvrmu.hijack_a_iters_ude_dividend
                0x00d1ac47                __imuls
                0x00d1ac47                __imulu
                0x00d1ac77                __indcallhl
                0x00d1ac78                __sneg
                0x00d1ac78                __ineg
                0x00d1ac81                __iremu
                0x00d1ac88                __ishl
                0x00d1ac88                __sshl
                0x00d1acae                __ishru
                0x00d1acb3                __ishrs
                0x00d1acef                __ishru_1
                0x00d1acfd                __ladd
                0x00d1ad03                __lcmps
                0x00d1ad10                __lcmpu
                0x00d1ad18                __lcmpzero
                0x00d1ad18                __lequzero
                0x00d1ad23                __ldivu
                0x00d1ad2d                __ldivu_lremu_common
                0x00d1ad55                __lladd
                0x00d1ad79                __lland
                0x00d1adb5                __llcmps
                0x00d1ade2                __llcmpu
                0x00d1ae0c                __llequzero
                0x00d1ae0c                __llcmpzero
                0x00d1ae21                __lldivu
                0x00d1ae35                __lldvrmu
                0x00d1ae3c                __lldvrmu.hijack
                0x00d1ae93                __llmulu
                0x00d1aee8                __llshl
                0x00d1af02                __llshru
                0x00d1af32                __llshrs
                0x00d1af6e                __llxor
                0x00d1afaa                __lmuls
                0x00d1afaa                __lmulu
                0x00d1b006                __lnot
                0x00d1b013                __lshl
                0x00d1b020                __lshrs
                0x00d1b03a                __lshru
                0x00d1b048                __lsub
                0x00d1b052                __lor
                0x00d1b056                __ior
                0x00d1b06d                __sand
                0x00d1b076                __sdivu
                0x00d1b07e                __sdvrmu
                0x00d1b08e                __setflag
                0x00d1b098                __smuls
                0x00d1b098                __smulu
                0x00d1b0ab                __sor
                0x00d1b0b4                __sremu
                0x00d1b0bb                __lxor
                0x00d1b0bf                __ixor
                0x00d1b0d6                _memcpy
 .text._Owns    0x00d1b0f7       0x52 tests/cemu/artifacts/native-obj/CNTAGION.o
                0x00d1b0f7                _Owns
 .text._Eligible
                0x00d1b149       0xa2 tests/cemu/artifacts/native-obj/CNTAGION.o
                0x00d1b149                _Eligible
 .text._Purchase
                0x00d1b1eb       0xe3 tests/cemu/artifacts/native-obj/CNTAGION.o
                0x00d1b1eb                _Purchase
 .text._SetOwned
                0x00d1b2ce       0x51 tests/cemu/artifacts/native-obj/CNTAGION.o
 .text._CanDevolve
                0x00d1b31f       0x96 tests/cemu/artifacts/native-obj/CNTAGION.o
                0x00d1b31f                _CanDevolve
 .text._Devolve
                0x00d1b3b5       0xb2 tests/cemu/artifacts/native-obj/CNTAGION.o
                0x00d1b3b5                _Devolve
 .text._CalculateEffects
                0x00d1b467      0x712 tests/cemu/artifacts/native-obj/CNTAGION.o
                0x00d1b467                _CalculateEffects
 .text._Level   0x00d1bb79       0x3b tests/cemu/artifacts/native-obj/CNTAGION.o
 .text._EvaluateOutcome
                0x00d1bbb4       0x84 tests/cemu/artifacts/native-obj/CNTAGION.o
                0x00d1bbb4                _EvaluateOutcome
 .text._ValidateDisease
                0x00d1bc38      0x443 tests/cemu/artifacts/native-obj/CNTAGION.o
                0x00d1bc38                _ValidateDisease
 .text._EvolutionMenu
                0x00d1c07b     0x11d7 tests/cemu/artifacts/native-obj/CNTAGION.o
                0x00d1c07b                _EvolutionMenu
 .text._StateSymbol
                0x00d1d252       0x65 tests/cemu/artifacts/native-obj/CNTAGION.o
 .text._SporeMenu
                0x00d1d2b7      0x1f7 tests/cemu/artifacts/native-obj/CNTAGION.o
                0x00d1d2b7                _SporeMenu
 .text._ResultScreen
                0x00d1d4ae      0x2b7 tests/cemu/artifacts/native-obj/CNTAGION.o
                0x00d1d4ae                _ResultScreen
 .text._LoadData
                0x00d1d765       0x56 tests/cemu/artifacts/native-obj/CNTAGION.o
                0x00d1d765                _LoadData
 .text._ReadNamed
                0x00d1d7bb       0xb0 tests/cemu/artifacts/native-obj/CNTAGION.o
 .text._FileRead
                0x00d1d86b       0x31 tests/cemu/artifacts/native-obj/CNTAGION.o
 .text._FileWrite
                0x00d1d89c       0x31 tests/cemu/artifacts/native-obj/CNTAGION.o
 .text._FileSeek
                0x00d1d8cd       0x2c tests/cemu/artifacts/native-obj/CNTAGION.o
 .text._SaveData
                0x00d1d8f9       0xfd tests/cemu/artifacts/native-obj/CNTAGION.o
                0x00d1d8f9                _SaveData
 .text._CopyNamed
                0x00d1d9f6      0x105 tests/cemu/artifacts/native-obj/CNTAGION.o
 .text._SaveSize
                0x00d1dafb       0x77 tests/cemu/artifacts/native-obj/CNTAGION.o
                0x00d1dafb                _SaveSize
 .text._EncodeSave
                0x00d1db72      0x13a tests/cemu/artifacts/native-obj/CNTAGION.o
                0x00d1db72                _EncodeSave
 .text._Header  0x00d1dcac       0xac tests/cemu/artifacts/native-obj/CNTAGION.o
 .text._State   0x00d1dd58      0x20f tests/cemu/artifacts/native-obj/CNTAGION.o
 .text._Geometry
                0x00d1df67       0x69 tests/cemu/artifacts/native-obj/CNTAGION.o
 .text._Bytes   0x00d1dfd0       0xbd tests/cemu/artifacts/native-obj/CNTAGION.o
 .text._Checksum
                0x00d1e08d       0x4e tests/cemu/artifacts/native-obj/CNTAGION.o
 .text._U32     0x00d1e0db       0xd2 tests/cemu/artifacts/native-obj/CNTAGION.o
 .text._U16     0x00d1e1ad       0x55 tests/cemu/artifacts/native-obj/CNTAGION.o
 .text._U8      0x00d1e202       0x1a tests/cemu/artifacts/native-obj/CNTAGION.o
 .text._ValidateSave
                0x00d1e21c       0x1d tests/cemu/artifacts/native-obj/CNTAGION.o
                0x00d1e21c                _ValidateSave
 .text._ReadSave
                0x00d1e239      0x761 tests/cemu/artifacts/native-obj/CNTAGION.o
 .text._DecodeSave
                0x00d1e99a       0x40 tests/cemu/artifacts/native-obj/CNTAGION.o
                0x00d1e99a                _DecodeSave
 .text._RecountRegion
                0x00d1e9da       0xb9 tests/cemu/artifacts/native-obj/CNTAGION.o
                0x00d1e9da                _RecountRegion
 .text._CountWorld
                0x00d1ea93       0xb8 tests/cemu/artifacts/native-obj/CNTAGION.o
                0x00d1ea93                _CountWorld
 .text._SetCell
                0x00d1eb4b       0x97 tests/cemu/artifacts/native-obj/CNTAGION.o
                0x00d1eb4b                _SetCell
 .text._SeedRegion
                0x00d1ebe2       0xbc tests/cemu/artifacts/native-obj/CNTAGION.o
                0x00d1ebe2                _SeedRegion
 .text._SporeBurst
                0x00d1ec9e       0x9e tests/cemu/artifacts/native-obj/CNTAGION.o
                0x00d1ec9e                _SporeBurst
 .text._GameRandom
                0x00d1ed3c       0x31 tests/cemu/artifacts/native-obj/CNTAGION.o
                0x00d1ed3c                _GameRandom
 .text._ReadKey
                0x00d1ed6d       0xda tests/cemu/artifacts/native-obj/CNTAGION.o
                0x00d1ed6d                _ReadKey
 .text._ScannedKeyDown
                0x00d1ee47       0x2e tests/cemu/artifacts/native-obj/CNTAGION.o
 .text._ReleaseKeys
                0x00d1ee75       0x13 tests/cemu/artifacts/native-obj/CNTAGION.o
                0x00d1ee75                _ReleaseKeys
 .text._WaitKey
                0x00d1ee88        0xe tests/cemu/artifacts/native-obj/CNTAGION.o
                0x00d1ee88                _WaitKey
 .text._Text    0x00d1ee96       0x3e tests/cemu/artifacts/native-obj/CNTAGION.o
                0x00d1ee96                _Text
 .text._BeginScreen
                0x00d1eed4       0x6d tests/cemu/artifacts/native-obj/CNTAGION.o
                0x00d1eed4                _BeginScreen
 .text._WrapText
                0x00d1ef41      0x127 tests/cemu/artifacts/native-obj/CNTAGION.o
                0x00d1ef41                _WrapText
 .text._QueueNews
                0x00d1f068       0x50 tests/cemu/artifacts/native-obj/CNTAGION.o
                0x00d1f068                _QueueNews
 .text._ResetGameState
                0x00d1f0b8       0xfe tests/cemu/artifacts/native-obj/CNTAGION.o
                0x00d1f0b8                _ResetGameState
 .text._InitializeMap
                0x00d1f1b6       0x9b tests/cemu/artifacts/native-obj/CNTAGION.o
 .text._main    0x00d1f251      0x714 tests/cemu/artifacts/native-obj/CNTAGION.o
                0x00d1f251                _main
 .text._Check   0x00d1f965       0x66 tests/cemu/artifacts/native-obj/CNTAGION.o
 .text._RestoreCheck
                0x00d1f9cb       0xcc tests/cemu/artifacts/native-obj/CNTAGION.o
 .text._Corrupt
                0x00d1fa97       0x76 tests/cemu/artifacts/native-obj/CNTAGION.o
 .text._npf_vpprintf
                0x00d1fb0d     0x1775 tests/cemu/artifacts/native-obj/CNTAGION.o
                0x00d1fb0d                _npf_vpprintf
 .text._NPF_PUTC_IMPL
                0x00d21282       0x2d tests/cemu/artifacts/native-obj/CNTAGION.o
 .text._npf_utoa_rev
                0x00d212af       0xe6 tests/cemu/artifacts/native-obj/CNTAGION.o
 .text._vsnprintf
                0x00d21395       0x88 tests/cemu/artifacts/native-obj/CNTAGION.o
                0x00d21395                _vsnprintf
 .text._npf_bufputc
                0x00d2141d       0x25 tests/cemu/artifacts/native-obj/CNTAGION.o
 .text._npf_bufputc_nop
                0x00d21442        0x7 tests/cemu/artifacts/native-obj/CNTAGION.o
 .text._snprintf
                0x00d21449       0x28 tests/cemu/artifacts/native-obj/CNTAGION.o
                0x00d21449                _snprintf
 .text.__bctlz  0x00d21471       0x22 tests/cemu/artifacts/native-obj/CNTAGION.o
                0x00d21471                __bctlz
 .text.__sctlz  0x00d21493        0xc tests/cemu/artifacts/native-obj/CNTAGION.o
                0x00d21493                __sctlz
 .text.__ictlz  0x00d2149f       0x12 tests/cemu/artifacts/native-obj/CNTAGION.o
                0x00d2149f                __ictlz
 .text.__llctlz
                0x00d214b1        0xe tests/cemu/artifacts/native-obj/CNTAGION.o
                0x00d214b1                __llctlz
 .text.__i48ctlz
                0x00d214bf       0x15 tests/cemu/artifacts/native-obj/CNTAGION.o
                0x00d214bf                __i48ctlz
 .text._random  0x00d214d4       0x55 tests/cemu/artifacts/native-obj/CNTAGION.o
                0x00d214d4                _random
 *(.gnu.warning)

.rodata         0x00d2152a     0x1214
 *(.rodata .rodata.* .gnu.linkonce.r.*)
 .rodata._.str  0x00d2152a        0xd tests/cemu/artifacts/native-obj/CNTAGION.o
 .rodata._.str.1
                0x00d21537        0xa tests/cemu/artifacts/native-obj/CNTAGION.o
 .rodata._.str.2
                0x00d21541        0xb tests/cemu/artifacts/native-obj/CNTAGION.o
 .rodata._categories
                0x00d2154c        0x9 tests/cemu/artifacts/native-obj/CNTAGION.o
 .rodata._.str.4
                0x00d21555       0x1e tests/cemu/artifacts/native-obj/CNTAGION.o
 .rodata._branch_labels
                0x00d21573       0x3f tests/cemu/artifacts/native-obj/CNTAGION.o
 .rodata._.str.1.5
                0x00d215b2        0x8 tests/cemu/artifacts/native-obj/CNTAGION.o
 .rodata._.str.2.6
                0x00d215ba        0xb tests/cemu/artifacts/native-obj/CNTAGION.o
 .rodata._.str.3.7
                0x00d215c5        0x7 tests/cemu/artifacts/native-obj/CNTAGION.o
 .rodata._.str.4.8
                0x00d215cc       0x29 tests/cemu/artifacts/native-obj/CNTAGION.o
 .rodata._.str.5
                0x00d215f5       0x1e tests/cemu/artifacts/native-obj/CNTAGION.o
 .rodata._.str.6
                0x00d21613       0x25 tests/cemu/artifacts/native-obj/CNTAGION.o
 .rodata._.str.7
                0x00d21638       0x14 tests/cemu/artifacts/native-obj/CNTAGION.o
 .rodata._first_node
                0x00d2164c        0x3 tests/cemu/artifacts/native-obj/CNTAGION.o
 .rodata._environments
                0x00d2164f       0x31 tests/cemu/artifacts/native-obj/CNTAGION.o
                0x00d2164f                _environments
 .rodata._.str.19
                0x00d21680       0x14 tests/cemu/artifacts/native-obj/CNTAGION.o
 .rodata._.str.20
                0x00d21694       0x19 tests/cemu/artifacts/native-obj/CNTAGION.o
 .rodata._.str.21
                0x00d216ad       0x1e tests/cemu/artifacts/native-obj/CNTAGION.o
 .rodata._.str.22
                0x00d216cb       0x26 tests/cemu/artifacts/native-obj/CNTAGION.o
 .rodata._.str.23
                0x00d216f1       0x12 tests/cemu/artifacts/native-obj/CNTAGION.o
 .rodata._.str.24
                0x00d21703       0x21 tests/cemu/artifacts/native-obj/CNTAGION.o
 .rodata._.str.25
                0x00d21724       0x14 tests/cemu/artifacts/native-obj/CNTAGION.o
 .rodata._.str.26
                0x00d21738       0x21 tests/cemu/artifacts/native-obj/CNTAGION.o
 .rodata._.str.27
                0x00d21759       0x19 tests/cemu/artifacts/native-obj/CNTAGION.o
 .rodata._.str.28
                0x00d21772       0x26 tests/cemu/artifacts/native-obj/CNTAGION.o
 .rodata._.str.29
                0x00d21798       0x14 tests/cemu/artifacts/native-obj/CNTAGION.o
 .rodata._.str.30
                0x00d217ac        0xf tests/cemu/artifacts/native-obj/CNTAGION.o
 .rodata._.str.31
                0x00d217bb        0x8 tests/cemu/artifacts/native-obj/CNTAGION.o
 .rodata._.str.32
                0x00d217c3       0x1c tests/cemu/artifacts/native-obj/CNTAGION.o
 .rodata._.str.33
                0x00d217df       0x25 tests/cemu/artifacts/native-obj/CNTAGION.o
 .rodata._.str.34
                0x00d21804       0x24 tests/cemu/artifacts/native-obj/CNTAGION.o
 .rodata._.str.35
                0x00d21828       0x1d tests/cemu/artifacts/native-obj/CNTAGION.o
 .rodata._.str.36
                0x00d21845       0x1d tests/cemu/artifacts/native-obj/CNTAGION.o
 .rodata._.str.37
                0x00d21862       0x3c tests/cemu/artifacts/native-obj/CNTAGION.o
 .rodata._.str.38
                0x00d2189e       0x19 tests/cemu/artifacts/native-obj/CNTAGION.o
 .rodata._.str.39
                0x00d218b7        0xd tests/cemu/artifacts/native-obj/CNTAGION.o
 .rodata._.str.40
                0x00d218c4        0x9 tests/cemu/artifacts/native-obj/CNTAGION.o
 .rodata._.str.41
                0x00d218cd        0xa tests/cemu/artifacts/native-obj/CNTAGION.o
 .rodata._.str.42
                0x00d218d7        0x4 tests/cemu/artifacts/native-obj/CNTAGION.o
 .rodata._.str.43
                0x00d218db        0x6 tests/cemu/artifacts/native-obj/CNTAGION.o
 .rodata._.str.44
                0x00d218e1        0x5 tests/cemu/artifacts/native-obj/CNTAGION.o
 .rodata._.str.45
                0x00d218e6        0x4 tests/cemu/artifacts/native-obj/CNTAGION.o
 .rodata._.str.46
                0x00d218ea        0x7 tests/cemu/artifacts/native-obj/CNTAGION.o
 .rodata._.str.47
                0x00d218f1        0x5 tests/cemu/artifacts/native-obj/CNTAGION.o
 .rodata._.str.48
                0x00d218f6        0x6 tests/cemu/artifacts/native-obj/CNTAGION.o
 .rodata._.str.49
                0x00d218fc        0xc tests/cemu/artifacts/native-obj/CNTAGION.o
 .rodata._.str.50
                0x00d21908        0xa tests/cemu/artifacts/native-obj/CNTAGION.o
 .rodata._.str.51
                0x00d21912        0x9 tests/cemu/artifacts/native-obj/CNTAGION.o
 .rodata._.str.52
                0x00d2191b        0x5 tests/cemu/artifacts/native-obj/CNTAGION.o
 .rodata._.str.53
                0x00d21920        0x5 tests/cemu/artifacts/native-obj/CNTAGION.o
 .rodata._.str.54
                0x00d21925        0x8 tests/cemu/artifacts/native-obj/CNTAGION.o
 .rodata._.str.55
                0x00d2192d        0x7 tests/cemu/artifacts/native-obj/CNTAGION.o
 .rodata._.str.56
                0x00d21934        0x8 tests/cemu/artifacts/native-obj/CNTAGION.o
 .rodata._.str.57
                0x00d2193c       0x12 tests/cemu/artifacts/native-obj/CNTAGION.o
 .rodata._.str.58
                0x00d2194e       0x1c tests/cemu/artifacts/native-obj/CNTAGION.o
 .rodata._.str.59
                0x00d2196a        0xa tests/cemu/artifacts/native-obj/CNTAGION.o
 .rodata._.str.60
                0x00d21974        0x5 tests/cemu/artifacts/native-obj/CNTAGION.o
 .rodata._.str.61
                0x00d21979       0x24 tests/cemu/artifacts/native-obj/CNTAGION.o
 .rodata._.str.62
                0x00d2199d       0x11 tests/cemu/artifacts/native-obj/CNTAGION.o
 .rodata._.str.63
                0x00d219ae       0x12 tests/cemu/artifacts/native-obj/CNTAGION.o
 .rodata._.str.64
                0x00d219c0       0x15 tests/cemu/artifacts/native-obj/CNTAGION.o
 .rodata._.str.65
                0x00d219d5       0x1a tests/cemu/artifacts/native-obj/CNTAGION.o
 *fill*         0x00d219ef        0x1 
 .rodata._reshuffle_reductions
                0x00d219f0        0x4 tests/cemu/artifacts/native-obj/CNTAGION.o
                0x00d219f0                _reshuffle_reductions
 .rodata._.str.66
                0x00d219f4       0x21 tests/cemu/artifacts/native-obj/CNTAGION.o
 .rodata._.str.67
                0x00d21a15       0x19 tests/cemu/artifacts/native-obj/CNTAGION.o
 .rodata._.str.68
                0x00d21a2e       0x1e tests/cemu/artifacts/native-obj/CNTAGION.o
 .rodata._.str.69
                0x00d21a4c       0x20 tests/cemu/artifacts/native-obj/CNTAGION.o
 .rodata._.str.70
                0x00d21a6c       0x21 tests/cemu/artifacts/native-obj/CNTAGION.o
 .rodata._.str.71
                0x00d21a8d       0x20 tests/cemu/artifacts/native-obj/CNTAGION.o
 .rodata._.str.72
                0x00d21aad       0x26 tests/cemu/artifacts/native-obj/CNTAGION.o
 .rodata._.str.73
                0x00d21ad3        0xb tests/cemu/artifacts/native-obj/CNTAGION.o
 .rodata._.str.74
                0x00d21ade       0x24 tests/cemu/artifacts/native-obj/CNTAGION.o
 .rodata._.str.75
                0x00d21b02       0x1d tests/cemu/artifacts/native-obj/CNTAGION.o
 .rodata._.str.76
                0x00d21b1f       0x21 tests/cemu/artifacts/native-obj/CNTAGION.o
 .rodata._.str.84
                0x00d21b40        0x5 tests/cemu/artifacts/native-obj/CNTAGION.o
 .rodata._.str.92
                0x00d21b45        0x1 tests/cemu/artifacts/native-obj/CNTAGION.o
 .rodata._.str.101
                0x00d21b46        0x6 tests/cemu/artifacts/native-obj/CNTAGION.o
 .rodata._.str.1.102
                0x00d21b4c       0x2f tests/cemu/artifacts/native-obj/CNTAGION.o
 .rodata._.str.2.103
                0x00d21b7b        0x7 tests/cemu/artifacts/native-obj/CNTAGION.o
 .rodata._.str.3.104
                0x00d21b82        0x8 tests/cemu/artifacts/native-obj/CNTAGION.o
 .rodata._.str.4.105
                0x00d21b8a       0x31 tests/cemu/artifacts/native-obj/CNTAGION.o
 .rodata._.str.5.106
                0x00d21bbb        0x9 tests/cemu/artifacts/native-obj/CNTAGION.o
 .rodata._.str.6.107
                0x00d21bc4        0xc tests/cemu/artifacts/native-obj/CNTAGION.o
 .rodata._.str.7.108
                0x00d21bd0       0x1f tests/cemu/artifacts/native-obj/CNTAGION.o
 .rodata._.str.8.109
                0x00d21bef        0xd tests/cemu/artifacts/native-obj/CNTAGION.o
 .rodata._.str.9.110
                0x00d21bfc        0xa tests/cemu/artifacts/native-obj/CNTAGION.o
 .rodata._.str.10.111
                0x00d21c06       0x1f tests/cemu/artifacts/native-obj/CNTAGION.o
 .rodata._.str.11.112
                0x00d21c25        0xb tests/cemu/artifacts/native-obj/CNTAGION.o
 .rodata._.str.12.113
                0x00d21c30        0xa tests/cemu/artifacts/native-obj/CNTAGION.o
 .rodata._.str.13.114
                0x00d21c3a       0x1e tests/cemu/artifacts/native-obj/CNTAGION.o
 .rodata._.str.14.115
                0x00d21c58        0xb tests/cemu/artifacts/native-obj/CNTAGION.o
 .rodata._.str.15.116
                0x00d21c63        0x8 tests/cemu/artifacts/native-obj/CNTAGION.o
 .rodata._.str.16.117
                0x00d21c6b       0x2a tests/cemu/artifacts/native-obj/CNTAGION.o
 .rodata._.str.17.118
                0x00d21c95        0x9 tests/cemu/artifacts/native-obj/CNTAGION.o
 .rodata._.str.18.119
                0x00d21c9e        0x8 tests/cemu/artifacts/native-obj/CNTAGION.o
 .rodata._.str.19.120
                0x00d21ca6       0x29 tests/cemu/artifacts/native-obj/CNTAGION.o
 .rodata._.str.20.121
                0x00d21ccf        0x9 tests/cemu/artifacts/native-obj/CNTAGION.o
 .rodata._.str.21.122
                0x00d21cd8       0x14 tests/cemu/artifacts/native-obj/CNTAGION.o
 .rodata._.str.22.123
                0x00d21cec       0x1f tests/cemu/artifacts/native-obj/CNTAGION.o
 .rodata._.str.23.124
                0x00d21d0b       0x12 tests/cemu/artifacts/native-obj/CNTAGION.o
 .rodata._.str.24.125
                0x00d21d1d       0x2e tests/cemu/artifacts/native-obj/CNTAGION.o
 .rodata._.str.25.126
                0x00d21d4b       0x12 tests/cemu/artifacts/native-obj/CNTAGION.o
 .rodata._.str.26.127
                0x00d21d5d       0x23 tests/cemu/artifacts/native-obj/CNTAGION.o
 .rodata._.str.27.128
                0x00d21d80        0x6 tests/cemu/artifacts/native-obj/CNTAGION.o
 .rodata._.str.28.129
                0x00d21d86       0x24 tests/cemu/artifacts/native-obj/CNTAGION.o
 .rodata._.str.29.130
                0x00d21daa        0x9 tests/cemu/artifacts/native-obj/CNTAGION.o
 .rodata._.str.30.131
                0x00d21db3       0x24 tests/cemu/artifacts/native-obj/CNTAGION.o
 .rodata._.str.31.132
                0x00d21dd7        0xa tests/cemu/artifacts/native-obj/CNTAGION.o
 .rodata._.str.32.133
                0x00d21de1       0x20 tests/cemu/artifacts/native-obj/CNTAGION.o
 .rodata._.str.33.134
                0x00d21e01       0x14 tests/cemu/artifacts/native-obj/CNTAGION.o
 .rodata._.str.34.135
                0x00d21e15       0x27 tests/cemu/artifacts/native-obj/CNTAGION.o
 .rodata._.str.35.136
                0x00d21e3c        0x7 tests/cemu/artifacts/native-obj/CNTAGION.o
 .rodata._.str.36.137
                0x00d21e43        0x9 tests/cemu/artifacts/native-obj/CNTAGION.o
 .rodata._.str.37.138
                0x00d21e4c        0x9 tests/cemu/artifacts/native-obj/CNTAGION.o
 .rodata._.str.38.139
                0x00d21e55       0x12 tests/cemu/artifacts/native-obj/CNTAGION.o
 .rodata._.str.39.140
                0x00d21e67        0x5 tests/cemu/artifacts/native-obj/CNTAGION.o
 .rodata._.str.40.141
                0x00d21e6c        0x6 tests/cemu/artifacts/native-obj/CNTAGION.o
 .rodata._.str.41.142
                0x00d21e72       0x13 tests/cemu/artifacts/native-obj/CNTAGION.o
 .rodata._.str.42.143
                0x00d21e85        0xe tests/cemu/artifacts/native-obj/CNTAGION.o
 .rodata._.str.43.144
                0x00d21e93       0x12 tests/cemu/artifacts/native-obj/CNTAGION.o
 .rodata._.str.44.145
                0x00d21ea5       0x1c tests/cemu/artifacts/native-obj/CNTAGION.o
 .rodata._.str.45.146
                0x00d21ec1       0x13 tests/cemu/artifacts/native-obj/CNTAGION.o
 .rodata._.str.46.147
                0x00d21ed4       0x24 tests/cemu/artifacts/native-obj/CNTAGION.o
 .rodata._.str.47.148
                0x00d21ef8       0x12 tests/cemu/artifacts/native-obj/CNTAGION.o
 .rodata._.str.48.149
                0x00d21f0a       0x1c tests/cemu/artifacts/native-obj/CNTAGION.o
 .rodata._.str.49.150
                0x00d21f26       0x13 tests/cemu/artifacts/native-obj/CNTAGION.o
 .rodata._.str.50.151
                0x00d21f39       0x24 tests/cemu/artifacts/native-obj/CNTAGION.o
 .rodata._.str.51.152
                0x00d21f5d       0x15 tests/cemu/artifacts/native-obj/CNTAGION.o
 .rodata._.str.52.153
                0x00d21f72       0x22 tests/cemu/artifacts/native-obj/CNTAGION.o
 .rodata._.str.53.154
                0x00d21f94       0x16 tests/cemu/artifacts/native-obj/CNTAGION.o
 .rodata._.str.54.155
                0x00d21faa       0x2a tests/cemu/artifacts/native-obj/CNTAGION.o
 .rodata._.str.55.156
                0x00d21fd4       0x14 tests/cemu/artifacts/native-obj/CNTAGION.o
 .rodata._.str.56.157
                0x00d21fe8       0x1d tests/cemu/artifacts/native-obj/CNTAGION.o
 .rodata._.str.57.158
                0x00d22005       0x15 tests/cemu/artifacts/native-obj/CNTAGION.o
 .rodata._.str.58.159
                0x00d2201a       0x1e tests/cemu/artifacts/native-obj/CNTAGION.o
 .rodata._.str.59.160
                0x00d22038       0x14 tests/cemu/artifacts/native-obj/CNTAGION.o
 .rodata._.str.60.161
                0x00d2204c       0x28 tests/cemu/artifacts/native-obj/CNTAGION.o
 .rodata._.str.61.162
                0x00d22074       0x15 tests/cemu/artifacts/native-obj/CNTAGION.o
 .rodata._.str.62.163
                0x00d22089       0x28 tests/cemu/artifacts/native-obj/CNTAGION.o
 .rodata._spore_costs
                0x00d220b1        0x3 tests/cemu/artifacts/native-obj/CNTAGION.o
                0x00d220b1                _spore_costs
 .rodata._.str.1.195
                0x00d220b4        0x3 tests/cemu/artifacts/native-obj/CNTAGION.o
 .rodata._port_definitions
                0x00d220b7       0x84 tests/cemu/artifacts/native-obj/CNTAGION.o
                0x00d220b7                _port_definitions
 .rodata._.str.14.248
                0x00d2213b        0x7 tests/cemu/artifacts/native-obj/CNTAGION.o
 .rodata._.str.15.249
                0x00d22142        0x2 tests/cemu/artifacts/native-obj/CNTAGION.o
 .rodata._.str.16.250
                0x00d22144        0x8 tests/cemu/artifacts/native-obj/CNTAGION.o
 .rodata._.str.17.251
                0x00d2214c        0x8 tests/cemu/artifacts/native-obj/CNTAGION.o
 .rodata._.str.18.252
                0x00d22154        0x2 tests/cemu/artifacts/native-obj/CNTAGION.o
 .rodata._.str.19.253
                0x00d22156       0x19 tests/cemu/artifacts/native-obj/CNTAGION.o
 .rodata._.str.20.254
                0x00d2216f       0x21 tests/cemu/artifacts/native-obj/CNTAGION.o
 .rodata._.str.21.255
                0x00d22190       0x21 tests/cemu/artifacts/native-obj/CNTAGION.o
 .rodata._.str.22.256
                0x00d221b1       0x22 tests/cemu/artifacts/native-obj/CNTAGION.o
 .rodata._.str.23.257
                0x00d221d3       0x17 tests/cemu/artifacts/native-obj/CNTAGION.o
 .rodata._.str.24.258
                0x00d221ea       0x19 tests/cemu/artifacts/native-obj/CNTAGION.o
 .rodata._.str.25.259
                0x00d22203       0x17 tests/cemu/artifacts/native-obj/CNTAGION.o
 .rodata._InitializeMap.names
                0x00d2221a       0x15 tests/cemu/artifacts/native-obj/CNTAGION.o
 .rodata._.str.26.241
                0x00d2222f        0x7 tests/cemu/artifacts/native-obj/CNTAGION.o
 .rodata._.str.27.242
                0x00d22236        0x5 tests/cemu/artifacts/native-obj/CNTAGION.o
 .rodata._.str.28.243
                0x00d2223b        0x7 tests/cemu/artifacts/native-obj/CNTAGION.o
 .rodata._.str.29.244
                0x00d22242        0xa tests/cemu/artifacts/native-obj/CNTAGION.o
 .rodata._.str.30.245
                0x00d2224c        0xe tests/cemu/artifacts/native-obj/CNTAGION.o
 .rodata._.str.31.246
                0x00d2225a        0xe tests/cemu/artifacts/native-obj/CNTAGION.o
 .rodata._.str.32.247
                0x00d22268        0x8 tests/cemu/artifacts/native-obj/CNTAGION.o
 .rodata._InitializeMap.x
                0x00d22270        0x7 tests/cemu/artifacts/native-obj/CNTAGION.o
 .rodata._InitializeMap.y
                0x00d22277        0x7 tests/cemu/artifacts/native-obj/CNTAGION.o
 .rodata._map_sprites
                0x00d2227e       0x15 tests/cemu/artifacts/native-obj/CNTAGION.o
 .rodata._disease_names
                0x00d22293        0x9 tests/cemu/artifacts/native-obj/CNTAGION.o
                0x00d22293                _disease_names
 .rodata._.str.45.235
                0x00d2229c        0x9 tests/cemu/artifacts/native-obj/CNTAGION.o
 *fill*         0x00d222a5        0x1 
 .rodata._traits
                0x00d222a6      0x35a tests/cemu/artifacts/native-obj/CNTAGION.o
                0x00d222a6                _traits
 .rodata._.str.64.260
                0x00d22600       0x1a tests/cemu/artifacts/native-obj/CNTAGION.o
 .rodata._npf_vpprintf
                0x00d2261a      0x102 tests/cemu/artifacts/native-obj/CNTAGION.o
 .rodata.libload
                0x00d2271c       0x22 tests/cemu/artifacts/native-obj/crt0.o

.init_array     0x00d2273e        0x0
                [!provide]                        PROVIDE (__init_array_start = .)
 *(.preinit_array)
 *(SORT_BY_INIT_PRIORITY(.init_array.*))
 *(.init_array)
                [!provide]                        PROVIDE (__init_array_end = .)

.fini_array     0x00d2273e        0x0
                [!provide]                        PROVIDE (__fini_array_start = .)
 *(SORT_BY_INIT_PRIORITY(.fini_array.*))
 *(.fini_array)
                [!provide]                        PROVIDE (__fini_array_end = .)
                0x00d2273e                        ___data_low = .

.data           0x00d2273e     0x2a5b
 *(.data .data.* .gnu.linkonce.d.*)
 .data          0x00d2273e       0x10 tests/cemu/artifacts/native-obj/CNTAGION.o
 .data._africa_data
                0x00d2274e      0x75a tests/cemu/artifacts/native-obj/CNTAGION.o
                0x00d2274e                _africa_data
 .data._asia_data
                0x00d22ea8      0xdf9 tests/cemu/artifacts/native-obj/CNTAGION.o
                0x00d22ea8                _asia_data
 .data._europe_data
                0x00d23ca1      0x302 tests/cemu/artifacts/native-obj/CNTAGION.o
                0x00d23ca1                _europe_data
 .data._greenland_data
                0x00d23fa3      0x152 tests/cemu/artifacts/native-obj/CNTAGION.o
                0x00d23fa3                _greenland_data
 .data._northamerica_data
                0x00d240f5      0x7b2 tests/cemu/artifacts/native-obj/CNTAGION.o
                0x00d240f5                _northamerica_data
 .data._southamerica_data
                0x00d248a7      0x4d2 tests/cemu/artifacts/native-obj/CNTAGION.o
                0x00d248a7                _southamerica_data
 .data._oceania_data
                0x00d24d79      0x420 tests/cemu/artifacts/native-obj/CNTAGION.o
                0x00d24d79                _oceania_data
 *(.data1)
                0x00d25199                        ___runprgm_reloc_start = .
 *(.runprgm.reloc)
                0x00d25199                        ___runprgm_reloc_end = .
                0x00d25199                        ___data_high = .
                0x00002a5b                        ___data_len = (___data_high - ___data_low)
                0x00d052c6                        . = BSSHEAP_LOW
                0x00d052c6                        ___bss_low = .

.bss            0x00d052c6      0x32b
 *(.dynbss)
 *(.bss .bss.* .gnu.linkonce.b.*)
 .bss._canpress
                0x00d052c6        0x1 tests/cemu/artifacts/native-obj/CNTAGION.o
 .bss._news_count
                0x00d052c7        0x1 tests/cemu/artifacts/native-obj/CNTAGION.o
 .bss._news     0x00d052c8      0x180 tests/cemu/artifacts/native-obj/CNTAGION.o
 .bss._news_head
                0x00d05448        0x1 tests/cemu/artifacts/native-obj/CNTAGION.o
 *fill*         0x00d05449        0x1 
 .bss._region   0x00d0544a       0x70 tests/cemu/artifacts/native-obj/CNTAGION.o
                0x00d0544a                _region
 .bss._disease  0x00d054ba       0x3a tests/cemu/artifacts/native-obj/CNTAGION.o
                0x00d054ba                _disease
 .bss._session  0x00d054f4        0x9 tests/cemu/artifacts/native-obj/CNTAGION.o
                0x00d054f4                _session
 .bss._port     0x00d054fd       0x84 tests/cemu/artifacts/native-obj/CNTAGION.o
                0x00d054fd                _port
 *fill*         0x00d05581        0x1 
 .bss._effects  0x00d05582       0x1c tests/cemu/artifacts/native-obj/CNTAGION.o
                0x00d05582                _effects
 .bss._connection
                0x00d0559e        0x1 tests/cemu/artifacts/native-obj/CNTAGION.o
 .bss._destination_port
                0x00d0559f        0x1 tests/cemu/artifacts/native-obj/CNTAGION.o
 .bss._source_port
                0x00d055a0        0x1 tests/cemu/artifacts/native-obj/CNTAGION.o
 .bss._news_age
                0x00d055a1        0x1 tests/cemu/artifacts/native-obj/CNTAGION.o
 .bss._expected
                0x00d055a2       0x3a tests/cemu/artifacts/native-obj/CNTAGION.o
 .bss._expected_session
                0x00d055dc        0x9 tests/cemu/artifacts/native-obj/CNTAGION.o
 *fill*         0x00d055e5        0x1 
 .bss._native_check
                0x00d055e6        0x2 tests/cemu/artifacts/native-obj/CNTAGION.o
                0x00d055e6                _native_check
 .bss._pc_cnt.0
                0x00d055e8        0x3 tests/cemu/artifacts/native-obj/CNTAGION.o
 .bss._pc_cnt.1
                0x00d055eb        0x3 tests/cemu/artifacts/native-obj/CNTAGION.o
 .bss._pc_cnt.2
                0x00d055ee        0x3 tests/cemu/artifacts/native-obj/CNTAGION.o
 *(COMMON)
                0x00d055f1                        ___bss_high = .
                0x0000032b                        ___bss_len = (___bss_high - ___bss_low)
                0x00000001                        ASSERT ((. <= BSSHEAP_HIGH), Error: BSS exceed BSSHEAP_HIGH limit)
                0x00d055f1                        ___heap_low = .
                0x00d13fd8                        . = BSSHEAP_HIGH
                0x00d13fd8                        ___heap_high = .

.runprgm
 *(.runprgm.reloc)

.debug_info
 *(.debug_info .debug_info.*)

.debug_abbrev
 *(.debug_abbrev .debug_abbrev.*)

.debug_line
 *(.debug_line .debug_line.*)

.debug_line_str
 *(.debug_line_str .debug_line_str.*)

.debug_str
 *(.debug_str .debug_str.*)

.debug_str_offsets
 *(.debug_str_offsets .debug_str_offsets.*)

.debug_addr
 *(.debug_addr .debug_addr.*)

.debug_aranges
 *(.debug_aranges .debug_aranges.*)

.debug_ranges
 *(.debug_ranges .debug_ranges.*)

.debug_rnglists
 *(.debug_rnglists .debug_rnglists.*)

.debug_loc
 *(.debug_loc .debug_loc.*)

.debug_loclists
 *(.debug_loclists .debug_loclists.*)

.debug_frame
 *(.debug_frame .debug_frame.*)

.debug_macro
 *(.debug_macro .debug_macro.*)

.debug_macinfo
 *(.debug_macinfo .debug_macinfo.*)

.debug_names
 *(.debug_names .debug_names.*)

.debug_pubnames
 *(.debug_pubnames .debug_pubnames.*)

.debug_pubtypes
 *(.debug_pubtypes .debug_pubtypes.*)

.debug_types
 *(.debug_types .debug_types.*)

.debug_sup
 *(.debug_sup .debug_sup.*)

.debug_cu_index
 *(.debug_cu_index .debug_cu_index.*)

.debug_tu_index
 *(.debug_tu_index .debug_tu_index.*)

.gdb_index
 *(.gdb_index)

.debug_gdb_scripts
 *(.debug_gdb_scripts)

.debug_abbrev.dwo
 *(.debug_abbrev.dwo .debug_abbrev.dwo.*)

.debug_info.dwo
 *(.debug_info.dwo .debug_info.dwo.*)

.debug_line.dwo
 *(.debug_line.dwo .debug_line.dwo.*)

.debug_loclists.dwo
 *(.debug_loclists.dwo .debug_loclists.dwo.*)

.debug_macro.dwo
 *(.debug_macro.dwo .debug_macro.dwo.*)

.debug_rnglists.dwo
 *(.debug_rnglists.dwo .debug_rnglists.dwo.*)

.debug_str.dwo
 *(.debug_str.dwo .debug_str.dwo.*)

.debug_str_offsets.dwo
 *(.debug_str_offsets.dwo .debug_str_offsets.dwo.*)

.eh_frame
 *(.eh_frame)

.eh_frame_hdr
 *(.eh_frame_hdr)

/DISCARD/
 *(.comment)
 *(.note*)
                [!provide]                        PROVIDE (___runprgm_reloc_len = (___runprgm_reloc_end - ___runprgm_reloc_start))
LOAD tests/cemu/artifacts/native-obj/CNTAGION.o
LOAD tests/cemu/artifacts/native-obj/crt0.o
START GROUP
LOAD /tmp/contagion-cedev-mount/CEdev/lib/libc/allocator_standard.a
LOAD /tmp/contagion-cedev-mount/CEdev/lib/crt/libcrt.a
LOAD /tmp/contagion-cedev-mount/CEdev/lib/ce/libce.a
LOAD /tmp/contagion-cedev-mount/CEdev/lib/softfloat/libsoftfloat.a
LOAD /tmp/contagion-cedev-mount/CEdev/lib/libc/libc_os.a
LOAD /tmp/contagion-cedev-mount/CEdev/lib/libcxx/libcxx.a
END GROUP
OUTPUT(tests/cemu/artifacts/native-bin/CNTAGION.obj elf32-z80)
